    Blocking waiting for file lock on build directory
    Finished `test` profile [optimized + debuginfo] target(s) in 1.60s
     Running unittests src/lib.rs (target/debug/deps/mechanic_physics-ced37d44e4e3378f)

running 183 tests
test free_motion::tests::rejected_commands_and_failed_numerics_preserve_the_last_snapshot ... ok
test free_motion::tests::authored_drive_and_loop_constraints_cannot_be_silently_ignored ... ok
test free_motion::tests::impulse_at_a_child_accelerates_the_whole_machine_with_correct_total_momentum ... ok
test free_motion::tests::off_centre_impulse_changes_momentum_once_independent_of_substeps ... ok
test joint_machine::impact::tests::failed_instantaneous_solve_preserves_all_physical_state ... ok
test joint_machine::impact::tests::impact_applies_restitution_once_without_moving_or_biasing_penetration ... ok
test free_motion::tests::free_fall_matches_ballistic_motion_at_the_external_clock ... ok
test joint_machine::impact::tests::contact_impulse_respects_an_active_joint_stop_and_back_drives_the_root ... ok
test joint_machine::tests::a_joint_limit_activates_at_arrival_and_then_advances_with_coupled_velocity ... ok
test joint_machine::tests::failed_tick_and_drive_change_are_rolled_back_then_can_be_retried ... ok
test joint_machine::tests::hard_stop_reacts_against_a_stalled_drive_without_consuming_its_budget ... ok
test joint_machine::tests::implicit_spring_and_asymmetric_damping_match_the_scalar_midpoint_solution ... ok
test free_motion::tests::anchored_tree_keeps_its_root_fixed_while_joint_motion_evolves ... ok
test joint_machine::tests::motor_budget_accelerates_rotor_and_back_drives_the_floating_mount ... ok
test free_motion::tests::principal_axis_spin_matches_the_analytic_orientation ... ok
test joint_machine::tests::progressive_rubber_and_damping_satisfy_the_actual_midpoint_force_equation ... ok
test joint_machine::tests::nonlinear_retry_restarts_the_same_tick_without_duplicating_impulses ... ok
test joint_machine::tests::speed_torque_curve_fades_acceleration_but_keeps_braking_effort ... ok
test joint_machine::tests::coupled_surface_substeps_hold_static_load_and_apply_kinetic_deceleration ... ok
test free_motion::tests::repeated_fixed_input_ticks_have_identical_completed_hashes ... ok
test joint_machine::tests::terrain_ticks::body_contacts::a_sliding_box_pushes_a_floating_box_without_passing_through_it ... ok
test joint_machine::tests::loaded_spring_reaches_the_authored_equilibrium_with_preload ... ok
test joint_machine::tests::terrain_ticks::body_contacts::boxes_stacked_a_hair_apart_keep_ticking_while_they_glide_together ... ok
test joint_machine::tests::terrain_ticks::changed_supporting_terrain_or_wrong_topology_cannot_publish_an_invalid_tick ... ok
test joint_machine::tests::terrain_ticks::contact_semantics::a_box_that_returns_within_one_tick_stops_on_the_surface ... ok
test free_motion::tests::asymmetric_free_rotation_converges_to_conserved_angular_momentum_and_energy ... ok
test free_motion::tests::floating_tree_conserves_momentum_and_keeps_exact_joint_anchors_and_axes ... ok
test joint_machine::tests::terrain_ticks::contact_semantics::a_separating_box_leaves_without_a_contact_impulse ... ok
test joint_machine::tests::terrain_ticks::contact_semantics::a_settled_box_is_at_rest_in_velocity_when_every_arrival_is_resolved ... ok
test joint_machine::tests::terrain_ticks::contact_semantics::a_settled_box_stays_within_the_activation_window ... ok
test joint_machine::tests::terrain_ticks::contact_semantics::an_impact_above_the_threshold_rebounds_at_the_material_restitution ... ok
test joint_machine::tests::refreshed_terrain_manifolds_hold_a_free_body_without_velocity_or_pose_drift ... ok
test joint_machine::tests::terrain_ticks::failed_terrain_path_retries_match_direct_quality_and_consume_impulse_once ... ok
test joint_machine::tests::terrain_ticks::final_terrain_failure_retains_completed_state_and_does_not_consume_a_command ... ok
test joint_machine::tests::terrain_ticks::first_impacts::a_fast_drop_through_a_finite_hole_does_not_activate_a_ghost_surface ... ok
test joint_machine::tests::terrain_ticks::contact_semantics::a_long_multi_collider_body_settles_on_a_redundant_manifold ... ok
test joint_machine::tests::terrain_ticks::first_impacts::an_initial_touching_impact_bounces_once_then_advances_with_outgoing_velocity ... ok
test joint_machine::tests::terrain_ticks::first_impacts::a_rotating_cube_reaches_a_real_finite_edge_before_applying_impact ... ok
test joint_machine::tests::terrain_ticks::contact_semantics::an_impact_below_the_threshold_stops_dead_for_every_substep_policy ... ok
test joint_machine::tests::terrain_ticks::first_impacts::existing_floor_support_does_not_hide_a_new_finite_wall_impact ... ok
test joint_machine::tests::terrain_ticks::first_impacts::cold_fast_impact_matches_analytic_bounce_and_uses_the_remaining_tick ... ok
test joint_machine::tests::nonlinear_midpoint_rotation_converges_to_the_rk4_free_motion_reference ... ok
test joint_machine::tests::terrain_ticks::first_impacts::gravity_is_reintegrated_at_the_impact_time_before_restitution ... ok
test joint_machine::tests::terrain_ticks::first_impacts::shallow_first_impact_activates_even_when_its_depth_envelope_would_pass ... ok
test joint_machine::tests::terrain_ticks::recovery::split_recovery_changes_positions_without_time_velocity_or_physical_impulses ... ok
test joint_machine::tests::terrain_ticks::recovery::split_recovery_does_not_extend_finite_terrain_into_empty_space ... ok
test joint_machine::tests::terrain_ticks::recovery::split_recovery_rejects_excessive_penetration_before_mutating_state ... ok
test joint_machine::tests::terrain_ticks::rolling_edge::a_rotating_released_edge_does_not_report_a_frozen_row_reversal ... ok
test joint_machine::tests::terrain_ticks::first_impacts::released_support_can_return_and_impact_the_same_triangle_within_one_tick ... ok
test joint_machine::tests::terrain_ticks::rolling_edge::rotating_edge_support_force_converges_to_constrained_rigid_body_equation ... ok
test joint_machine::tests::terrain_ticks::rolling_edge::rotating_support_uses_the_normal_velocity_at_its_reconstructed_end_pose ... ok
test joint_machine::tests::terrain_ticks::saved_car::a_wheel_built_flush_against_its_mount_does_not_collide_with_it ... ok
test joint_machine::tests::terrain_ticks::contact_semantics::a_sprung_wheel_settles_on_the_floor_at_its_spring_equilibrium ... ok
test joint_machine::tests::terrain_ticks::saved_car::activation_preserves_existing_authored_car_support_manifolds ... ok
test joint_machine::tests::terrain_ticks::first_impacts::separating_support_releases_before_gravity_reverses_its_velocity ... ok
test joint_machine::tests::terrain_ticks::saved_car::saved_car_linear_suspension_paths_are_exact_affine_translations ... ok
test joint_machine::tests::terrain_ticks::saved_car::car_recovery_clears_a_sunk_car_by_requerying_geometry_as_it_moves ... ok
test joint_machine::tests::terrain_ticks::split_joint_recovery_checks_terrain_and_restores_physical_velocity_on_failure ... ok
test joint_machine::tests::terrain_support_and_suspension_share_the_implicit_force_response ... ok
test joint_machine::tests::terrain_ticks::terrain_failure_does_not_commit_a_drive_change ... ok
test joint_machine::tests::timed_travel_stop_preserves_floating_machine_momentum_without_rebound ... ok
test joint_machine::tests::terrain_ticks::first_impacts::first_impact_on_an_interior_terrain_triangle_survives_manifold_reduction ... ok
test joint_machine::tests::unlimited_drive_remains_unbounded_and_can_be_disabled_at_no_load ... ok
test joint_machine::tests::whole_tick_impulses_are_not_reapplied_at_each_substep ... ok
test joint_machine::tests::undamped_spring_oscillation_converges_without_artificial_decay ... ok
test kinematics::tests::active_runtime_above_512_velocities_applies_off_centre_impulses_and_releases_holds ... ok
test machine::tests::free_body_gravity_is_independent_of_mass_and_does_not_generate_torque ... ok
test kinematics::tests::runtime_rows_forces_and_impulses_match_the_dense_suspension_reference ... ok
test motion_path::tests::a_near_unit_root_has_the_same_normalized_pose_at_cached_and_sampled_start ... ok
test machine::tests::point_acceleration_bias_matches_reconstructed_constant_rate_motion ... ok
test motion_path::tests::full_root_rotation_is_preserved_between_matching_endpoint_orientations ... ok
test motion_path::tests::invalid_displacements_and_fractions_fail_without_changing_the_initial_state ... ok
test motion_path::tests::motion_bounds_round_outward_and_reject_invalid_radius_inputs ... ok
test motion_path::tests::authored_car_spatial_derivatives_and_acceleration_bounds_cover_reconstructed_motion ... ok
test motion_path::tests::pose_only_queries_are_not_limited_by_dense_inertia_capacity ... ok
test response::articulated::tests::authored_car_suspension_and_branched_inertia_match_dense ... ok
test response::articulated::tests::independent_floating_and_fixed_components_remain_uncoupled ... ok
test joint_machine::tests::terrain_ticks::body_contacts::a_box_dropped_on_a_resting_box_comes_to_rest_on_top_of_it ... ok
test response::articulated::tests::coupled_car_contact_response_uses_tree_inverse_with_original_friction_bounds ... ok
test response::articulated::tests::tree_factor_rejects_invalid_poses_diagonals_and_impulses ... ok
test response::articulated::tests::tree_inverse_matches_dense_for_floating_anchored_and_reversed_joints ... ok
test response::newton::continuation::central::equations::tests::barrier_and_eliminated_disk_derivatives_match_independent_perturbations ... ok
test response::newton::continuation::central::equations::tests::drive_stop_bilateral_and_fixed_impulse_derivatives_match_perturbations ... ok
test response::newton::continuation::central::equations::tests::saturated_drive_remains_evaluable_when_its_barrier_gap_is_below_one_ulp ... ok
test response::newton::continuation::central::linear::implicit::tests::implicit_mixed_transpose_matches_every_independent_matrix_entry ... ok
test response::newton::continuation::central::linear::implicit::tests::streamed_rank_revealing_solve_preserves_redundant_equations_and_minimum_norm ... ok
test response::newton::continuation::full::tests::full_space_direction_satisfies_every_original_newton_row ... ok
test response::newton::continuation::full::tests::truncated_solve_drops_a_nearly_dependent_direction_and_returns_the_minimum_norm_step ... ok
test response::newton::continuation::full::tests::truncated_solve_keeps_a_weak_independent_direction_exactly ... ok
test response::newton::continuation::manifold::tests::distinct_rolling_rows_keep_the_original_layout ... ok
test response::newton::continuation::manifold::tests::identical_manifold_rolling_merges_and_splits_within_every_point_law ... ok
test response::newton::continuation::mixed::tests::mixed_search_reconstructs_every_original_newton_row_above_the_dense_response_boundary ... ok
test response::newton::continuation::rank::tests::redundant_search_equations_use_the_minimum_norm_least_squares_direction ... ok
test response::articulated::tests::tree_com_velocities_match_dense_jacobians_in_rotated_mixed_mechanisms ... ok
test response::newton::continuation::rank::tests::weak_independent_search_rows_are_kept_and_unavoidable_residual_is_not_biased_to_pivots ... ok
test response::newton::continuation::smoothing::tests::merged_manifold_rolling_derivative_matches_central_differences ... ok
test response::newton::continuation::smoothing::tests::smooth_scalar_stop_and_drive_rows_stay_in_bounds_and_match_central_differences ... ok
test response::articulated::tests::large_coaxial_chain_matches_independent_torque_balance_without_dense_storage ... ok
test response::newton::dense_tests::contact_newton_preserves_a_weak_direction_and_dependent_rows ... ok
test response::newton::continuation::smoothing::tests::smooth_contact_derivative_matches_central_differences_through_contact_transitions ... ok
test response::newton::projection::tests::analytic_point_inverse_rejects_invalid_or_unshifted_singular_systems ... ok
test response::newton::tests::cone_derivative_matches_differentiated_normal_tangent_and_rolling_projection ... ok
test response::newton::reduced::tests::recovered_reduced_direction_satisfies_every_full_newton_row ... ok
test response::newton::tests::krylov_norm_handles_large_small_and_zero_vectors_without_overflow ... ok
test response::newton::tests::local_pivoted_factor_preserves_a_nonsymmetric_response_and_singular_rows ... ok
test response::newton::tests::matrix_free_gmres_solves_a_nonsymmetric_system ... ok
test response::normal::tests::normal_basis_keeps_the_strongest_dependent_row_and_rejects_inconsistent_rows ... ok
test response::normal::tests::normal_basis_releases_a_weaker_constraint_and_preserves_momentum_response ... ok
test response::tests::contradictory_friction_bounds_are_rejected_before_projection ... ok
test response::tests::coupled_normal_iterations_do_not_falsely_trigger_static_breakaway ... ok
test response::tests::coupling_to_a_clamped_contact_cannot_falsely_converge ... ok
test response::tests::duplicate_loop_rows_preserve_response_and_inconsistent_rows_fail ... ok
test response::tests::friction_impulse_obeys_the_circular_coulomb_bound ... ok
test response::tests::impulse_at_light_wheel_accelerates_the_coupled_chassis ... ok
test response::newton::projection::tests::analytic_point_inverse_matches_lu_and_every_original_row ... ok
test response::tests::rolling_resistance_obeys_the_normal_load_radius_bound_and_dissipates_spin ... ok
test response::tests::static_breakaway_reuses_response_and_cannot_pass_an_exhausted_solve ... ok
test response::tests::static_support_and_initial_sliding_use_distinct_physical_friction_limits ... ok
test response::tests::unilateral_support_cannot_pull_a_separating_body ... ok
test response::tests::nearly_coincident_supports_transfer_load_to_the_outer_contact ... ok
test response::tests::warm_impulses_reuse_an_implicit_response_and_are_revalidated_for_new_targets ... ok
test soft_step::tests::a_box_leaving_the_floor_is_not_pulled_back ... ok
test soft_step::tests::a_box_dropped_on_the_floor_comes_to_rest_on_it ... ok
test soft_step::tests::a_fast_cube_does_not_pass_through_a_steep_wall ... ok
test soft_step::tests::a_fast_cube_grazing_the_floor_stays_above_it ... ok
test soft_step::tests::a_fast_impact_rebounds_near_the_material_restitution ... ok
test soft_step::tests::a_box_dropped_on_a_resting_box_comes_to_rest_on_top_of_it ... ok
test soft_step::tests::a_fast_spinning_bar_does_not_pass_through_the_floor ... ok
test joint_machine::tests::terrain_ticks::saved_car::saved_car_cold_drop_resolves_its_first_impact_before_publication ... ok
test soft_step::tests::a_fast_projectile_neither_passes_through_nor_pushes_its_target_through_the_floor ... ok
test soft_step::tests::a_four_bar_swings_under_gravity_and_stays_closed ... ok
test soft_step::tests::a_joint_limit_holds_against_a_stalled_motor ... ok
test soft_step::tests::a_held_box_stays_put_under_a_dropped_box_and_falls_once_released ... ok
test soft_step::tests::a_loop_seeded_open_closes_without_flying_apart ... ok
test soft_step::tests::a_long_multi_collider_body_settles_on_a_redundant_manifold ... ok
test soft_step::tests::a_motor_spins_its_rotor_and_back_drives_the_floating_mount ... ok
test soft_step::tests::a_preloaded_spring_reaches_its_authored_equilibrium ... ok
test soft_step::tests::a_free_four_bar_lands_on_the_floor_and_stays_closed ... ok
test soft_step::tests::a_rolling_wheel_does_not_gain_energy ... ok
test soft_step::tests::a_sliding_box_pushes_a_floating_box_and_keeps_momentum ... ok
test soft_step::tests::a_slow_impact_does_not_bounce ... ok
test soft_step::tests::a_very_fast_cube_never_ends_below_the_floor ... ok
test soft_step::tests::a_looped_machine_repeats_exactly_from_identical_inputs ... ok
test soft_step::tests::a_sprung_block_settles_at_its_spring_equilibrium ... ok
test soft_step::tests::a_car_crashing_into_a_wall_stays_in_front_of_it ... ok
test soft_step::tests::invalid_input_is_refused_without_changing_state ... ok
test soft_step::tests::captured_blocks_landing_on_each_other_come_to_rest ... ok
test soft_step::tests::captured_blocks_dropped_across_a_ledge_come_to_rest ... ok
test soft_step::tests::two_parallel_suspensions_share_their_load ... ok
test terrain_contacts::penetration::tests::a_separated_body_below_a_finite_surface_does_not_get_a_penetration_hold ... ok
test terrain_contacts::penetration::tests::finite_holes_and_origin_rebases_preserve_supported_path_results ... ok
test terrain_contacts::penetration::tests::full_rotation_rejects_penetration_hidden_at_start_midpoint_and_end ... ok
test terrain_contacts::penetration::tests::motion_below_a_finite_surface_is_certified_after_subdivision ... ok
test terrain_contacts::penetration::tests::sliding_support_subdivides_and_exhaustion_never_claims_clearance ... ok
test terrain_contacts::penetration::tests::stationary_existing_support_is_bounded_without_ignoring_its_triangles ... ok
test terrain_contacts::sweep::tests::articulated_full_turn_finds_a_finite_impact_between_clear_endpoint_poses ... ok
test terrain_contacts::sweep::tests::exact_linear_sweep_handles_fast_translation_and_finite_holes ... ok
test terrain_contacts::sweep::tests::near_separated_parallel_motion_does_not_invent_a_first_impact ... ok
test terrain_contacts::sweep::tests::rotating_parallel_motion_certifies_clearance_without_spending_tangential_speed ... ok
test terrain_contacts::sweep::tests::sweep_rejects_a_different_topology_and_preserves_origin_rebased_impact_time ... ok
test terrain_contacts::tests::a_box_resting_on_another_box_is_supported_through_one_face_manifold ... ok
test terrain_contacts::tests::bodies_joined_by_a_bearing_never_collide_with_each_other ... ok
test terrain_contacts::tests::bodies_of_one_mechanism_collide_only_when_they_were_built_apart ... ok
test soft_step::tests::identical_inputs_repeat_exactly ... ok
test terrain_contacts::tests::changed_active_groups_and_materials_invalidate_only_changed_chunk_features ... ok
test terrain_contacts::tests::coplanar_triangle_seam_reduces_to_four_supports_without_changing_materials ... ok
test terrain_contacts::tests::finite_manifold_restitution_uses_impact_speed_without_penetration_bounce ... ok
test soft_step::tests::the_saved_car_drives_forward_on_its_speed_drives ... ok
test terrain_contacts::tests::malformed_publication_preserves_the_previous_collision_scene ... ok
test terrain_contacts::tests::near_terrain_contacts_report_positive_gaps_and_survive_origin_rebasing ... ok
test terrain_contacts::tests::origin_rebase_preserves_physical_support_and_feature_identity ... ok
test terrain_contacts::tests::real_manifold_impulses_support_the_coupled_body_without_spurious_spin ... ok
test terrain_contacts::tests::generated_chunk_bvh_queries_match_direct_finite_triangle_queries ... ok
test terrain_contacts::tests::small_finite_triangles_remain_collidable_and_nonfinite_query_bounds_fail ... ok
test terrain_contacts::tests::rotated_pipe_opening_stays_open_while_its_annulus_and_solid_version_collide ... ok
test terrain_contacts::tests::builder_pipe_hierarchy_matches_exhaustive_pairs_at_rotated_poses ... ok
test joint_machine::tests::terrain_ticks::supported_ticks_validate_motion_before_publication_and_repeat_at_each_substep_policy ... ok
test soft_step::tests::the_saved_car_survives_a_cold_drop_and_settles ... ok
test joint_machine::tests::terrain_ticks::saved_car::saved_car_first_supported_tick_repeats_with_authored_drives_and_suspension ... ok
test joint_machine::tests::terrain_ticks::contact_semantics::a_rolling_wheel_only_loses_energy_on_its_facets ... ok
test joint_machine::tests::terrain_ticks::body_contacts::blocks_dropped_across_a_ledge_settle_instead_of_stalling_the_tick ... ok
test joint_machine::tests::terrain_ticks::body_contacts::blocks_landing_on_each_other_keep_ticking_until_they_rest ... ok
test joint_machine::tests::terrain_ticks::saved_car::saved_car_sustained_support_repeats_at_each_substep_policy has been running for over 60 seconds
test joint_machine::tests::terrain_ticks::saved_car::saved_car_sustained_support_repeats_at_each_substep_policy ... ok

test result: ok. 183 passed; 0 failed; 0 ignored; 0 measured; 0 filtered out; finished in 75.35s

