   Compiling proc-macro2 v1.0.107
   Compiling unicode-ident v1.0.24
   Compiling quote v1.0.47
   Compiling serde_core v1.0.229
   Compiling cfg-if v1.0.4
   Compiling libc v0.2.189
   Compiling libm v0.2.16
   Compiling serde v1.0.229
   Compiling log v0.4.33
   Compiling pin-project-lite v0.2.17
   Compiling cfg_aliases v0.2.2
   Compiling smallvec v1.15.2
   Compiling equivalent v1.0.2
   Compiling foldhash v0.2.0
   Compiling objc2-encode v4.1.0
   Compiling arrayvec v0.7.8
   Compiling hashbrown v0.17.1
   Compiling autocfg v1.5.1
   Compiling winnow v1.0.4
   Compiling toml_datetime v1.1.1+spec-1.1.0
   Compiling parking v2.2.1
   Compiling thiserror v2.0.20
   Compiling crossbeam-utils v0.8.22
   Compiling futures-core v0.3.34
   Compiling num-traits v0.2.19
   Compiling indexmap v2.14.0
   Compiling futures-io v0.3.34
   Compiling syn v3.0.3
   Compiling syn v2.0.119
   Compiling fastrand v2.5.0
   Compiling toml_parser v1.1.3+spec-1.1.0
   Compiling objc2 v0.6.4
   Compiling raw-window-handle v0.6.2
   Compiling event-listener v5.4.2
   Compiling getrandom v0.4.3
   Compiling concurrent-queue v2.5.0
   Compiling event-listener-strategy v0.5.4
   Compiling futures-lite v2.6.1
   Compiling typewit v1.15.2
   Compiling toml_edit v0.25.13+spec-1.1.0
   Compiling const_panic v0.2.17
   Compiling async-channel v2.5.0
   Compiling unicode-segmentation v1.13.3
   Compiling rand_core v0.10.1
   Compiling typeid v1.0.3
   Compiling rand v0.10.2
   Compiling convert_case v0.10.0
   Compiling unicode-xid v0.2.6
   Compiling spin v0.10.1
   Compiling hashbrown v0.16.1
   Compiling uuid v1.24.1
   Compiling thread_local v1.1.10
   Compiling erased-serde v0.4.10
   Compiling version_check v0.9.5
   Compiling block2 v0.6.2
   Compiling once_cell v1.21.4
   Compiling disqualified v1.0.0
   Compiling inventory v0.3.24
   Compiling slotmap v1.1.1
   Compiling bevy_ptr v0.19.0 (https://github.com/bevyengine/bevy.git?tag=v0.19.0#c6f634ca)
   Compiling downcast-rs v2.0.2
   Compiling atomic-waker v1.1.2
   Compiling slab v0.4.12
   Compiling async-task v4.7.1
   Compiling nix v0.31.3
   Compiling crossbeam-queue v0.3.13
   Compiling nonmax v0.5.5
   Compiling fixedbitset v0.5.7
   Compiling bumpalo v3.20.3
   Compiling async-executor v1.14.0
   Compiling either v1.17.0
   Compiling zerocopy v0.8.56
   Compiling memchr v2.8.3
   Compiling tracing-core v0.1.36
   Compiling rand_distr v0.6.0
   Compiling itertools v0.14.0
   Compiling arrayref v0.3.9
   Compiling termcolor v1.4.1
   Compiling simd-adler32 v0.3.10
   Compiling unicode-width v0.2.2
   Compiling crc32fast v1.5.0
   Compiling naga v29.0.4
   Compiling bit-vec v0.9.1
   Compiling find-msvc-tools v0.1.11
   Compiling adler2 v2.0.1
   Compiling rustix v1.1.4
   Compiling shlex v2.0.1
   Compiling bit-set v0.9.1
   Compiling miniz_oxide v0.8.9
   Compiling codespan-reporting v0.13.1
   Compiling cc v1.4.3
   Compiling aho-corasick v1.1.5
   Compiling errno v0.3.14
   Compiling rustc-hash v1.1.0
   Compiling hexf-parse v0.2.1
   Compiling bytemuck_derive v1.12.0
   Compiling serde_derive v1.0.229
   Compiling thiserror-impl v2.0.20
   Compiling regex-syntax v0.8.11
   Compiling bevy_macro_utils v0.19.0 (https://github.com/bevyengine/bevy.git?tag=v0.19.0#c6f634ca)
   Compiling encase_derive_impl v0.12.1
   Compiling bevy_ecs_macro_logic v0.19.0 (https://github.com/bevyengine/bevy.git?tag=v0.19.0#c6f634ca)
   Compiling bytemuck v1.25.2
   Compiling flate2 v1.1.9
   Compiling blake3 v1.8.6
   Compiling piper v0.2.5
   Compiling encase_derive v0.12.1
   Compiling bitflags v2.13.1
   Compiling derive_more-impl v2.1.1
   Compiling assert_type_match v0.1.1
   Compiling variadics_please v1.1.0
   Compiling bevy_reflect_derive v0.19.0 (https://github.com/bevyengine/bevy.git?tag=v0.19.0#c6f634ca)
   Compiling encase v0.12.1
   Compiling dispatch2 v0.3.1
   Compiling bevy_ecs_macros v0.19.0 (https://github.com/bevyengine/bevy.git?tag=v0.19.0#c6f634ca)
   Compiling glam v0.32.1
   Compiling ctrlc v3.5.2
   Compiling bevy_derive v0.19.0 (https://github.com/bevyengine/bevy.git?tag=v0.19.0#c6f634ca)
   Compiling zerocopy-derive v0.8.56
   Compiling tracing-attributes v0.1.31
   Compiling regex-automata v0.4.18
   Compiling objc2-core-foundation v0.3.2
   Compiling tracing v0.1.44
   Compiling wgpu-types v29.0.4
   Compiling smol_str v0.2.2
   Compiling bevy_platform v0.19.0 (https://github.com/bevyengine/bevy.git?tag=v0.19.0#c6f634ca)
   Compiling ron v0.12.2
   Compiling bevy_utils v0.19.0 (https://github.com/bevyengine/bevy.git?tag=v0.19.0#c6f634ca)
   Compiling crossbeam-channel v0.5.16
   Compiling async-io v2.6.0
   Compiling derive_more v2.1.1
   Compiling objc2-foundation v0.3.2
   Compiling bevy_tasks v0.19.0 (https://github.com/bevyengine/bevy.git?tag=v0.19.0#c6f634ca)
   Compiling blocking v1.6.2
   Compiling futures-macro v0.3.34
   Compiling fdeflate v0.3.7
   Compiling polling v3.11.0
   Compiling async-lock v3.4.2
   Compiling const-fnv1a-hash v1.1.0
   Compiling futures-task v0.3.34
   Compiling parking_lot_core v0.9.12
   Compiling constant_time_eq v0.4.2
   Compiling futures-util v0.3.34
   Compiling async-fs v2.2.0
   Compiling objc2-metal v0.3.2
   Compiling png v0.18.1
   Compiling bevy_asset_macros v0.19.0 (https://github.com/bevyengine/bevy.git?tag=v0.19.0#c6f634ca)
   Compiling stackfuture v0.3.1
   Compiling async-broadcast v0.7.2
   Compiling atomicow v1.2.0
   Compiling half v2.7.1
   Compiling scopeguard v1.2.0
   Compiling lock_api v0.4.14
   Compiling wgpu-hal v29.0.4 (/Users/jens/repos/mechanic/.physics-reference/replay-final-20260910/source/vendor/wgpu-hal)
   Compiling weezl v0.1.12
   Compiling zune-core v0.5.3
   Compiling byteorder-lite v0.1.0
   Compiling quick-error v2.0.1
   Compiling const_soft_float v0.1.4
   Compiling pxfm v0.1.30
   Compiling color_quant v1.1.0
   Compiling constgebra v0.1.4
   Compiling gif v0.14.2
   Compiling image-webp v0.2.4
   Compiling zune-jpeg v0.5.15
   Compiling parking_lot v0.12.5
   Compiling lazy_static v1.5.0
   Compiling profiling v1.0.18
   Compiling sharded-slab v0.1.7
   Compiling matchers v0.2.0
   Compiling bevy_encase_derive v0.19.0 (https://github.com/bevyengine/bevy.git?tag=v0.19.0#c6f634ca)
   Compiling tracing-log v0.2.0
   Compiling euclid v0.22.14
   Compiling wgpu-core v29.0.4 (/Users/jens/repos/mechanic/.physics-reference/replay-final-20260910/source/vendor/wgpu-core)
   Compiling nu-ansi-term v0.50.3
   Compiling bevy_mikktspace v1.0.0
   Compiling svg_fmt v0.4.5
   Compiling litrs v1.0.0
   Compiling objc-sys v0.3.5
   Compiling guillotiere v0.6.2
   Compiling objc2-quartz-core v0.3.2
   Compiling document-features v0.2.12
   Compiling tracing-subscriber v0.3.23
   Compiling wgpu v29.0.4
   Compiling rectangle-pack v0.4.2
   Compiling bevy_reflect v0.19.0 (https://github.com/bevyengine/bevy.git?tag=v0.19.0#c6f634ca)
   Compiling raw-window-metal v1.1.0
   Compiling moxcms v0.8.1
   Compiling hexasphere v18.0.0
   Compiling regex v1.13.1
   Compiling codespan-reporting v0.12.0
   Compiling static_assertions v1.1.0
   Compiling data-encoding v2.11.1
   Compiling objc2 v0.5.2
   Compiling font-types v0.11.3
   Compiling enumn v0.1.14
   Compiling bevy_material_macros v0.19.0 (https://github.com/bevyengine/bevy.git?tag=v0.19.0#c6f634ca)
   Compiling accesskit v0.24.1
   Compiling block2 v0.5.1
   Compiling bevy_gizmos_macros v0.19.0 (https://github.com/bevyengine/bevy.git?tag=v0.19.0#c6f634ca)
   Compiling core_maths v0.1.1
   Compiling core-foundation-sys v0.8.7
   Compiling dispatch v0.2.0
   Compiling core-foundation v0.9.4
   Compiling objc2-foundation v0.2.2
   Compiling bevy_render_macros v0.19.0 (https://github.com/bevyengine/bevy.git?tag=v0.19.0#c6f634ca)
   Compiling foreign-types-macros v0.2.4
   Compiling offset-allocator v0.2.0
   Compiling foreign-types-shared v0.3.1
   Compiling weak-table v0.3.2
   Compiling bitflags v1.3.2
   Compiling core-graphics-types v0.1.3
   Compiling foreign-types v0.5.0
   Compiling winit v0.30.13
   Compiling float-cmp v0.9.0
   Compiling core-graphics v0.23.2
   Compiling strict-num v0.1.1
   Compiling accesskit_consumer v0.38.0
   Compiling read-fonts v0.37.0
   Compiling read-fonts v0.39.2
   Compiling polycool v0.4.0
   Compiling dpi v0.1.2
   Compiling cursor-icon v1.2.0
   Compiling mosaic-core v0.28.1 (ssh://git@gitlab.com/unincorporated/mosaic/mosaic.git?rev=ae4923ab76ea17ce8a9a27e2054ae642f70dae00#ae4923ab)
   Compiling image v0.25.10
   Compiling tinyvec_macros v0.1.1
   Compiling tinyvec v1.12.0
   Compiling kurbo v0.13.1
   Compiling objc2-app-kit v0.2.2
   Compiling tiny-skia-path v0.12.0
   Compiling ttf-parser v0.25.1
   Compiling memmap2 v0.9.11
   Compiling yazi v0.2.1
   Compiling wgpu-naga-bridge v29.0.4
   Compiling naga_oil v0.22.0
   Compiling bevy_ecs v0.19.0 (https://github.com/bevyengine/bevy.git?tag=v0.19.0#c6f634ca)
   Compiling bevy_math v0.19.0 (https://github.com/bevyengine/bevy.git?tag=v0.19.0#c6f634ca)
   Compiling wgpu-core-deps-apple v29.0.4
   Compiling skrifa v0.42.1
   Compiling bevy_color v0.19.0 (https://github.com/bevyengine/bevy.git?tag=v0.19.0#c6f634ca)
   Compiling accesskit_macos v0.26.3
   Compiling zeno v0.3.3
   Compiling siphasher v1.0.3
   Compiling swash v0.2.10
   Compiling svgtypes v0.16.1
   Compiling accesskit_winit v0.32.2
   Compiling harfrust v0.5.2
   Compiling skrifa v0.40.0
   Compiling fontdb v0.23.0
   Compiling mosaic-render v0.28.1 (ssh://git@gitlab.com/unincorporated/mosaic/mosaic.git?rev=ae4923ab76ea17ce8a9a27e2054ae642f70dae00#ae4923ab)
   Compiling bevy_state_macros v0.19.0 (https://github.com/bevyengine/bevy.git?tag=v0.19.0#c6f634ca)
   Compiling roxmltree v0.21.1
   Compiling approx v0.5.1
   Compiling simplecss v0.2.2
   Compiling pico-args v0.5.0
   Compiling base64 v0.22.1
   Compiling unicode-script v0.5.8
   Compiling rustc-hash v2.1.3
   Compiling sys-locale v0.3.2
   Compiling self_cell v1.3.0
   Compiling getrandom v0.3.4
   Compiling linebender_resource_handle v0.1.1
   Compiling unicode-bidi v0.3.18
   Compiling imagesize v0.14.0
   Compiling unicode-linebreak v0.1.5
   Compiling xmlwriter v0.1.0
   Compiling data-url v0.3.2
   Compiling smol_str v0.3.6
   Compiling rangemap v1.8.0
   Compiling usvg v0.47.0
   Compiling tiny-skia v0.12.0
   Compiling rgb v0.8.53
   Compiling cosmic-text v0.19.0
   Compiling zmij v1.0.23
   Compiling bevy_app v0.19.0 (https://github.com/bevyengine/bevy.git?tag=v0.19.0#c6f634ca)
   Compiling bevy_time v0.19.0 (https://github.com/bevyengine/bevy.git?tag=v0.19.0#c6f634ca)
   Compiling bevy_diagnostic v0.19.0 (https://github.com/bevyengine/bevy.git?tag=v0.19.0#c6f634ca)
   Compiling bevy_asset v0.19.0 (https://github.com/bevyengine/bevy.git?tag=v0.19.0#c6f634ca)
   Compiling bevy_input v0.19.0 (https://github.com/bevyengine/bevy.git?tag=v0.19.0#c6f634ca)
   Compiling bevy_transform v0.19.0 (https://github.com/bevyengine/bevy.git?tag=v0.19.0#c6f634ca)
   Compiling bevy_log v0.19.0 (https://github.com/bevyengine/bevy.git?tag=v0.19.0#c6f634ca)
   Compiling bevy_a11y v0.19.0 (https://github.com/bevyengine/bevy.git?tag=v0.19.0#c6f634ca)
   Compiling bevy_state v0.19.0 (https://github.com/bevyengine/bevy.git?tag=v0.19.0#c6f634ca)
   Compiling mosaic-text v0.28.1 (ssh://git@gitlab.com/unincorporated/mosaic/mosaic.git?rev=ae4923ab76ea17ce8a9a27e2054ae642f70dae00#ae4923ab)
   Compiling resvg v0.47.0
   Compiling mechanic-core v0.1.0 (/Users/jens/repos/mechanic/.physics-reference/replay-final-20260910/source/crates/mechanic-core)
   Compiling mosaic-layout v0.28.1 (ssh://git@gitlab.com/unincorporated/mosaic/mosaic.git?rev=ae4923ab76ea17ce8a9a27e2054ae642f70dae00#ae4923ab)
   Compiling mosaic-syntax v0.28.1 (ssh://git@gitlab.com/unincorporated/mosaic/mosaic.git?rev=ae4923ab76ea17ce8a9a27e2054ae642f70dae00#ae4923ab)
   Compiling proc-macro-crate v3.5.0
   Compiling fastnoise-lite v1.1.1
   Compiling serde_json v1.0.151
   Compiling pollster v0.4.0
   Compiling mosaic-render-wgpu v0.28.1 (ssh://git@gitlab.com/unincorporated/mosaic/mosaic.git?rev=ae4923ab76ea17ce8a9a27e2054ae642f70dae00#ae4923ab)
   Compiling mosaic-widgets v0.28.1 (ssh://git@gitlab.com/unincorporated/mosaic/mosaic.git?rev=ae4923ab76ea17ce8a9a27e2054ae642f70dae00#ae4923ab)
   Compiling bevy_window v0.19.0 (https://github.com/bevyengine/bevy.git?tag=v0.19.0#c6f634ca)
   Compiling bevy_mesh v0.19.0 (https://github.com/bevyengine/bevy.git?tag=v0.19.0#c6f634ca)
   Compiling bevy_image v0.19.0 (https://github.com/bevyengine/bevy.git?tag=v0.19.0#c6f634ca)
   Compiling bevy_camera v0.19.0 (https://github.com/bevyengine/bevy.git?tag=v0.19.0#c6f634ca)
   Compiling bevy_shader v0.19.0 (https://github.com/bevyengine/bevy.git?tag=v0.19.0#c6f634ca)
   Compiling bevy_input_focus v0.19.0 (https://github.com/bevyengine/bevy.git?tag=v0.19.0#c6f634ca)
   Compiling bevy_material v0.19.0 (https://github.com/bevyengine/bevy.git?tag=v0.19.0#c6f634ca)
   Compiling bevy_winit v0.19.0 (/Users/jens/repos/mechanic/.physics-reference/replay-final-20260910/source/vendor/bevy_winit)
   Compiling bevy_gizmos v0.19.0 (https://github.com/bevyengine/bevy.git?tag=v0.19.0#c6f634ca)
   Compiling bevy_render v0.19.0 (/Users/jens/repos/mechanic/.physics-reference/replay-final-20260910/source/vendor/bevy_render)
   Compiling mechanic-world v0.1.0 (/Users/jens/repos/mechanic/.physics-reference/replay-final-20260910/source/crates/mechanic-world)
   Compiling mosaic-macros v0.28.1 (ssh://git@gitlab.com/unincorporated/mosaic/mosaic.git?rev=ae4923ab76ea17ce8a9a27e2054ae642f70dae00#ae4923ab)
   Compiling bevy_light v0.19.0 (https://github.com/bevyengine/bevy.git?tag=v0.19.0#c6f634ca)
   Compiling itoa v1.0.18
   Compiling mechanic-gpu v0.1.0 (/Users/jens/repos/mechanic/.physics-reference/replay-final-20260910/source/crates/mechanic-gpu)
   Compiling bevy_core_pipeline v0.19.0 (/Users/jens/repos/mechanic/.physics-reference/replay-final-20260910/source/vendor/bevy_core_pipeline)
   Compiling bevy_pbr v0.19.0 (https://github.com/bevyengine/bevy.git?tag=v0.19.0#c6f634ca)
   Compiling bevy_post_process v0.19.0 (https://github.com/bevyengine/bevy.git?tag=v0.19.0#c6f634ca)
   Compiling bevy_gizmos_render v0.19.0 (https://github.com/bevyengine/bevy.git?tag=v0.19.0#c6f634ca)
   Compiling bevy_internal v0.19.0 (https://github.com/bevyengine/bevy.git?tag=v0.19.0#c6f634ca)
   Compiling bevy v0.19.0 (https://github.com/bevyengine/bevy.git?tag=v0.19.0#c6f634ca)
   Compiling bevy_mosaic v0.1.0 (/Users/jens/repos/mechanic/.physics-reference/replay-final-20260910/source/crates/bevy_mosaic)
   Compiling mechanic-app v0.1.0 (/Users/jens/repos/mechanic/.physics-reference/replay-final-20260910/source/crates/mechanic-app)
    Finished `release` profile [optimized] target(s) in 7m 44s
