2026-09-14T21:38:23.196677Z  INFO bevy_render::renderer: AdapterInfo { name: "Apple M1 Pro", vendor: 0, device: 0, device_type: IntegratedGpu, device_pci_bus_id: "", driver: "", driver_info: "", backend: Metal, subgroup_min_size: 4, subgroup_max_size: 64, transient_saves_memory: true }
2026-09-14T21:38:23.731843Z  INFO bevy_pbr::cluster: GPU clustering is supported on this device.
2026-09-14T21:38:23.731910Z  INFO bevy_render::batching::gpu_preprocessing: GPU preprocessing is fully supported on this device.
2026-09-14T21:38:24.185861Z  INFO bevy_winit::system: Creating new window Mechanic — construction and simulation prototype (62v0)
2026-09-14T21:38:24.826711Z  INFO mechanic_app::automation: Automatic capture: mechanic-auto-d3ef47eaffec4e69a75ab1b8c532abc9 (foreground requested: false)
2026-09-14T21:38:25.019061Z  INFO mechanic_app::automation: Automation waiting: phase Loading notice None progress TerrainReadiness { resolved: 0, total: 0 } running false backlog 0 resolved 0/0
2026-09-14T21:38:31.120190Z  INFO mechanic_app::automation: Automation waiting: phase Loading notice None progress TerrainReadiness { resolved: 0, total: 0 } running false backlog 0 resolved 0/0
2026-09-14T21:38:41.141622Z  INFO mechanic_app::automation: Automation waiting: phase Loading notice None progress TerrainReadiness { resolved: 8, total: 36 } running false backlog 3383 resolved 8/36
2026-09-14T21:38:43.253126Z  INFO mechanic_app::automation: Automation waiting: phase Loading notice None progress TerrainReadiness { resolved: 8, total: 36 } running false backlog 3375 resolved 8/36
2026-09-14T21:38:45.916162Z  INFO mechanic_app::automation: Automation waiting: phase Loading notice None progress TerrainReadiness { resolved: 16, total: 36 } running false backlog 3375 resolved 16/36
2026-09-14T21:38:47.940316Z  INFO mechanic_app::automation: Automation waiting: phase Playing notice None progress TerrainReadiness { resolved: 36, total: 36 } running false backlog 3307 resolved 36/36
2026-09-14T21:38:49.941274Z  INFO mechanic_app::automation: Automation waiting: phase Playing notice None progress TerrainReadiness { resolved: 36, total: 36 } running false backlog 3155 resolved 36/36
2026-09-14T21:38:51.979884Z  INFO mechanic_app::automation: Automation waiting: phase Playing notice None progress TerrainReadiness { resolved: 36, total: 36 } running false backlog 3013 resolved 36/36
2026-09-14T21:38:55.194844Z  INFO mechanic_app::automation: Automation waiting: phase Playing notice None progress TerrainReadiness { resolved: 36, total: 36 } running true backlog 2947 resolved 36/36
2026-09-14T21:38:57.248478Z  INFO mechanic_app::automation: Automation waiting: phase Playing notice None progress TerrainReadiness { resolved: 36, total: 36 } running true backlog 2879 resolved 36/36
2026-09-14T21:38:59.278222Z  INFO mechanic_app::automation: Automation waiting: phase Playing notice None progress TerrainReadiness { resolved: 36, total: 36 } running true backlog 2747 resolved 36/36
2026-09-14T21:39:01.334752Z  INFO mechanic_app::automation: Automation waiting: phase Playing notice None progress TerrainReadiness { resolved: 36, total: 36 } running true backlog 2615 resolved 36/36
2026-09-14T21:39:03.370643Z  INFO mechanic_app::automation: Automation waiting: phase Playing notice None progress TerrainReadiness { resolved: 36, total: 36 } running true backlog 2483 resolved 36/36
2026-09-14T21:39:05.605130Z  INFO mechanic_app::automation: Automation waiting: phase Playing notice None progress TerrainReadiness { resolved: 36, total: 36 } running true backlog 2393 resolved 36/36
2026-09-14T21:39:07.617840Z  INFO mechanic_app::automation: Automation waiting: phase Playing notice None progress TerrainReadiness { resolved: 36, total: 36 } running true backlog 2281 resolved 36/36
2026-09-14T21:39:09.646026Z  INFO mechanic_app::automation: Automation waiting: phase Playing notice None progress TerrainReadiness { resolved: 36, total: 36 } running true backlog 2155 resolved 36/36
2026-09-14T21:39:11.682368Z  INFO mechanic_app::automation: Automation waiting: phase Playing notice None progress TerrainReadiness { resolved: 36, total: 36 } running true backlog 2039 resolved 36/36
2026-09-14T21:39:13.721773Z  INFO mechanic_app::automation: Automation waiting: phase Playing notice None progress TerrainReadiness { resolved: 36, total: 36 } running true backlog 1921 resolved 36/36
2026-09-14T21:39:15.758332Z  INFO mechanic_app::automation: Automation waiting: phase Playing notice None progress TerrainReadiness { resolved: 36, total: 36 } running true backlog 1807 resolved 36/36
2026-09-14T21:39:17.807730Z  INFO mechanic_app::automation: Automation waiting: phase Playing notice None progress TerrainReadiness { resolved: 36, total: 36 } running true backlog 1693 resolved 36/36
2026-09-14T21:39:19.818661Z  INFO mechanic_app::automation: Automation waiting: phase Playing notice None progress TerrainReadiness { resolved: 36, total: 36 } running true backlog 1585 resolved 36/36
2026-09-14T21:39:21.864537Z  INFO mechanic_app::automation: Automation waiting: phase Playing notice None progress TerrainReadiness { resolved: 36, total: 36 } running true backlog 1477 resolved 36/36
2026-09-14T21:39:23.893345Z  INFO mechanic_app::automation: Automation waiting: phase Playing notice None progress TerrainReadiness { resolved: 36, total: 36 } running true backlog 1369 resolved 36/36
2026-09-14T21:39:25.912577Z  INFO mechanic_app::automation: Automation waiting: phase Playing notice None progress TerrainReadiness { resolved: 36, total: 36 } running true backlog 1259 resolved 36/36
2026-09-14T21:39:27.919607Z  INFO mechanic_app::automation: Automation waiting: phase Playing notice None progress TerrainReadiness { resolved: 36, total: 36 } running true backlog 1151 resolved 36/36
2026-09-14T21:39:29.971489Z  INFO mechanic_app::automation: Automation waiting: phase Playing notice None progress TerrainReadiness { resolved: 36, total: 36 } running true backlog 1037 resolved 36/36
2026-09-14T21:39:31.974856Z  INFO mechanic_app::automation: Automation waiting: phase Playing notice None progress TerrainReadiness { resolved: 36, total: 36 } running true backlog 937 resolved 36/36
2026-09-14T21:39:34.010592Z  INFO mechanic_app::automation: Automation waiting: phase Playing notice None progress TerrainReadiness { resolved: 36, total: 36 } running true backlog 833 resolved 36/36
2026-09-14T21:39:36.023931Z  INFO mechanic_app::automation: Automation waiting: phase Playing notice None progress TerrainReadiness { resolved: 36, total: 36 } running true backlog 721 resolved 36/36
2026-09-14T21:39:38.032165Z  INFO mechanic_app::automation: Automation waiting: phase Playing notice None progress TerrainReadiness { resolved: 36, total: 36 } running true backlog 617 resolved 36/36
2026-09-14T21:39:40.080984Z  INFO mechanic_app::automation: Automation waiting: phase Playing notice None progress TerrainReadiness { resolved: 36, total: 36 } running true backlog 521 resolved 36/36
2026-09-14T21:39:42.131777Z  INFO mechanic_app::automation: Automation waiting: phase Playing notice None progress TerrainReadiness { resolved: 36, total: 36 } running true backlog 415 resolved 36/36
2026-09-14T21:39:44.159796Z  INFO mechanic_app::automation: Automation waiting: phase Playing notice None progress TerrainReadiness { resolved: 36, total: 36 } running true backlog 317 resolved 36/36
2026-09-14T21:39:46.198762Z  INFO mechanic_app::automation: Automation waiting: phase Playing notice None progress TerrainReadiness { resolved: 36, total: 36 } running true backlog 217 resolved 36/36
2026-09-14T21:39:48.253603Z  INFO mechanic_app::automation: Automation waiting: phase Playing notice None progress TerrainReadiness { resolved: 36, total: 36 } running true backlog 133 resolved 36/36
2026-09-14T21:39:50.289241Z  INFO mechanic_app::automation: Automation waiting: phase Playing notice None progress TerrainReadiness { resolved: 36, total: 36 } running true backlog 37 resolved 36/36
2026-09-14T21:39:52.300680Z  INFO mechanic_app::automation: Automation waiting: phase Playing notice None progress TerrainReadiness { resolved: 36, total: 36 } running true backlog 0 resolved 36/36
2026-09-14T21:39:54.322270Z  INFO mechanic_app::automation: Automation waiting: phase Playing notice None progress TerrainReadiness { resolved: 36, total: 36 } running true backlog 0 resolved 36/36
2026-09-14T21:39:56.333097Z  INFO mechanic_app::automation: Automation waiting: phase Playing notice None progress TerrainReadiness { resolved: 36, total: 36 } running true backlog 0 resolved 36/36
2026-09-14T21:39:58.349913Z  INFO mechanic_app::automation: Automation waiting: phase Playing notice None progress TerrainReadiness { resolved: 36, total: 36 } running true backlog 0 resolved 36/36
2026-09-14T21:40:00.382366Z  INFO mechanic_app::automation: Automation waiting: phase Playing notice None progress TerrainReadiness { resolved: 36, total: 36 } running true backlog 0 resolved 36/36
2026-09-14T21:40:02.427006Z  INFO mechanic_app::automation: Automation waiting: phase Playing notice None progress TerrainReadiness { resolved: 36, total: 36 } running true backlog 0 resolved 36/36
2026-09-14T21:40:04.457105Z  INFO mechanic_app::automation: Automation waiting: phase Playing notice None progress TerrainReadiness { resolved: 36, total: 36 } running true backlog 0 resolved 36/36
2026-09-14T21:40:06.205013Z  INFO mechanic_app::performance_capture: Performance capture started (replay ticks: None; wall-time capture otherwise)
2026-09-14T21:40:22.595275Z ERROR wgpu_hal::metal::device: Failed to create counter sample buffer: NSError { code: 0, localizedDescription: "Cannot allocate sample buffer", domain: "MTLCounterErrorDomain", userInfo: {"NSLocalizedDescription": <__NSCFConstantString: 0x283937be0>}, .. }
2026-09-14T21:40:22.598632Z ERROR bevy_render::error_handler: Caught DeviceLost error: Unknown Unexpected error variant (driver implementation is at fault)
2026-09-14T21:40:22.599890Z ERROR bevy_render::error_handler: Quitting the application due to DeviceLost RenderError
2026-09-14T21:40:24.059173Z  INFO mechanic_app::performance_capture: Performance capture: /private/tmp/mechanic-freeze-after/capture-1789422024026608000-21906.jsonl
2026-09-14T21:40:29.429141Z  WARN bevy_ecs::world::command_queue: CommandQueue has un-applied commands being dropped. Did you forget to call SystemState::apply?
2026-09-14T21:40:29.432002Z  WARN bevy_ecs::world::command_queue: CommandQueue has un-applied commands being dropped. Did you forget to call SystemState::apply?
2026-09-14T21:40:29.432177Z  WARN bevy_ecs::world::command_queue: CommandQueue has un-applied commands being dropped. Did you forget to call SystemState::apply?
2026-09-14T21:40:29.432875Z  WARN bevy_ecs::world::command_queue: CommandQueue has un-applied commands being dropped. Did you forget to call SystemState::apply?
2026-09-14T21:40:29.433094Z  WARN bevy_ecs::world::command_queue: CommandQueue has un-applied commands being dropped. Did you forget to call SystemState::apply?
2026-09-14T21:40:29.433104Z  WARN bevy_ecs::world::command_queue: CommandQueue has un-applied commands being dropped. Did you forget to call SystemState::apply?
2026-09-14T21:40:29.433118Z  WARN bevy_ecs::world::command_queue: CommandQueue has un-applied commands being dropped. Did you forget to call SystemState::apply?
2026-09-14T21:40:29.433129Z  WARN bevy_ecs::world::command_queue: CommandQueue has un-applied commands being dropped. Did you forget to call SystemState::apply?
2026-09-14T21:40:29.433138Z  WARN bevy_ecs::world::command_queue: CommandQueue has un-applied commands being dropped. Did you forget to call SystemState::apply?
2026-09-14T21:40:29.433162Z  WARN bevy_ecs::world::command_queue: CommandQueue has un-applied commands being dropped. Did you forget to call SystemState::apply?
2026-09-14T21:40:29.433332Z  WARN bevy_ecs::world::command_queue: CommandQueue has un-applied commands being dropped. Did you forget to call SystemState::apply?
2026-09-14T21:40:29.433347Z  WARN bevy_ecs::world::command_queue: CommandQueue has un-applied commands being dropped. Did you forget to call SystemState::apply?
2026-09-14T21:40:29.433366Z  WARN bevy_ecs::world::command_queue: CommandQueue has un-applied commands being dropped. Did you forget to call SystemState::apply?
2026-09-14T21:40:29.433394Z  WARN bevy_ecs::world::command_queue: CommandQueue has un-applied commands being dropped. Did you forget to call SystemState::apply?
2026-09-14T21:40:29.433802Z  WARN bevy_ecs::world::command_queue: CommandQueue has un-applied commands being dropped. Did you forget to call SystemState::apply?
2026-09-14T21:40:29.433995Z  WARN bevy_ecs::world::command_queue: CommandQueue has un-applied commands being dropped. Did you forget to call SystemState::apply?
2026-09-14T21:40:29.434019Z  WARN bevy_ecs::world::command_queue: CommandQueue has un-applied commands being dropped. Did you forget to call SystemState::apply?
2026-09-14T21:40:29.434045Z  WARN bevy_ecs::world::command_queue: CommandQueue has un-applied commands being dropped. Did you forget to call SystemState::apply?
2026-09-14T21:40:29.434063Z  WARN bevy_ecs::world::command_queue: CommandQueue has un-applied commands being dropped. Did you forget to call SystemState::apply?
2026-09-14T21:40:29.434101Z  WARN bevy_ecs::world::command_queue: CommandQueue has un-applied commands being dropped. Did you forget to call SystemState::apply?
2026-09-14T21:40:29.434121Z  WARN bevy_ecs::world::command_queue: CommandQueue has un-applied commands being dropped. Did you forget to call SystemState::apply?
2026-09-14T21:40:29.434140Z  WARN bevy_ecs::world::command_queue: CommandQueue has un-applied commands being dropped. Did you forget to call SystemState::apply?
2026-09-14T21:40:29.434278Z  WARN bevy_ecs::world::command_queue: CommandQueue has un-applied commands being dropped. Did you forget to call SystemState::apply?
2026-09-14T21:40:29.434299Z  WARN bevy_ecs::world::command_queue: CommandQueue has un-applied commands being dropped. Did you forget to call SystemState::apply?
2026-09-14T21:40:29.434312Z  WARN bevy_ecs::world::command_queue: CommandQueue has un-applied commands being dropped. Did you forget to call SystemState::apply?
2026-09-14T21:40:29.434481Z  WARN bevy_ecs::world::command_queue: CommandQueue has un-applied commands being dropped. Did you forget to call SystemState::apply?
2026-09-14T21:40:29.434505Z  WARN bevy_ecs::world::command_queue: CommandQueue has un-applied commands being dropped. Did you forget to call SystemState::apply?
2026-09-14T21:40:29.434520Z  WARN bevy_ecs::world::command_queue: CommandQueue has un-applied commands being dropped. Did you forget to call SystemState::apply?
2026-09-14T21:40:29.434545Z  WARN bevy_ecs::world::command_queue: CommandQueue has un-applied commands being dropped. Did you forget to call SystemState::apply?
2026-09-14T21:40:29.434552Z  WARN bevy_ecs::world::command_queue: CommandQueue has un-applied commands being dropped. Did you forget to call SystemState::apply?
2026-09-14T21:40:29.434716Z  WARN bevy_ecs::world::command_queue: CommandQueue has un-applied commands being dropped. Did you forget to call SystemState::apply?
2026-09-14T21:40:29.434736Z  WARN bevy_ecs::world::command_queue: CommandQueue has un-applied commands being dropped. Did you forget to call SystemState::apply?
2026-09-14T21:40:29.434822Z  WARN bevy_ecs::world::command_queue: CommandQueue has un-applied commands being dropped. Did you forget to call SystemState::apply?
2026-09-14T21:40:29.434885Z  WARN bevy_ecs::world::command_queue: CommandQueue has un-applied commands being dropped. Did you forget to call SystemState::apply?
2026-09-14T21:40:29.434893Z  WARN bevy_ecs::world::command_queue: CommandQueue has un-applied commands being dropped. Did you forget to call SystemState::apply?
2026-09-14T21:40:29.434929Z  WARN bevy_ecs::world::command_queue: CommandQueue has un-applied commands being dropped. Did you forget to call SystemState::apply?
2026-09-14T21:40:29.435090Z  WARN bevy_ecs::world::command_queue: CommandQueue has un-applied commands being dropped. Did you forget to call SystemState::apply?
2026-09-14T21:40:29.435205Z  WARN bevy_ecs::world::command_queue: CommandQueue has un-applied commands being dropped. Did you forget to call SystemState::apply?
2026-09-14T21:40:29.435846Z  WARN bevy_ecs::world::command_queue: CommandQueue has un-applied commands being dropped. Did you forget to call SystemState::apply?
