2026-09-14T16:12:17.925322Z  INFO bevy_render::renderer: AdapterInfo { name: "Apple M1 Pro", vendor: 0, device: 0, device_type: IntegratedGpu, device_pci_bus_id: "", driver: "", driver_info: "", backend: Metal, subgroup_min_size: 4, subgroup_max_size: 64, transient_saves_memory: true }
2026-09-14T16:12:17.977424Z  INFO bevy_pbr::cluster: GPU clustering is supported on this device.
2026-09-14T16:12:17.977492Z  INFO bevy_render::batching::gpu_preprocessing: GPU preprocessing is fully supported on this device.
2026-09-14T16:12:18.037900Z  INFO bevy_winit::system: Creating new window Mechanic — construction and simulation prototype (62v0)
2026-09-14T16:12:18.630723Z  INFO mechanic_app::automation: Automatic capture: mechanic-auto-66006b2245eb47528f42e545b9b48336 (foreground requested: true)
2026-09-14T16:12:18.739318Z  INFO mechanic_app::automation: Automation waiting: phase Loading notice None progress TerrainReadiness { resolved: 0, total: 0 } running false backlog 0 resolved 0/0
2026-09-14T16:12:20.769652Z  INFO mechanic_app::automation: Automation waiting: phase Loading notice None progress TerrainReadiness { resolved: 32, total: 36 } running false backlog 3359 resolved 32/36
2026-09-14T16:12:22.796354Z  INFO mechanic_app::automation: Automation waiting: phase Playing notice None progress TerrainReadiness { resolved: 36, total: 36 } running true backlog 3091 resolved 36/36
2026-09-14T16:12:24.816473Z  INFO mechanic_app::automation: Automation waiting: phase Playing notice None progress TerrainReadiness { resolved: 36, total: 36 } running true backlog 2854 resolved 36/36
2026-09-14T16:12:26.840692Z  INFO mechanic_app::automation: Automation waiting: phase Playing notice None progress TerrainReadiness { resolved: 36, total: 36 } running true backlog 2626 resolved 36/36
2026-09-14T16:12:28.845428Z  INFO mechanic_app::automation: Automation waiting: phase Playing notice None progress TerrainReadiness { resolved: 36, total: 36 } running true backlog 2419 resolved 36/36
2026-09-14T16:12:30.872901Z  INFO mechanic_app::automation: Automation waiting: phase Playing notice None progress TerrainReadiness { resolved: 36, total: 36 } running true backlog 2243 resolved 36/36
2026-09-14T16:12:32.873692Z  INFO mechanic_app::automation: Automation waiting: phase Playing notice None progress TerrainReadiness { resolved: 36, total: 36 } running true backlog 2057 resolved 36/36
2026-09-14T16:12:34.875489Z  INFO mechanic_app::automation: Automation waiting: phase Playing notice None progress TerrainReadiness { resolved: 36, total: 36 } running true backlog 1877 resolved 36/36
2026-09-14T16:12:36.903728Z  INFO mechanic_app::automation: Automation waiting: phase Playing notice None progress TerrainReadiness { resolved: 36, total: 36 } running true backlog 1697 resolved 36/36
2026-09-14T16:12:38.907047Z  INFO mechanic_app::automation: Automation waiting: phase Playing notice None progress TerrainReadiness { resolved: 36, total: 36 } running true backlog 1520 resolved 36/36
2026-09-14T16:12:40.912380Z  INFO mechanic_app::automation: Automation waiting: phase Playing notice None progress TerrainReadiness { resolved: 36, total: 36 } running true backlog 1343 resolved 36/36
2026-09-14T16:12:42.919018Z  INFO mechanic_app::automation: Automation waiting: phase Playing notice None progress TerrainReadiness { resolved: 36, total: 36 } running true backlog 1166 resolved 36/36
2026-09-14T16:12:44.929228Z  INFO mechanic_app::automation: Automation waiting: phase Playing notice None progress TerrainReadiness { resolved: 36, total: 36 } running true backlog 989 resolved 36/36
2026-09-14T16:12:46.932202Z  INFO mechanic_app::automation: Automation waiting: phase Playing notice None progress TerrainReadiness { resolved: 36, total: 36 } running true backlog 815 resolved 36/36
2026-09-14T16:12:48.955041Z  INFO mechanic_app::automation: Automation waiting: phase Playing notice None progress TerrainReadiness { resolved: 36, total: 36 } running true backlog 641 resolved 36/36
2026-09-14T16:12:50.956144Z  INFO mechanic_app::automation: Automation waiting: phase Playing notice None progress TerrainReadiness { resolved: 36, total: 36 } running true backlog 464 resolved 36/36
2026-09-14T16:12:52.981175Z  INFO mechanic_app::automation: Automation waiting: phase Playing notice None progress TerrainReadiness { resolved: 36, total: 36 } running true backlog 287 resolved 36/36
2026-09-14T16:12:55.003062Z  INFO mechanic_app::automation: Automation waiting: phase Playing notice None progress TerrainReadiness { resolved: 36, total: 36 } running true backlog 122 resolved 36/36
2026-09-14T16:12:57.027361Z  INFO mechanic_app::automation: Automation waiting: phase Playing notice None progress TerrainReadiness { resolved: 36, total: 36 } running true backlog 0 resolved 36/36
2026-09-14T16:12:59.052431Z  INFO mechanic_app::automation: Automation waiting: phase Playing notice None progress TerrainReadiness { resolved: 36, total: 36 } running true backlog 0 resolved 36/36
2026-09-14T16:13:01.077284Z  INFO mechanic_app::automation: Automation waiting: phase Playing notice None progress TerrainReadiness { resolved: 36, total: 36 } running true backlog 0 resolved 36/36
2026-09-14T16:13:03.096976Z  INFO mechanic_app::automation: Automation waiting: phase Playing notice None progress TerrainReadiness { resolved: 36, total: 36 } running true backlog 0 resolved 36/36
2026-09-14T16:13:05.115087Z  INFO mechanic_app::automation: Automation waiting: phase Playing notice None progress TerrainReadiness { resolved: 36, total: 36 } running true backlog 0 resolved 36/36
2026-09-14T16:13:07.135045Z  INFO mechanic_app::automation: Automation waiting: phase Playing notice None progress TerrainReadiness { resolved: 36, total: 36 } running true backlog 0 resolved 36/36
2026-09-14T16:13:09.151249Z  INFO mechanic_app::automation: Automation waiting: phase Playing notice None progress TerrainReadiness { resolved: 36, total: 36 } running true backlog 0 resolved 36/36
2026-09-14T16:13:11.172431Z  INFO mechanic_app::automation: Automation waiting: phase Playing notice None progress TerrainReadiness { resolved: 36, total: 36 } running true backlog 0 resolved 36/36
2026-09-14T16:13:11.514590Z  INFO mechanic_app::performance_capture: Performance capture started (replay ticks: Some(600); wall-time capture otherwise)
2026-09-14T16:13:21.542970Z  INFO mechanic_app::performance_capture: Performance capture: /Users/jens/repos/mechanic/docs/performance-results/2026-09-14-cpu-scale/foreground-local-rows/capture-1789402401537706000-91550.jsonl
2026-09-14T16:13:21.543039Z  INFO mechanic_app::automation: Automation waiting: phase Playing notice None progress TerrainReadiness { resolved: 36, total: 36 } running true backlog 0 resolved 36/36
2026-09-14T16:13:21.797597Z  INFO mechanic_app::automation: Automatic screenshot saved: /Users/jens/repos/mechanic/docs/performance-results/2026-09-14-cpu-scale/foreground-local-rows/capture-1789402401537706000-91550.png
2026-09-14T16:13:21.801837Z  WARN bevy_winit::state: Skipped event Destroyed for unknown winit Window Id WindowId(531840779520)
