2026-09-10T09:03:23.238441Z  INFO bevy_render::renderer: AdapterInfo { name: "Apple M1 Pro", vendor: 0, device: 0, device_type: IntegratedGpu, device_pci_bus_id: "", driver: "", driver_info: "", backend: Metal, subgroup_min_size: 4, subgroup_max_size: 64, transient_saves_memory: true }
2026-09-10T09:03:23.530485Z  INFO bevy_pbr::cluster: GPU clustering is supported on this device.
2026-09-10T09:03:23.530537Z  INFO bevy_render::batching::gpu_preprocessing: GPU preprocessing is fully supported on this device.
2026-09-10T09:03:23.724537Z  INFO bevy_winit::system: Creating new window Mechanic — construction and simulation prototype (62v0)
2026-09-10T09:03:23.984289Z  INFO mechanic_app::automation: Automatic capture: mechanic-auto-1398d54920874fe783efd054380ab519 (foreground requested: true)
2026-09-10T09:03:24.091552Z  INFO mechanic_app::automation: Automation waiting: phase Loading notice None progress TerrainReadiness { resolved: 0, total: 0 } running false backlog 0 resolved 0/0
2026-09-10T09:03:27.029018Z  INFO mechanic_app::automation: Automation waiting: phase Loading notice None progress TerrainReadiness { resolved: 0, total: 0 } running false backlog 0 resolved 0/0
2026-09-10T09:03:34.707440Z  INFO mechanic_app::automation: Automation waiting: phase Loading notice None progress TerrainReadiness { resolved: 8, total: 36 } running false backlog 3313 resolved 8/36
2026-09-10T09:03:37.174875Z  INFO mechanic_app::automation: Automation waiting: phase Loading notice None progress TerrainReadiness { resolved: 16, total: 36 } running false backlog 3305 resolved 16/36
2026-09-10T09:03:39.185363Z  INFO mechanic_app::automation: Automation waiting: phase Playing notice None progress TerrainReadiness { resolved: 36, total: 36 } running false backlog 3100 resolved 36/36
2026-09-10T09:03:41.206647Z  INFO mechanic_app::automation: Automation waiting: phase Playing notice None progress TerrainReadiness { resolved: 36, total: 36 } running true backlog 2916 resolved 36/36
2026-09-10T09:03:43.223353Z  INFO mechanic_app::automation: Automation waiting: phase Playing notice None progress TerrainReadiness { resolved: 36, total: 36 } running true backlog 2690 resolved 36/36
2026-09-10T09:03:45.236775Z  INFO mechanic_app::automation: Automation waiting: phase Playing notice None progress TerrainReadiness { resolved: 36, total: 36 } running true backlog 2474 resolved 36/36
2026-09-10T09:03:47.247631Z  INFO mechanic_app::automation: Automation waiting: phase Playing notice None progress TerrainReadiness { resolved: 36, total: 36 } running true backlog 2302 resolved 36/36
2026-09-10T09:03:49.261676Z  INFO mechanic_app::automation: Automation waiting: phase Playing notice None progress TerrainReadiness { resolved: 36, total: 36 } running true backlog 2116 resolved 36/36
2026-09-10T09:03:51.279191Z  INFO mechanic_app::automation: Automation waiting: phase Playing notice None progress TerrainReadiness { resolved: 36, total: 36 } running true backlog 1936 resolved 36/36
2026-09-10T09:03:53.314716Z  INFO mechanic_app::automation: Automation waiting: phase Playing notice None progress TerrainReadiness { resolved: 36, total: 36 } running true backlog 1756 resolved 36/36
2026-09-10T09:03:55.329294Z  INFO mechanic_app::automation: Automation waiting: phase Playing notice None progress TerrainReadiness { resolved: 36, total: 36 } running true backlog 1579 resolved 36/36
2026-09-10T09:03:57.363650Z  INFO mechanic_app::automation: Automation waiting: phase Playing notice None progress TerrainReadiness { resolved: 36, total: 36 } running true backlog 1402 resolved 36/36
2026-09-10T09:03:59.393576Z  INFO mechanic_app::automation: Automation waiting: phase Playing notice None progress TerrainReadiness { resolved: 36, total: 36 } running true backlog 1222 resolved 36/36
2026-09-10T09:04:01.407556Z  INFO mechanic_app::automation: Automation waiting: phase Playing notice None progress TerrainReadiness { resolved: 36, total: 36 } running true backlog 1045 resolved 36/36
2026-09-10T09:04:03.433470Z  INFO mechanic_app::automation: Automation waiting: phase Playing notice None progress TerrainReadiness { resolved: 36, total: 36 } running true backlog 871 resolved 36/36
2026-09-10T09:04:05.443150Z  INFO mechanic_app::automation: Automation waiting: phase Playing notice None progress TerrainReadiness { resolved: 36, total: 36 } running true backlog 697 resolved 36/36
2026-09-10T09:04:07.443574Z  INFO mechanic_app::automation: Automation waiting: phase Playing notice None progress TerrainReadiness { resolved: 36, total: 36 } running true backlog 526 resolved 36/36
2026-09-10T09:04:09.467061Z  INFO mechanic_app::automation: Automation waiting: phase Playing notice None progress TerrainReadiness { resolved: 36, total: 36 } running true backlog 349 resolved 36/36
2026-09-10T09:04:11.491019Z  INFO mechanic_app::automation: Automation waiting: phase Playing notice None progress TerrainReadiness { resolved: 36, total: 36 } running true backlog 175 resolved 36/36
2026-09-10T09:04:13.510241Z  INFO mechanic_app::automation: Automation waiting: phase Playing notice None progress TerrainReadiness { resolved: 36, total: 36 } running true backlog 10 resolved 36/36
2026-09-10T09:04:15.540284Z  INFO mechanic_app::automation: Automation waiting: phase Playing notice None progress TerrainReadiness { resolved: 36, total: 36 } running true backlog 0 resolved 36/36
2026-09-10T09:04:17.566695Z  INFO mechanic_app::automation: Automation waiting: phase Playing notice None progress TerrainReadiness { resolved: 36, total: 36 } running true backlog 0 resolved 36/36
2026-09-10T09:04:19.596956Z  INFO mechanic_app::automation: Automation waiting: phase Playing notice None progress TerrainReadiness { resolved: 36, total: 36 } running true backlog 0 resolved 36/36
2026-09-10T09:04:21.627073Z  INFO mechanic_app::automation: Automation waiting: phase Playing notice None progress TerrainReadiness { resolved: 36, total: 36 } running true backlog 0 resolved 36/36
2026-09-10T09:04:23.657347Z  INFO mechanic_app::automation: Automation waiting: phase Playing notice None progress TerrainReadiness { resolved: 36, total: 36 } running true backlog 0 resolved 36/36
2026-09-10T09:04:25.657496Z  INFO mechanic_app::automation: Automation waiting: phase Playing notice None progress TerrainReadiness { resolved: 36, total: 36 } running true backlog 0 resolved 36/36
2026-09-10T09:04:27.683960Z  INFO mechanic_app::automation: Automation waiting: phase Playing notice None progress TerrainReadiness { resolved: 36, total: 36 } running true backlog 0 resolved 36/36
2026-09-10T09:04:28.652501Z  INFO mechanic_app::performance_capture: Performance capture started (60 seconds)
2026-09-10T09:05:28.759410Z  INFO mechanic_app::performance_capture: Performance capture: /Users/jens/repos/mechanic/.physics-reference/foreground-car-run-01/capture-1789031128729163000-73694.jsonl
2026-09-10T09:05:28.759548Z  INFO mechanic_app::automation: Automation waiting: phase Playing notice None progress TerrainReadiness { resolved: 36, total: 36 } running true backlog 1270 resolved 38/38
2026-09-10T09:05:29.357689Z  INFO mechanic_app::automation: Automatic screenshot saved: /Users/jens/repos/mechanic/.physics-reference/foreground-car-run-01/capture-1789031128729163000-73694.png
2026-09-10T09:05:29.373491Z  WARN bevy_winit::state: Skipped event Destroyed for unknown winit Window Id WindowId(507241874688)
