   Compiling mechanic-bench v0.1.0 (/Users/jens/repos/mechanic/crates/mechanic-bench)
    Finished `test` profile [optimized + debuginfo] target(s) in 0.86s
     Running unittests src/bin/compiled-response.rs (target/debug/deps/compiled_response-847b485891a7106d)

running 1 test
saved_car_full_surface_response rows=240 blocks=12 residual=8.595448420873834e-4 iterations=256 factor_solves=5525 response_storage=0 converged=false newton_attempts=64 newton_accepts=7 newton_applications=1716 tick_gate=false
point_diagnostic point=0 body=2 position=DVec3(-1.1580752862450334, 0.0, -1.875) speed=[-0.0007334656048499921, 0.0059578408041834835, 0.008111376751525068, -0.41537817212620387, 4.820701634618844e-5] impulse=[7.5114256143676394, -3.0768588616016097, -4.197054694709415, 0.03568331181907866, -4.144137855420185e-6] mu=0.6928203419545677 rolling=Some(0.004750537899419207)
point_diagnostic point=1 body=2 position=DVec3(-1.1609037069169403, -5.802306739154185e-16, -1.875) speed=[0.0004413986038507012, 0.0057744449110741555, 0.00811137675152479, -0.41537817212620387, 4.820701634618844e-5] impulse=[6.396431826250219, -2.5795367105491, -3.603453161028576, 0.03035200232105685, -3.5249671674047434e-6] mu=0.6928203419545677 rolling=Some(0.004745145942333651)
point_diagnostic point=2 body=2 position=DVec3(-1.1609037069169406, -5.802306739154185e-16, -2.125) speed=[0.00045345035793734056, 0.005774444911074142, 0.024321473691037265, -0.41537817212620387, 4.820701634618844e-5] impulse=[6.38185536563075, -1.0208898065427932, -4.302006795298188, 0.03028283488856126, -3.5169341848007757e-6] mu=0.6928203419545677 rolling=Some(0.004745145942333651)
point_diagnostic point=3 body=2 position=DVec3(-1.1580752862450334, 0.0, -2.125) speed=[-0.000721413850763436, 0.0059578408041834835, 0.024321473691037487, -0.41537817212620387, 4.820701634618844e-5] impulse=[7.5480919775021365, -1.242305492498119, -5.079768789807561, 0.03585749676560824, -4.164367511554917e-6] mu=0.6928203419545677 rolling=Some(0.004750537899419207)
point_diagnostic point=4 body=2 position=DVec3(-1.1604893803596497, -0.0009999305362091704, -1.8749999999999998) speed=[0.00026929639581996234, 0.005801261802039636, 0.007696027433141295, -0.41537817212620387, 4.820701634618844e-5] impulse=[6.3268108921665265, -2.6411388995005822, -3.498297253614787, 0.030086432986081865, -3.5381748813478854e-6] mu=0.6928203419545677 rolling=Some(0.004755386830255723)
point_diagnostic point=5 body=2 position=DVec3(-1.3395105004310608, -0.0009999305362091704, -1.8749999999999998) speed=[0.0746307620230684, -0.0058065370402710465, 0.007696027433141295, -0.41537817212620387, 4.820701634618844e-5] impulse=[0.0, 0.0, -0.0, 0.0, -0.0] mu=0.6928203419545677 rolling=Some(0.004755386830255723)
point_diagnostic point=6 body=2 position=DVec3(-1.3395105004310608, -0.0009999305362091704, -2.125) speed=[0.07464281377715493, -0.0058065370402710465, 0.02390612437265377, -0.41537817212620387, 4.820701634618844e-5] impulse=[0.0, 0.0, -0.0, 0.0, -0.0] mu=0.6928203419545677 rolling=Some(0.004755386830255722)
point_diagnostic point=7 body=2 position=DVec3(-1.1604893803596479, -0.0009999305362091704, -2.125) speed=[0.00028134814990576906, 0.005801261802039752, 0.02390612437265377, -0.41537817212620387, 4.820701634618844e-5] impulse=[6.324763233783282, -1.032750766857981, -4.258484388265974, 0.030076695578440678, -3.5370297397165985e-6] mu=0.6928203419545677 rolling=Some(0.004755386830255726)
point_diagnostic point=8 body=2 position=DVec3(-1.3390963837312835, 0.0, -1.875) speed=[0.07445874698526794, -0.0057796373492126985, 0.008111376751525068, -0.41537817212620387, 4.820701634618844e-5] impulse=[0.0, 0.0, -0.0, 0.0, -0.0] mu=0.6928203419545677 rolling=Some(0.004745146336368617)
point_diagnostic point=9 body=2 position=DVec3(-1.3419247986835068, 0.0, -1.875) speed=[0.07563360881813688, -0.005963032871455522, 0.008111376751525068, -0.41537817212620387, 4.820701634618844e-5] impulse=[0.0, 0.0, -0.0, 0.0, -0.0] mu=0.6928203419545677 rolling=Some(0.004750538294433813)
point_diagnostic point=10 body=2 position=DVec3(-1.3419247986835068, 0.0, -2.1250000000000004) speed=[0.07564566057222344, -0.005963032871455522, 0.024321473691037543, -0.41537817212620387, 4.820701634618844e-5] impulse=[0.0, 0.0, -0.0, 0.0, -0.0] mu=0.6928203419545677 rolling=Some(0.0047505382944338145)
point_diagnostic point=11 body=2 position=DVec3(-1.3390963837312835, 0.0, -2.125) speed=[0.07447079873935447, -0.0057796373492126985, 0.024321473691037487, -0.41537817212620387, 4.820701634618844e-5] impulse=[0.0, 0.0, -0.0, 0.0, -0.0] mu=0.6928203419545677 rolling=Some(0.004745146336368617)
point_diagnostic point=12 body=5 position=DVec3(-1.3390963056012704, 0.0, -4.875000005257905) speed=[0.07430998815835432, 0.005845365383884918, 0.02461154004274696, -0.41451626452237594, 4.820701634618844e-5] impulse=[0.0, -0.0, -0.0, 0.0, -0.0] mu=0.6928203419545677 rolling=Some(0.004745146175818433)
point_diagnostic point=13 body=5 position=DVec3(-1.341924732707616, -1.5622057672755614e-15, -4.875000004927209) speed=[0.0754824171969346, 0.006031012843608891, 0.024611540064451987, -0.41451626452237594, 4.820701634618844e-5] impulse=[0.0, -0.0, -0.0, 0.0, -0.0] mu=0.6928203419545677 rolling=Some(0.004750538153802962)
point_diagnostic point=14 body=5 position=DVec3(-1.3419247479007081, -1.442036092869749e-15, -5.125000004927206) speed=[0.07549447524880498, 0.00603101384082708, 0.008202467747592201, -0.41451626452237594, 4.820701634618844e-5] impulse=[0.0, -0.0, -0.0, 0.0, -0.0] mu=0.6928203419545677 rolling=Some(0.004750538209131928)
point_diagnostic point=15 body=5 position=DVec3(-1.3390963372392475, -5.802305101355892e-16, -5.125000005257901) speed=[0.07432205302689696, 0.005845367460484337, 0.008202467725887008, -0.41451626452237594, 4.820701634618844e-5] impulse=[0.0, -0.0, -0.0, 0.0, -0.0] mu=0.6928203419545677 rolling=Some(0.004745146262924392)
point_diagnostic point=16 body=5 position=DVec3(-1.1604893595576238, -0.0009999252009630902, -4.8750000053352505) speed=[0.00027450406659612625, -0.00587777999522042, 0.02419705477856532, -0.41451626452237594, 4.820701634618844e-5] impulse=[6.492612091699342, 1.0604043159726466, -4.371437914848408, 0.03087488166097827, -3.594363251436249e-6] mu=0.6928203419545677 rolling=Some(0.0047553868048999465)
point_diagnostic point=17 body=5 position=DVec3(-1.3395104796290345, -7.450580152834645e-9, -4.874999994664759) speed=[0.07448167002869463, 0.005872550229819134, 0.02461153764965507, -0.41451626452237594, 4.820701634618844e-5] impulse=[0.0, -0.0, -0.0, 0.0, -0.0] mu=0.6928203419545677 rolling=Some(0.004745925683946609)
point_diagnostic point=18 body=5 position=DVec3(-1.3395104945302014, 0.0, -5.124999994664754) speed=[0.07449372795955722, 0.0058725512082356095, 0.008202468421182108, -0.41451626452237594, 4.820701634618844e-5] impulse=[0.0, -0.0, -0.0, 0.0, -0.0] mu=0.6928203419545677 rolling=Some(0.004745925613458582)
point_diagnostic point=19 body=5 position=DVec3(-1.1604893744587919, -0.0009999252009635343, -5.125000005335245) speed=[0.0002865619974591893, -0.0058777790171630415, 0.007787982461705478, -0.41451626452237594, 4.820701634618844e-5] impulse=[6.628272374304844, 2.7517953803032857, -3.6764032392792956, 0.03151999877445771, -3.669467271050646e-6] mu=0.6928203419545677 rolling=Some(0.004755386804899947)
point_diagnostic point=20 body=5 position=DVec3(-1.1580750797916228, 0.0, -4.874999995072796) speed=[-0.0007262541640132847, -0.006036196156903677, 0.02461154071125976, -0.41451626452237594, 4.820701634618844e-5] impulse=[7.360266856507072, 1.2118220201153895, -4.953259769872676, 0.034965229446283747, -4.1070525943007134e-6] mu=0.6928203419545677 rolling=Some(0.004750538311879414)
point_diagnostic point=21 body=5 position=DVec3(-1.1609034868770611, 0.0, -4.874999994742102) speed=[0.0004461665755752797, -0.005850550011277772, 0.024611540732965287, -0.41451626452237594, 4.820701634618844e-5] impulse=[6.188728150322573, 0.9905387973024273, -4.171690884093777, 0.029366420710739145, -3.4494000389871537e-6] mu=0.6928203419545677 rolling=Some(0.004745146369338092)
point_diagnostic point=22 body=5 position=DVec3(-1.160903518515039, -5.802301825762389e-16, -5.124999994742099) speed=[0.0004582314441182178, -0.00585054793467831, 0.008202468416105224, -0.41451626452237594, 4.820701634618844e-5] impulse=[6.340786983516866, 2.5625248253621296, -3.5682132458133453, 0.03008796157369874, -3.534154130372064e-6] mu=0.6928203419545677 rolling=Some(0.004745146282232126)
point_diagnostic point=23 body=5 position=DVec3(-1.158075094984715, 0.0, -5.124999995072796) speed=[-0.0007141961121429341, -0.006036195159685488, 0.008202468394399809, -0.41451626452237594, 4.820701634618844e-5] impulse=[7.46357954857863, 3.072350868884608, -4.159215195780049, 0.03545601993173507, -4.164702485808943e-6] mu=0.6928203419545677 rolling=Some(0.004750538256550448)
point_diagnostic point=24 body=7 position=DVec3(1.3419247137549664, -1.2016966858607803e-16, -1.8749999999999998) speed=[-0.0008595448420873897, 6.25369762050119e-8, 0.00042657598363227134, -0.4866466905298638, 4.820701634618844e-5] impulse=[7.843845625291527, -0.001962053361975405, -5.086914266437726, 0.03726248573719013, -3.692479302980595e-6] mu=0.6928203419545677 rolling=Some(0.004750537899419207)
point_diagnostic point=25 body=7 position=DVec3(1.3390962930830594, 0.0, -1.8749999999999998) speed=[0.0005168967173223571, 5.964305062522021e-8, 0.00042657598363232685, -0.4866466905298638, 4.820701634618844e-5] impulse=[6.484754230512705, 0.018571436316092062, -4.4927312596108955, 0.030771105072869724, -3.0492146220910013e-6] mu=0.6928203419545677 rolling=Some(0.004745145942333646)
point_diagnostic point=26 body=7 position=DVec3(1.3390962930830592, 0.0, -2.125) speed=[0.0005289484714090242, 5.964305062522e-8, 0.0004268317735161009, -0.4866466905298638, 4.820701634618844e-5] impulse=[6.555071944839795, 0.01610019573241609, -4.54145864756862, 0.03110477288804481, -3.082279406247401e-6] mu=0.6928203419545677 rolling=Some(0.004745145942333645)
point_diagnostic point=27 body=7 position=DVec3(1.3419247137549664, -1.2016966858607803e-16, -2.125) speed=[-0.0008474930880008613, 6.25369762050119e-8, 0.0004268317735160454, -0.4866466905298638, 4.820701634618844e-5] impulse=[7.916733578548298, 0.011715905468040005, -5.142891470902184, 0.03760874271984742, -3.726791822950368e-6] mu=0.6928203419545677 rolling=Some(0.004750537899419207)
point_diagnostic point=28 body=7 position=DVec3(1.3395106196403506, -0.0009999305362091704, -1.8749999999999998) speed=[0.0003152660694180076, 1.1863305088879868e-8, -6.0036902573668005e-5, -0.4866466905298638, 4.820701634618844e-5] impulse=[6.455836266948756, -0.0037563073051320108, -4.352172944280882, 0.030699998612158243, -3.0345668521462616e-6] mu=0.6928203419545677 rolling=Some(0.004755386830255723)
point_diagnostic point=29 body=7 position=DVec3(1.1604894995689397, -0.0009999305362091704, -1.8749999999999998) speed=[0.0874353016871195, -1.7130386090001124e-7, -6.0036902573668005e-5, -0.4866466905298638, 4.820701634618844e-5] impulse=[0.0, -0.0, 0.0, 0.0, -0.0] mu=0.6928203419545677 rolling=Some(0.004755386830255722)
point_diagnostic point=30 body=7 position=DVec3(1.1604894995689392, -0.0009999305362091704, -2.125) speed=[0.08744735344120624, -1.7130386090001166e-7, -5.9781112689838434e-5, -0.4866466905298638, 4.820701634618844e-5] impulse=[0.0, -0.0, 0.0, 0.0, -0.0] mu=0.6928203419545677 rolling=Some(0.004755386830255722)
point_diagnostic point=31 body=7 position=DVec3(1.339510619640354, -0.0009999305362091704, -2.125) speed=[0.00032731782350292615, 1.1863305088883256e-8, -5.9781112689838434e-5, -0.4866466905298638, 4.820701634618844e-5] impulse=[6.527711567406425, -0.00414710180885902, -4.407570955604996, 0.031041793467705553, -3.0683523541801994e-6] mu=0.6928203419545677 rolling=Some(0.004755386830255729)
point_diagnostic point=32 body=7 position=DVec3(1.1609036162687163, 0.0, -1.8749999999999996) speed=[0.08723377316568004, -1.2267648574589628e-7, 0.00042657598363232685, -0.4866466905298638, 4.820701634618844e-5] impulse=[0.0, 0.0, -0.0, 0.0, -0.0] mu=0.6928203419545677 rolling=Some(0.004745146336368618)
point_diagnostic point=33 body=7 position=DVec3(1.1580752013164965, -7.81102966818892e-16, -1.8749999999999998) speed=[0.08861021194162294, -1.2557040547357587e-7, 0.00042657598363193827, -0.4866466905298638, 4.820701634618844e-5] impulse=[0.0, 0.0, -0.0, 0.0, -0.0] mu=0.6928203419545677 rolling=Some(0.0047505382944338145)
point_diagnostic point=34 body=7 position=DVec3(1.1580752013164965, -7.81102966818892e-16, -2.1249999999999964) speed=[0.08862226369570952, -1.2557040547357587e-7, 0.00042683177351571233, -0.4866466905298638, 4.820701634618844e-5] impulse=[0.0, 0.0, -0.0, 0.0, -0.0] mu=0.6928203419545677 rolling=Some(0.004750538294433805)
point_diagnostic point=35 body=7 position=DVec3(1.1609036162687163, 0.0, -2.1249999999999964) speed=[0.08724582491976657, -1.2267648574589628e-7, 0.0004268317735161009, -0.4866466905298638, 4.820701634618844e-5] impulse=[0.0, 0.0, -0.0, 0.0, -0.0] mu=0.6928203419545677 rolling=Some(0.004745146336368608)
point_diagnostic point=36 body=9 position=DVec3(1.160903694398729, 0.0, -4.8750000052579106) speed=[0.08724471292046157, -1.2267640580642877e-7, 0.0004264067657039905, -0.48665390366297934, 4.820701634618844e-5] impulse=[0.0, 0.0, -0.0, 0.0, -0.0] mu=0.6928203419545677 rolling=Some(0.00474514617581842)
point_diagnostic point=37 body=9 position=DVec3(1.1580752672923746, 0.0, -4.875000004927214) speed=[0.08862117801297911, -1.2557033796968664e-7, 0.00042640676570365743, -0.48665390366297934, 4.820701634618844e-5] impulse=[0.0, 0.0, -0.0, 0.0, -0.0] mu=0.6928203419545677 rolling=Some(0.004750538153802952)
point_diagnostic point=38 body=9 position=DVec3(1.1580752520992823, 0.0, -5.125000004927204) speed=[0.0886332371608434, -1.2557035351464387e-7, 0.000426662555587487, -0.48665390366297934, 4.820701634618844e-5] impulse=[0.0, 0.0, -0.0, 0.0, -0.0] mu=0.6928203419545677 rolling=Some(0.004750538209131929)
point_diagnostic point=39 body=9 position=DVec3(1.1609036627607523, 0.0, -5.125000005257899) speed=[0.08725678007129298, -1.226764381771263e-7, 0.00042666255558782007, -0.48665390366297934, 4.820701634618844e-5] impulse=[0.0, 0.0, -0.0, 0.0, -0.0] mu=0.6928203419545677 rolling=Some(0.004745146262924382)
point_diagnostic point=40 body=9 position=DVec3(1.3395106404423762, -0.0009999252009630902, -4.8750000053352505) speed=[0.0003249454070012592, 1.186358356896687e-8, -6.0210736715582414e-5, -0.48665390366297934, 4.820701634618844e-5] impulse=[6.7226066054668365, -0.014336424974922083, -4.53367202838603, 0.03196859458916218, -3.1683832286524065e-6] mu=0.6928203419545677 rolling=Some(0.0047553868048999465)
point_diagnostic point=41 body=9 position=DVec3(1.160489520370965, 0.0, -4.87499999466476) speed=[0.087446272327358, -1.2310017191213433e-7, 0.00042640676569322133, -0.48665390366297934, 4.820701634618844e-5] impulse=[0.0, 0.0, -0.0, 0.0, -0.0] mu=0.6928203419545677 rolling=Some(0.004745925613458565)
point_diagnostic point=42 body=9 position=DVec3(1.1604895054698101, -1.1920928244535432e-7, -5.124999994664753) speed=[0.08745833133314981, -1.2310593388220944e-7, 0.0004266045419142883, -0.48665390366297934, 4.820701634618844e-5] impulse=[0.0, 0.0, -0.0, 0.0, -0.0] mu=0.6928203419545677 rolling=Some(0.004745926741267267)
point_diagnostic point=43 body=9 position=DVec3(1.3395106255412144, -0.0009999252009635343, -5.125000005335244) speed=[0.00033700441279638227, 1.186356832267388e-8, -5.99549468320304e-5, -0.48665390366297934, 4.820701634618844e-5] impulse=[6.753185874873366, -0.01352251528605196, -4.560474401714694, 0.032114010842687335, -3.1827955465402753e-6] mu=0.6928203419545677 rolling=Some(0.004755386804899957)
point_diagnostic point=44 body=9 position=DVec3(1.3419249202083776, 0.0, -4.874999995072795) speed=[-0.0008499732661526038, 6.253718743978807e-8, 0.0004264067656936099, -0.48665390366297934, 4.820701634618844e-5] impulse=[7.7326162257999, 1.7759187804587437e-5, -5.011854218440661, 0.036734089452368675, -3.6299896180776426e-6] mu=0.6928203419545677 rolling=Some(0.004750538311879418)
point_diagnostic point=45 body=9 position=DVec3(1.339096513122939, 0.0, -4.874999994742101) speed=[0.000526482083108154, 5.964327576112122e-8, 0.00042640676569327685, -0.48665390366297934, 4.820701634618844e-5] impulse=[6.392877087074405, -0.004533009207675204, -4.429112969869718, 0.030335137351245423, -2.9976486568219788e-6] mu=0.6928203419545677 rolling=Some(0.004745146369338094)
point_diagnostic point=46 body=9 position=DVec3(1.339096481484961, 0.0, -5.1249999947421) speed=[0.0005385492339401998, 5.964324339042243e-8, 0.0004266625555770509, -0.48665390366297934, 4.820701634618844e-5] impulse=[6.423006030830205, -0.006229624125824127, -4.449984874169555, 0.030478103039140027, -3.011776406485435e-6] mu=0.6928203419545677 rolling=Some(0.0047451462822321235)
point_diagnostic point=47 body=9 position=DVec3(1.3419249050152853, 0.0, -5.124999995072796) speed=[-0.0008379141182883465, 6.253717189483084e-8, 0.00042666255557738397, -0.48665390366297934, 4.820701634618844e-5] impulse=[7.761104149689406, 0.014722587035617428, -5.037276864731354, 0.036869421996157, -3.643363149491068e-6] mu=0.6928203419545677 rolling=Some(0.004750538256550448)
surface_diagnostic budget=1024 residual=8.557794974074971e-4 iterations=1024
surface_diagnostic budget=4096 residual=8.518930049993756e-4 iterations=4096
surface_diagnostic variant=without_rolling residual=8.69123345775164e-4 iterations=256
surface_diagnostic variant=pointwise residual=8.878280592798187e-4 iterations=256
surface_diagnostic largest_rolling_diagonal_ratio=3.1421130067009752e1

thread 'tests::saved_car_finite_terrain_response_repeats_and_balances_external_momentum' (10475340) panicked at crates/mechanic-bench/src/bin/compiled-response.rs:623:9:
full friction/rolling manifold response must converge at the default iteration bound
note: run with `RUST_BACKTRACE=1` environment variable to display a backtrace
test tests::saved_car_finite_terrain_response_repeats_and_balances_external_momentum ... FAILED

failures:

failures:
    tests::saved_car_finite_terrain_response_repeats_and_balances_external_momentum

test result: FAILED. 0 passed; 1 failed; 0 ignored; 0 measured; 5 filtered out; finished in 1.22s

error: test failed, to rerun pass `-p mechanic-bench --bin compiled-response`
