   Compiling mechanic-physics v0.1.0 (/Users/jens/repos/mechanic/crates/mechanic-physics)
   Compiling mechanic-bench v0.1.0 (/Users/jens/repos/mechanic/crates/mechanic-bench)
    Finished `test` profile [optimized + debuginfo] target(s) in 1.05s
     Running unittests src/bin/compiled-response.rs (target/debug/deps/compiled_response-847b485891a7106d)

running 1 test
saved_car_full_surface_response rows=240 blocks=12 residual=6.994184354068054e-8 iterations=256 factor_solves=5014 response_storage=0 converged=false newton_attempts=64 newton_accepts=54 newton_applications=1378 tick_gate=false
point_diagnostic point=0 body=2 position=DVec3(-1.1580752862450334, 0.0, -1.875) speed=[-5.887173526453182e-9, 0.005959393908256933, 0.008247341701203725, -0.4138017529002571, 4.787755550167347e-8] impulse=[20.30296176565047, -8.238395441151901, -11.4013058228185, 0.096449989338181, -1.1160268349545966e-8] mu=0.6928203419545677 rolling=Some(0.004750537899419207)
point_diagnostic point=1 body=2 position=DVec3(-1.1609037069169403, -5.802306739154185e-16, -1.875) speed=[0.0011703995448008875, 0.005776074407235614, 0.008247341701203448, -0.4138017529002571, 4.787755550167347e-8] impulse=[0.0, 0.0, 0.0, 0.0, 0.0] mu=0.6928203419545677 rolling=Some(0.004745145942333651)
point_diagnostic point=2 body=2 position=DVec3(-1.1609037069169406, -5.802306739154185e-16, -2.125) speed=[0.0011704115141898674, 0.005776074407235599, 0.024450686454878745, -0.4138017529002571, 4.787755550167347e-8] impulse=[0.0, 0.0, 0.0, 0.0, 0.0] mu=0.6928203419545677 rolling=Some(0.004745145942333651)
point_diagnostic point=3 body=2 position=DVec3(-1.1580752862450334, 0.0, -2.125) speed=[6.082215342484432e-9, 0.005959393908256933, 0.024450686454878967, -0.4138017529002571, 4.787755550167347e-8] impulse=[20.303466675069462, -3.33097298472085, -13.666579459343765, 0.09645238792951169, -1.116044395368536e-8] mu=0.6928203419545677 rolling=Some(0.004750537899419207)
point_diagnostic point=4 body=2 position=DVec3(-1.1604893803596497, -0.0009999305362091704, -1.8749999999999998) speed=[0.0009989504891209089, 0.005802928263554921, 0.007833568692541815, -0.4138017529002571, 4.787755550167347e-8] impulse=[0.0, 0.0, 0.0, 0.0, 0.0] mu=0.6928203419545677 rolling=Some(0.004755386830255723)
point_diagnostic point=5 body=2 position=DVec3(-1.3395105004310608, -0.0009999305362091704, -1.8749999999999998) speed=[0.07507820378083818, -0.0058000354432697875, 0.007833568692541815, -0.4138017529002571, 4.787755550167347e-8] impulse=[0.0, 0.0, 0.0, 0.0, 0.0] mu=0.6928203419545677 rolling=Some(0.004755386830255723)
point_diagnostic point=6 body=2 position=DVec3(-1.3395105004310608, -0.0009999305362091704, -2.125) speed=[0.07507821575022705, -0.0058000354432697875, 0.024036913446217112, -0.4138017529002571, 4.787755550167347e-8] impulse=[0.0, 0.0, 0.0, 0.0, 0.0] mu=0.6928203419545677 rolling=Some(0.004755386830255722)
point_diagnostic point=7 body=2 position=DVec3(-1.1604893803596479, -0.0009999305362091704, -2.125) speed=[0.0009989624585090284, 0.005802928263555036, 0.024036913446217112, -0.4138017529002571, 4.787755550167347e-8] impulse=[0.0, 0.0, 0.0, 0.0, 0.0] mu=0.6928203419545677 rolling=Some(0.004755386830255726)
point_diagnostic point=8 body=2 position=DVec3(-1.3390963837312835, 0.0, -1.875) speed=[0.07490684156456506, -0.005773195092776573, 0.008247341701203725, -0.4138017529002571, 4.787755550167347e-8] impulse=[0.0, 0.0, 0.0, 0.0, 0.0] mu=0.6928203419545677 rolling=Some(0.004745146336368617)
point_diagnostic point=9 body=2 position=DVec3(-1.3419247986835068, 0.0, -1.875) speed=[0.07607724462972437, -0.00595651422308587, 0.008247341701203725, -0.4138017529002571, 4.787755550167347e-8] impulse=[0.0, 0.0, 0.0, 0.0, 0.0] mu=0.6928203419545677 rolling=Some(0.004750538294433813)
point_diagnostic point=10 body=2 position=DVec3(-1.3419247986835068, 0.0, -2.1250000000000004) speed=[0.07607725659911324, -0.00595651422308587, 0.024450686454879023, -0.4138017529002571, 4.787755550167347e-8] impulse=[0.0, 0.0, 0.0, 0.0, 0.0] mu=0.6928203419545677 rolling=Some(0.0047505382944338145)
point_diagnostic point=11 body=2 position=DVec3(-1.3390963837312835, 0.0, -2.125) speed=[0.07490685353395393, -0.005773195092776573, 0.024450686454878967, -0.4138017529002571, 4.787755550167347e-8] impulse=[0.0, 0.0, 0.0, 0.0, 0.0] mu=0.6928203419545677 rolling=Some(0.004745146336368617)
point_diagnostic point=12 body=5 position=DVec3(-1.3390963056012704, 0.0, -4.875000005257905) speed=[0.07490701550266216, 0.005776526741977738, 0.024448362392487932, -0.4138024395695824, 4.787755550167347e-8] impulse=[0.0, 0.0, 0.0, 0.0, 0.0] mu=0.6928203419545677 rolling=Some(0.004745146175818433)
point_diagnostic point=13 body=5 position=DVec3(-1.341924732707616, -1.5622057672755614e-15, -4.875000004927209) speed=[0.07607742553941269, 0.00595986074868751, 0.02444836241392251, -0.4138024395695824, 4.787755550167347e-8] impulse=[0.0, 0.0, 0.0, 0.0, 0.0] mu=0.6928203419545677 rolling=Some(0.004750538153802962)
point_diagnostic point=14 body=5 position=DVec3(-1.3419247479007081, -1.442036092869749e-15, -5.125000004927206) speed=[0.07607744379574016, 0.005959861733478827, 0.008243772387680204, -0.4138024395695824, 4.787755550167347e-8] impulse=[0.0, 0.0, 0.0, 0.0, 0.0] mu=0.6928203419545677 rolling=Some(0.004750538209131928)
point_diagnostic point=15 body=5 position=DVec3(-1.3390963372392475, -5.802305101355892e-16, -5.125000005257901) speed=[0.07490704056392311, 0.005776528792699532, 0.008243772366245461, -0.4138024395695824, 4.787755550167347e-8] impulse=[0.0, 0.0, 0.0, 0.0, 0.0] mu=0.6928203419545677 rolling=Some(0.004745146262924392)
point_diagnostic point=16 body=5 position=DVec3(-1.1604893595576238, -0.0009999252009630902, -4.8750000053352505) speed=[0.0009990255057284458, -0.005800482651802296, 0.02403459089992893, -0.4138024395695824, 4.787755550167347e-8] impulse=[0.0, 0.0, 0.0, 0.0, 0.0] mu=0.6928203419545677 rolling=Some(0.0047553868048999465)
point_diagnostic point=17 body=5 position=DVec3(-1.3395104796290345, -7.450580152834645e-9, -4.874999994664759) speed=[0.0750784017257568, 0.005803372823255121, 0.02444835999605005, -0.4138024395695824, 4.787755550167347e-8] impulse=[0.0, 0.0, 0.0, 0.0, 0.0] mu=0.6928203419545677 rolling=Some(0.004745925683946609)
point_diagnostic point=18 body=5 position=DVec3(-1.3395104945302014, 0.0, -5.124999994664754) speed=[0.07507841986128491, 0.0058033737891246846, 0.008243773052876102, -0.4138024395695824, 4.787755550167347e-8] impulse=[0.0, 0.0, 0.0, 0.0, 0.0] mu=0.6928203419545677 rolling=Some(0.004745925613458582)
point_diagnostic point=19 body=5 position=DVec3(-1.1604893744587919, -0.0009999252009635343, -5.125000005335245) speed=[0.0009990436412570247, -0.0058004816859330175, 0.007830000873686516, -0.4138024395695824, 4.787755550167347e-8] impulse=[0.0, 0.0, 0.0, 0.0, 0.0] mu=0.6928203419545677 rolling=Some(0.004755386804899947)
point_diagnostic point=20 body=5 position=DVec3(-1.1580750797916228, 0.0, -4.874999995072796) speed=[-9.35124674916743e-9, -0.005956972259195115, 0.024448363052670063, -0.4138024395695824, 4.787755550167347e-8] impulse=[20.302565889224493, 3.329842719356192, -13.66621255081298, 0.09644811708621645, -1.1159922908083243e-8] mu=0.6928203419545677 rolling=Some(0.004750538311879414)
point_diagnostic point=21 body=5 position=DVec3(-1.1609034868770611, 0.0, -4.874999994742102) speed=[0.0011703924008034938, -0.005773639550207725, 0.024448363074105084, -0.4138024395695824, 4.787755550167347e-8] impulse=[0.0, 0.0, 0.0, 0.0, 0.0] mu=0.6928203419545677 rolling=Some(0.004745146369338092)
point_diagnostic point=22 body=5 position=DVec3(-1.160903518515039, -5.802301825762389e-16, -5.124999994742099) speed=[0.0011704174620647823, -0.005773637499485888, 0.008243773047862446, -0.4138024395695824, 4.787755550167347e-8] impulse=[0.0, 0.0, 0.0, 0.0, 0.0] mu=0.6928203419545677 rolling=Some(0.004745146282232126)
point_diagnostic point=23 body=5 position=DVec3(-1.158075094984715, 0.0, -5.124999995072796) speed=[8.905080728371928e-9, -0.005956971274403799, 0.008243773026427481, -0.4138024395695824, 4.787755550167347e-8] impulse=[20.303891149068747, 8.23891611079818, -11.401723997344249, 0.09645441166048646, -1.1160523611219251e-8] mu=0.6928203419545677 rolling=Some(0.004750538256550448)
point_diagnostic point=24 body=7 position=DVec3(1.3419247137549664, -1.2016966858607803e-16, -1.8749999999999998) speed=[-5.853282497580992e-9, 2.475233926994635e-9, 6.933523583052548e-8, -0.4863017545088261, 4.787755550167347e-8] impulse=[20.974822730249834, 0.01200442381647075, -14.098018927389594, 0.09964169031365079, -9.809942684212507e-9] mu=0.6928203419545677 rolling=Some(0.004750537899419207)
point_diagnostic point=25 body=7 position=DVec3(1.3390962930830594, 0.0, -1.8749999999999998) speed=[0.0013754600819548823, 4.050970608385636e-9, 6.933523588603663e-8, -0.4863017545088261, 4.787755550167347e-8] impulse=[0.0, 0.0, 0.0, 0.0, 0.0] mu=0.6928203419545677 rolling=Some(0.004745145942333646)
point_diagnostic point=26 body=7 position=DVec3(1.3390962930830592, 0.0, -2.125) speed=[0.0013754720513438623, 4.050970608385742e-9, -6.994184348352306e-8, -0.4863017545088261, 4.787755550167347e-8] impulse=[0.0, 0.0, 0.0, 0.0, 0.0] mu=0.6928203419545677 rolling=Some(0.004745145942333645)
point_diagnostic point=27 body=7 position=DVec3(1.3419247137549664, -1.2016966858607803e-16, -2.125) speed=[6.116106399112198e-9, 2.475233926994635e-9, -6.994184348352306e-8, -0.4863017545088261, 4.787755550167347e-8] impulse=[20.974391257046598, 0.011509246736178053, -14.11916991813927, 0.09963964058384621, -9.810267653083228e-9] mu=0.6928203419545677 rolling=Some(0.004750537899419207)
point_diagnostic point=28 body=7 position=DVec3(1.3395106196403506, -0.0009999305362091704, -1.8749999999999998) speed=[0.0011739723502046107, 3.772271607458895e-9, -0.00048619863890958515, -0.4863017545088261, 4.787755550167347e-8] impulse=[0.0, 0.0, 0.0, 0.0, 0.0] mu=0.6928203419545677 rolling=Some(0.004755386830255723)
point_diagnostic point=29 body=7 position=DVec3(1.1604894995689397, -0.0009999305362091704, -1.8749999999999998) speed=[0.08823225713506694, 1.0350642658732573e-7, -0.00048619863890958515, -0.4863017545088261, 4.787755550167347e-8] impulse=[0.0, 0.0, 0.0, 0.0, 0.0] mu=0.6928203419545677 rolling=Some(0.004755386830255722)
point_diagnostic point=30 body=7 position=DVec3(1.1604894995689392, -0.0009999305362091704, -2.125) speed=[0.08823226910445608, 1.0350642658732595e-7, -0.0004863379159888992, -0.4863017545088261, 4.787755550167347e-8] impulse=[0.0, 0.0, 0.0, 0.0, 0.0] mu=0.6928203419545677 rolling=Some(0.004755386830255722)
point_diagnostic point=31 body=7 position=DVec3(1.339510619640354, -0.0009999305362091704, -2.125) speed=[0.001173984319591842, 3.772271607457095e-9, -0.0004863379159888992, -0.4863017545088261, 4.787755550167347e-8] impulse=[0.0, 0.0, 0.0, 0.0, 0.0] mu=0.6928203419545677 rolling=Some(0.004755386830255729)
point_diagnostic point=32 body=7 position=DVec3(1.1609036162687163, 0.0, -1.8749999999999996) speed=[0.08803087145739419, 1.0332359295925613e-7, 6.933523588603663e-8, -0.4863017545088261, 4.787755550167347e-8] impulse=[0.0, 0.0, 0.0, 0.0, 0.0] mu=0.6928203419545677 rolling=Some(0.004745146336368618)
point_diagnostic point=33 body=7 position=DVec3(1.1580752013164965, -7.81102966818892e-16, -1.8749999999999998) speed=[0.08940633461113762, 1.0489932645416179e-7, 6.933523549745857e-8, -0.4863017545088261, 4.787755550167347e-8] impulse=[0.0, 0.0, 0.0, 0.0, 0.0] mu=0.6928203419545677 rolling=Some(0.0047505382944338145)
point_diagnostic point=34 body=7 position=DVec3(1.1580752013164965, -7.81102966818892e-16, -2.1249999999999964) speed=[0.08940634658052654, 1.0489932645416179e-7, -6.994184387210112e-8, -0.4863017545088261, 4.787755550167347e-8] impulse=[0.0, 0.0, 0.0, 0.0, 0.0] mu=0.6928203419545677 rolling=Some(0.004750538294433805)
point_diagnostic point=35 body=7 position=DVec3(1.1609036162687163, 0.0, -2.1249999999999964) speed=[0.08803088342678306, 1.0332359295925613e-7, -6.994184348352306e-8, -0.4863017545088261, 4.787755550167347e-8] impulse=[0.0, 0.0, 0.0, 0.0, 0.0] mu=0.6928203419545677 rolling=Some(0.004745146336368608)
point_diagnostic point=36 body=9 position=DVec3(1.160903694398729, 0.0, -4.8750000052579106) speed=[0.08803025591212724, 1.0332354943237628e-7, 6.985430944794757e-8, -0.4862980310252018, 4.787755550167347e-8] impulse=[0.0, 0.0, 0.0, 0.0, 0.0] mu=0.6928203419545677 rolling=Some(0.00474514617581842)
point_diagnostic point=37 body=9 position=DVec3(1.1580752672923746, 0.0, -4.875000004927214) speed=[0.08940571444484566, 1.0489928969845136e-7, 6.985430961448102e-8, -0.4862980310252018, 4.787755550167347e-8] impulse=[0.0, 0.0, 0.0, 0.0, 0.0] mu=0.6928203419545677 rolling=Some(0.004750538153802952)
point_diagnostic point=38 body=9 position=DVec3(1.1580752520992823, 0.0, -5.125000004927204) speed=[0.08940573380260544, 1.0489929816264948e-7, -6.942276969956751e-8, -0.4862980310252018, 4.787755550167347e-8] impulse=[0.0, 0.0, 0.0, 0.0, 0.0] mu=0.6928203419545677 rolling=Some(0.004750538209131929)
point_diagnostic point=39 body=9 position=DVec3(1.1609036627607523, 0.0, -5.125000005257899) speed=[0.08803028326700188, 1.0332356705815623e-7, -6.942276992161212e-8, -0.4862980310252018, 4.787755550167347e-8] impulse=[0.0, 0.0, 0.0, 0.0, 0.0] mu=0.6928203419545677 rolling=Some(0.004745146262924382)
point_diagnostic point=40 body=9 position=DVec3(1.3395106404423762, -0.0009999252009630902, -4.8750000053352505) speed=[0.0011740497236771563, 3.772260273915915e-9, -0.000486191802091418, -0.4862980310252018, 4.787755550167347e-8] impulse=[0.0, 0.0, 0.0, 0.0, 0.0] mu=0.6928203419545677 rolling=Some(0.0047553868048999465)
point_diagnostic point=41 body=9 position=DVec3(1.160489520370965, 0.0, -4.87499999466476) speed=[0.08823166792633011, 1.0355428922808949e-7, 6.985431538764075e-8, -0.4862980310252018, 4.787755550167347e-8] impulse=[0.0, 0.0, 0.0, 0.0, 0.0] mu=0.6928203419545677 rolling=Some(0.004745925613458565)
point_diagnostic point=42 body=9 position=DVec3(1.1604895054698101, -1.1920928244535432e-7, -5.124999994664753) speed=[0.08823168714212135, 1.0355429182219787e-7, -1.2739400329087047e-7, -0.4862980310252018, 4.787755550167347e-8] impulse=[0.0, 0.0, 0.0, 0.0, 0.0] mu=0.6928203419545677 rolling=Some(0.004745926741267267)
point_diagnostic point=43 body=9 position=DVec3(1.3395106255412144, -0.0009999252009635343, -5.125000005335244) speed=[0.0011740689394716952, 3.772268575477143e-9, -0.0004863310791709541, -0.4862980310252018, 4.787755550167347e-8] impulse=[0.0, 0.0, 0.0, 0.0, 0.0] mu=0.6928203419545677 rolling=Some(0.004755386804899957)
point_diagnostic point=44 body=9 position=DVec3(1.3419249202083776, 0.0, -4.874999995072795) speed=[-9.772873815760974e-9, 2.4751189100820405e-9, 6.985431516559615e-8, -0.4862980310252018, 4.787755550167347e-8] impulse=[20.9709294880078, -0.010516184266534362, -14.09650630309589, 0.0996232039685024, -9.808778690173132e-9] mu=0.6928203419545677 rolling=Some(0.004750538311879418)
point_diagnostic point=45 body=9 position=DVec3(1.339096513122939, 0.0, -4.874999994742101) speed=[0.0013754390237126768, 4.050848022338556e-9, 6.985431527661845e-8, -0.4862980310252018, 4.787755550167347e-8] impulse=[0.0, 0.0, 0.0, 0.0, 0.0] mu=0.6928203419545677 rolling=Some(0.004745146369338094)
point_diagnostic point=46 body=9 position=DVec3(1.339096481484961, 0.0, -5.1249999947421) speed=[0.0013754663785879584, 4.050865648119253e-9, -6.942276403743008e-8, -0.4862980310252018, 4.787755550167347e-8] impulse=[0.0, 0.0, 0.0, 0.0, 0.0] mu=0.6928203419545677 rolling=Some(0.0047451462822321235)
point_diagnostic point=47 body=9 position=DVec3(1.3419249050152853, 0.0, -5.124999995072796) speed=[9.584885968250134e-9, 2.4751273742801592e-9, -6.942276420396354e-8, -0.4862980310252018, 4.787755550167347e-8] impulse=[20.97823433943298, -0.011157814032894873, -14.120543462495627, 0.0996579047843562, -9.811641269383596e-9] mu=0.6928203419545677 rolling=Some(0.004750538256550448)
surface_diagnostic budget=1024 residual=9.976180465283002e-9 iterations=680
surface_diagnostic budget=4096 residual=9.976180465283002e-9 iterations=680
surface_diagnostic variant=without_rolling residual=9.681007500149293e-9 iterations=248
surface_diagnostic variant=pointwise residual=3.5017061013601036e-7 iterations=256
surface_diagnostic largest_rolling_diagonal_ratio=3.1421130067009752e1

thread 'tests::saved_car_finite_terrain_response_repeats_and_balances_external_momentum' (10476460) panicked at crates/mechanic-bench/src/bin/compiled-response.rs:623:9:
full friction/rolling manifold response must converge at the default iteration bound
note: run with `RUST_BACKTRACE=1` environment variable to display a backtrace
test tests::saved_car_finite_terrain_response_repeats_and_balances_external_momentum ... FAILED

failures:

failures:
    tests::saved_car_finite_terrain_response_repeats_and_balances_external_momentum

test result: FAILED. 0 passed; 1 failed; 0 ignored; 0 measured; 5 filtered out; finished in 0.27s

error: test failed, to rerun pass `-p mechanic-bench --bin compiled-response`
