   Compiling mechanic-physics v0.1.0 (/Users/jens/repos/mechanic/crates/mechanic-physics)
   Compiling mechanic-bench v0.1.0 (/Users/jens/repos/mechanic/crates/mechanic-bench)
    Finished `test` profile [optimized + debuginfo] target(s) in 1.71s
     Running unittests src/bin/compiled-response.rs (target/debug/deps/compiled_response-847b485891a7106d)

running 1 test
saved_car_full_surface_response rows=240 blocks=12 residual=5.887786894695551e-4 iterations=256 factor_solves=4335 response_storage=0 converged=false newton_attempts=64 newton_accepts=53 newton_applications=804 tick_gate=false
point_diagnostic point=0 body=2 position=DVec3(-1.1580752862450334, 0.0, -1.875) speed=[-0.0005010218814198997, 0.005990664746108606, 0.008351356113369068, -0.4136763278867484, 8.058096111529793e-7] impulse=[19.057430277307553, -7.701590903918204, -10.724486863497841, 0.0905330447977099, -1.798827308330655e-7] mu=0.6928203419545677 rolling=Some(0.004750537899419207)
point_diagnostic point=1 body=2 position=DVec3(-1.1609037069169403, -5.802306739154185e-16, -1.875) speed=[0.0006690287958535102, 0.00580639441069242, 0.008351356113368846, -0.4136763278867484, 8.058096111529793e-7] impulse=[0.0, 0.0, 0.0, 0.0, 0.0] mu=0.6928203419545677 rolling=Some(0.004745145942333651)
point_diagnostic point=2 body=2 position=DVec3(-1.1609037069169406, -5.802306739154185e-16, -2.125) speed=[0.0006692302482564083, 0.005806394410692405, 0.024638743739831048, -0.4136763278867484, 8.058096111529793e-7] impulse=[0.0, 0.0, 0.0, 0.0, 0.0] mu=0.6928203419545677 rolling=Some(0.004745145942333651)
point_diagnostic point=3 body=2 position=DVec3(-1.1580752862450334, 0.0, -2.125) speed=[-0.0005008204290171125, 0.005990664746108606, 0.02463874373983127, -0.4136763278867484, 8.058096111529793e-7] impulse=[19.057368375678507, -3.1204391853255813, -12.82929646280633, 0.09053275073167508, -1.7988765629271566e-7] mu=0.6928203419545677 rolling=Some(0.004750537899419207)
point_diagnostic point=4 body=2 position=DVec3(-1.1604893803596497, -0.0009999305362091704, -1.8749999999999998) speed=[0.0004976317070875536, 0.005833386793908907, 0.007937708521008224, -0.4136763278867484, 8.058096111529793e-7] impulse=[1.1936756516799534, -0.4901064602101843, -0.6661300505675101, 0.005676389473537764, -2.4959413531716854e-8] mu=0.6928203419545677 rolling=Some(0.004755386830255723)
point_diagnostic point=5 body=2 position=DVec3(-1.3395105004310608, -0.0009999305362091704, -1.8749999999999998) speed=[0.07455443127240158, -0.0058297587097970735, 0.007937708521008224, -0.4136763278867484, 8.058096111529793e-7] impulse=[0.0, 0.0, 0.0, 0.0, 0.0] mu=0.6928203419545677 rolling=Some(0.004755386830255723)
point_diagnostic point=6 body=2 position=DVec3(-1.3395105004310608, -0.0009999305362091704, -2.125) speed=[0.07455463272480436, -0.0058297587097970735, 0.024225096147470426, -0.4136763278867484, 8.058096111529793e-7] impulse=[0.0, 0.0, 0.0, 0.0, 0.0] mu=0.6928203419545677 rolling=Some(0.004755386830255722)
point_diagnostic point=7 body=2 position=DVec3(-1.1604893803596479, -0.0009999305362091704, -2.125) speed=[0.0004978331594895913, 0.005833386793909022, 0.024225096147470426, -0.4136763278867484, 8.058096111529793e-7] impulse=[1.1947094512799548, -0.1938355426429084, -0.8047027667748988, 0.005681305590540707, -2.4971815588205438e-8] mu=0.6928203419545677 rolling=Some(0.004755386830255726)
point_diagnostic point=8 body=2 position=DVec3(-1.3390963837312835, 0.0, -1.875) speed=[0.07438312099672112, -0.00580277838719598, 0.008351356113369068, -0.4136763278867484, 8.058096111529793e-7] impulse=[0.0, 0.0, 0.0, 0.0, 0.0] mu=0.6928203419545677 rolling=Some(0.004745146336368617)
point_diagnostic point=9 body=2 position=DVec3(-1.3419247986835068, 0.0, -1.875) speed=[0.07555316930789685, -0.005987048349977349, 0.008351356113369068, -0.4136763278867484, 8.058096111529793e-7] impulse=[0.0, 0.0, 0.0, 0.0, 0.0] mu=0.6928203419545677 rolling=Some(0.004750538294433813)
point_diagnostic point=10 body=2 position=DVec3(-1.3419247986835068, 0.0, -2.1250000000000004) speed=[0.07555337076029961, -0.005987048349977349, 0.02463874373983127, -0.4136763278867484, 8.058096111529793e-7] impulse=[0.0, 0.0, 0.0, 0.0, 0.0] mu=0.6928203419545677 rolling=Some(0.0047505382944338145)
point_diagnostic point=11 body=2 position=DVec3(-1.3390963837312835, 0.0, -2.125) speed=[0.0743833224491239, -0.00580277838719598, 0.02463874373983127, -0.4136763278867484, 8.058096111529793e-7] impulse=[0.0, 0.0, 0.0, 0.0, 0.0] mu=0.6928203419545677 rolling=Some(0.004745146336368617)
point_diagnostic point=12 body=5 position=DVec3(-1.3390963056012704, 0.0, -4.875000005257905) speed=[0.07439257349498202, 0.0058067031727703985, 0.024622714280970293, -0.41370745916906876, 8.058096111529793e-7] impulse=[0.0, 0.0, 0.0, 0.0, 0.0] mu=0.6928203419545677 rolling=Some(0.004745146175818433)
point_diagnostic point=13 body=5 position=DVec3(-1.341924732707616, -1.5622057672755614e-15, -4.875000004927209) speed=[0.07556271488659294, 0.005990983456816585, 0.024622714302515558, -0.41370745916906876, 8.058096111529793e-7] impulse=[0.0, 0.0, 0.0, 0.0, 0.0] mu=0.6928203419545677 rolling=Some(0.004750538153802962)
point_diagnostic point=14 body=5 position=DVec3(-1.3419247479007081, -1.442036092869749e-15, -5.125000004927206) speed=[0.07556292262449127, 0.005990984446690895, 0.008334484385546403, -0.41370745916906876, 8.058096111529793e-7] impulse=[0.0, 0.0, 0.0, 0.0, 0.0] mu=0.6928203419545677 rolling=Some(0.004750538209131928)
point_diagnostic point=15 body=5 position=DVec3(-1.3390963372392475, -5.802305101355892e-16, -5.125000005257901) speed=[0.07439278803625193, 0.005806705234076981, 0.008334484364001027, -0.41370745916906876, 8.058096111529793e-7] impulse=[0.0, 0.0, 0.0, 0.0, 0.0] mu=0.6928203419545677 rolling=Some(0.004745146262924392)
point_diagnostic point=16 body=5 position=DVec3(-1.1604893595576238, -0.0009999252009630902, -4.8750000053352505) speed=[0.0005015476573180799, -0.005830061640685537, 0.024209037761681484, -0.41370745916906876, 8.058096111529793e-7] impulse=[1.3479669512566366, 0.21862917068278115, -0.907947402764128, 0.0064101042534354825, -1.21613141739765e-8] mu=0.6928203419545677 rolling=Some(0.0047553868048999465)
point_diagnostic point=17 body=5 position=DVec3(-1.3395104796290345, -7.450580152834645e-9, -4.874999994664759) speed=[0.07456392037965359, 0.005833687819923831, 0.02462271188878412, -0.41370745916906876, 8.058096111529793e-7] impulse=[0.0, 0.0, 0.0, 0.0, 0.0] mu=0.6928203419545677 rolling=Some(0.004745925683946609)
point_diagnostic point=18 body=5 position=DVec3(-1.3395104945302014, 0.0, -5.124999994664754) speed=[0.0745641279967803, 0.005833688790784369, 0.008334485054175722, -0.41370745916906876, 8.058096111529793e-7] impulse=[0.0, 0.0, 0.0, 0.0, 0.0] mu=0.6928203419545677 rolling=Some(0.004745925613458582)
point_diagnostic point=19 body=5 position=DVec3(-1.1604893744587919, -0.0009999252009635343, -5.125000005335245) speed=[0.0005017552744452647, -0.00583006066983093, 0.00792080784471233, -0.41370745916906876, 8.058096111529793e-7] impulse=[1.3484924393043456, 0.5535947576453853, -0.7525823438342768, 0.006412603152363703, -1.2158362620692378e-8] mu=0.6928203419545677 rolling=Some(0.004755386804899947)
point_diagnostic point=20 body=5 position=DVec3(-1.1580750797916228, 0.0, -4.874999995072796) speed=[-0.0004972578904057223, -0.005987358210586241, 0.024622714944559976, -0.41370745916906876, 8.058096111529793e-7] impulse=[18.901938465978922, 3.093956631365706, -12.724913165273422, 0.08979438285051856, -3.911951997431463e-7] mu=0.6928203419545677 rolling=Some(0.004750538311879414)
point_diagnostic point=21 body=5 position=DVec3(-1.1609034868770611, 0.0, -4.874999994742102) speed=[0.000672875218406449, -0.005803079230960624, 0.02462271496610563, -0.41370745916906876, 8.058096111529793e-7] impulse=[0.0, 0.0, 0.0, 0.0, 0.0] mu=0.6928203419545677 rolling=Some(0.004745146369338092)
point_diagnostic point=22 body=5 position=DVec3(-1.160903518515039, -5.802301825762389e-16, -5.124999994742099) speed=[0.0006730897596766705, -0.0058030771696539986, 0.008334485049136198, -0.41370745916906876, 8.058096111529793e-7] impulse=[0.0, 0.0, 0.0, 0.0, 0.0] mu=0.6928203419545677 rolling=Some(0.004745146282232126)
point_diagnostic point=23 body=5 position=DVec3(-1.158075094984715, 0.0, -5.124999995072796) speed=[-0.0004970501525073945, -0.00598735722071193, 0.008334485027590655, -0.41370745916906876, 8.058096111529793e-7] impulse=[18.906127382319077, 7.64143447162343, -10.638631577250607, 0.08981428141202064, -3.914585234136478e-7] mu=0.6928203419545677 rolling=Some(0.004750538256550448)
point_diagnostic point=24 body=7 position=DVec3(1.3419247137549664, -1.2016966858607803e-16, -1.8749999999999998) speed=[-0.000588778689469216, 1.2488569952865753e-7, 0.000412934636085438, -0.48576931166869874, 8.058096111529793e-7] impulse=[20.907139602225808, 0.01021114541571316, -14.076827454763444, 0.09932015904867848, -1.6878340319434246e-7] mu=0.6928203419545677 rolling=Some(0.004750537899419207)
point_diagnostic point=25 body=7 position=DVec3(1.3390962930830594, 0.0, -1.8749999999999998) speed=[0.0007851812734325503, 1.2672985952732064e-7, 0.000412934636085438, -0.48576931166869874, 8.058096111529793e-7] impulse=[0.0, 0.0, 0.0, 0.0, 0.0] mu=0.6928203419545677 rolling=Some(0.004745145942333646)
point_diagnostic point=26 body=7 position=DVec3(1.3390962930830592, 0.0, -2.125) speed=[0.0007853827258354484, 1.2672985952732075e-7, 0.00041277163345848633, -0.48576931166869874, 8.058096111529793e-7] impulse=[0.0, 0.0, 0.0, 0.0, 0.0] mu=0.6928203419545677 rolling=Some(0.004745145942333645)
point_diagnostic point=27 body=7 position=DVec3(1.3419247137549664, -1.2016966858607803e-16, -2.125) speed=[-0.0005885772370664011, 1.2488569952865753e-7, 0.00041277163345848633, -0.48576931166869874, 8.058096111529793e-7] impulse=[20.90669847120174, 0.00989857171929129, -14.086860582547583, 0.09931806343903136, -1.6799424105884946e-7] mu=0.6928203419545677 rolling=Some(0.004750537899419207)
point_diagnostic point=28 body=7 position=DVec3(1.3395106196403506, -0.0009999305362091704, -1.8749999999999998) speed=[0.0005839141468911846, 1.2565396062172886e-7, -7.280093220535244e-5, -0.48576931166869874, 8.058096111529793e-7] impulse=[0.0022374462452334105, -2.642259603077614e-5, -0.0015499230670776144, 1.0639922407867108e-5, 5.073669897309534e-11] mu=0.6928203419545677 rolling=Some(0.004755386830255723)
point_diagnostic point=29 body=7 position=DVec3(1.1604894995689397, -0.0009999305362091704, -1.8749999999999998) speed=[0.0875468804181399, 2.423776120328129e-7, -7.280093220535244e-5, -0.48576931166869874, 8.058096111529793e-7] impulse=[0.0, 0.0, 0.0, 0.0, 0.0] mu=0.6928203419545677 rolling=Some(0.004755386830255722)
point_diagnostic point=30 body=7 position=DVec3(1.1604894995689392, -0.0009999305362091704, -2.125) speed=[0.08754708187054294, 2.423776120328132e-7, -7.296393483230412e-5, -0.48576931166869874, 8.058096111529793e-7] impulse=[0.0, 0.0, 0.0, 0.0, 0.0] mu=0.6928203419545677 rolling=Some(0.004755386830255722)
point_diagnostic point=31 body=7 position=DVec3(1.339510619640354, -0.0009999305362091704, -2.125) speed=[0.0005841155992923341, 1.2565396062172664e-7, -7.296393483230412e-5, -0.48576931166869874, 8.058096111529793e-7] impulse=[0.004673895253658519, -4.700517912647558e-5, -0.003237828527005929, 2.2226179935209575e-5, 3.8245681804747544e-11] mu=0.6928203419545677 rolling=Some(0.004755386830255729)
point_diagnostic point=32 body=7 position=DVec3(1.1609036162687163, 0.0, -1.8749999999999996) speed=[0.08734571523393891, 2.429133572296509e-7, 0.000412934636085438, -0.48576931166869874, 8.058096111529793e-7] impulse=[0.0, 0.0, 0.0, 0.0, 0.0] mu=0.6928203419545677 rolling=Some(0.004745146336368618)
point_diagnostic point=33 body=7 position=DVec3(1.1580752013164965, -7.81102966818892e-16, -1.8749999999999998) speed=[0.08871967241839218, 2.4475751349901724e-7, 0.00041293463608510494, -0.48576931166869874, 8.058096111529793e-7] impulse=[0.0, 0.0, 0.0, 0.0, 0.0] mu=0.6928203419545677 rolling=Some(0.0047505382944338145)
point_diagnostic point=34 body=7 position=DVec3(1.1580752013164965, -7.81102966818892e-16, -2.1249999999999964) speed=[0.08871987387079494, 2.4475751349901724e-7, 0.00041277163345815326, -0.48576931166869874, 8.058096111529793e-7] impulse=[0.0, 0.0, 0.0, 0.0, 0.0] mu=0.6928203419545677 rolling=Some(0.004750538294433805)
point_diagnostic point=35 body=7 position=DVec3(1.1609036162687163, 0.0, -2.1249999999999964) speed=[0.08734591668634173, 2.429133572296509e-7, 0.00041277163345848633, -0.48576931166869874, 8.058096111529793e-7] impulse=[0.0, 0.0, 0.0, 0.0, 0.0] mu=0.6928203419545677 rolling=Some(0.004745146336368608)
point_diagnostic point=36 body=9 position=DVec3(1.160903694398729, 0.0, -4.8750000052579106) speed=[0.0873542562464685, 2.429133062880616e-7, 0.00039957418456254556, -0.4857947112696015, 8.058096111529793e-7] impulse=[0.0, 0.0, 0.0, 0.0, 0.0] mu=0.6928203419545677 rolling=Some(0.00474514617581842)
point_diagnostic point=37 body=9 position=DVec3(1.1580752672923746, 0.0, -4.875000004927214) speed=[0.08872829117594674, 2.4475747048205207e-7, 0.0003995741845627676, -0.4857947112696015, 8.058096111529793e-7] impulse=[0.0, 0.0, 0.0, 0.0, 0.0] mu=0.6928203419545677 rolling=Some(0.004750538153802952)
point_diagnostic point=38 body=9 position=DVec3(1.1580752520992823, 0.0, -5.125000004927204) speed=[0.08872850000907342, 2.447574803881079e-7, 0.00039941118193581593, -0.4857947112696015, 8.058096111529793e-7] impulse=[0.0, 0.0, 0.0, 0.0, 0.0] mu=0.6928203419545677 rolling=Some(0.004750538209131929)
point_diagnostic point=39 body=9 position=DVec3(1.1609036627607523, 0.0, -5.125000005257899) speed=[0.087354473068433, 2.429133269163548e-7, 0.0003994111819355939, -0.4857947112696015, 8.058096111529793e-7] impulse=[0.0, 0.0, 0.0, 0.0, 0.0] mu=0.6928203419545677 rolling=Some(0.004745146262924382)
point_diagnostic point=40 body=9 position=DVec3(1.3395106404423762, -0.0009999252009630902, -4.8750000053352505) speed=[0.0005879464624496678, 1.2565395135778214e-7, -8.618418973055375e-5, -0.4857947112696015, 8.058096111529793e-7] impulse=[0.1531708116118086, -0.0009109912157755462, -0.10611594378139168, 0.0007283864564336374, -1.1903077715099806e-9] mu=0.6928203419545677 rolling=Some(0.0047553868048999465)
point_diagnostic point=41 body=9 position=DVec3(1.160489520370965, 0.0, -4.87499999466476) speed=[0.08755545979869286, 2.4318335210623627e-7, 0.00039957418456942895, -0.4857947112696015, 8.058096111529793e-7] impulse=[0.0, 0.0, 0.0, 0.0, 0.0] mu=0.6928203419545677 rolling=Some(0.004745925613458565)
point_diagnostic point=42 body=9 position=DVec3(1.1604895054698101, -1.1920928244535432e-7, -5.124999994664753) speed=[0.08755566848999793, 2.4318326576196037e-7, 0.00039935327070356186, -0.4857947112696015, 8.058096111529793e-7] impulse=[0.0, 0.0, 0.0, 0.0, 0.0] mu=0.6928203419545677 rolling=Some(0.004745926741267267)
point_diagnostic point=43 body=9 position=DVec3(1.3395106255412144, -0.0009999252009635343, -5.125000005335244) speed=[0.000588155153758041, 1.256539610734958e-7, -8.634719235772748e-5, -0.4857947112696015, 8.058096111529793e-7] impulse=[0.16038841819718952, -0.0009362480901558579, -0.11111641447700896, 0.0007627089675526612, -1.253455230729598e-9] mu=0.6928203419545677 rolling=Some(0.004755386804899957)
point_diagnostic point=44 body=9 position=DVec3(1.3419249202083776, 0.0, -4.874999995072795) speed=[-0.0005848978794073256, 1.2488556491886394e-7, 0.0003995741845692069, -0.4857947112696015, 8.058096111529793e-7] impulse=[20.7502269661459, -0.008373217909736207, -13.968723476099699, 0.09857474818282343, -9.530879779368389e-8] mu=0.6928203419545677 rolling=Some(0.004750538311879418)
point_diagnostic point=45 body=9 position=DVec3(1.339096513122939, 0.0, -4.874999994742101) speed=[0.000789127324015898, 1.2672971605900693e-7, 0.00039957418456937344, -0.4857947112696015, 8.058096111529793e-7] impulse=[0.0, 0.0, 0.0, 0.0, 0.0] mu=0.6928203419545677 rolling=Some(0.004745146369338094)
point_diagnostic point=46 body=9 position=DVec3(1.339096481484961, 0.0, -5.1249999947421) speed=[0.0007893441459811135, 1.267297366873011e-7, 0.00039941118194242176, -0.4857947112696015, 8.058096111529793e-7] impulse=[0.0, 0.0, 0.0, 0.0, 0.0] mu=0.6928203419545677 rolling=Some(0.0047451462822321235)
point_diagnostic point=47 body=9 position=DVec3(1.3419249050152853, 0.0, -5.124999995072796) speed=[-0.0005846890462806176, 1.2488557482491987e-7, 0.0003994111819421997, -0.4857947112696015, 8.058096111529793e-7] impulse=[20.758225079940992, -0.008722436954555815, -13.981693585132293, 0.09861274238029931, -9.456171156967757e-8] mu=0.6928203419545677 rolling=Some(0.004750538256550448)
surface_diagnostic budget=1024 residual=5.0154160905878675e-9 iterations=368
surface_diagnostic budget=4096 residual=5.0154160905878675e-9 iterations=368
surface_diagnostic variant=without_rolling residual=6.055585115998283e-9 iterations=208
surface_diagnostic variant=pointwise residual=5.479439222039472e-4 iterations=256
surface_diagnostic largest_rolling_diagonal_ratio=3.1421130067009752e1

thread 'tests::saved_car_finite_terrain_response_repeats_and_balances_external_momentum' (10477083) panicked at crates/mechanic-bench/src/bin/compiled-response.rs:639:9:
full friction/rolling manifold response must converge at the default iteration bound
note: run with `RUST_BACKTRACE=1` environment variable to display a backtrace
test tests::saved_car_finite_terrain_response_repeats_and_balances_external_momentum ... FAILED

failures:

failures:
    tests::saved_car_finite_terrain_response_repeats_and_balances_external_momentum

test result: FAILED. 0 passed; 1 failed; 0 ignored; 0 measured; 5 filtered out; finished in 0.15s

error: test failed, to rerun pass `-p mechanic-bench --bin compiled-response`
