   Compiling mechanic-physics v0.1.0 (/Users/jens/repos/mechanic/crates/mechanic-physics)
   Compiling mechanic-bench v0.1.0 (/Users/jens/repos/mechanic/crates/mechanic-bench)
    Finished `test` profile [optimized + debuginfo] target(s) in 1.60s
     Running unittests src/bin/compiled-response.rs (target/debug/deps/compiled_response-847b485891a7106d)

running 1 test
saved_car_full_surface_response rows=240 blocks=12 residual=8.502769315867681e-4 iterations=256 factor_solves=5773 response_storage=0 converged=false newton_attempts=64 newton_accepts=12 newton_applications=1968 tick_gate=false
point_diagnostic point=0 body=2 position=DVec3(-1.1580752862450334, 0.0, -1.875) speed=[-0.0007228522581111396, 0.006002800591480494, 0.008236335024417063, -0.41410896750894666, -3.2852326502991754e-6] impulse=[16.372260078624503, -6.571678289209638, -9.245403373161377, 0.07777704200023192, 6.1378459693261e-7] mu=0.6928203419545677 rolling=Some(0.004750537899419207)
point_diagnostic point=1 body=2 position=DVec3(-1.1609037069169403, -5.802306739154185e-16, -1.875) speed=[0.0004484221060132021, 0.005818143560027273, 0.008236335024416841, -0.41410896750894666, -3.2852326502991754e-6] impulse=[0.9127121116832378, -0.36389807730567164, -0.5171450885496646, 0.004330952173123875, 3.587928060288072e-8] mu=0.6928203419545677 rolling=Some(0.004745145942333651)
point_diagnostic point=2 body=2 position=DVec3(-1.1609037069169406, -5.802306739154185e-16, -2.125) speed=[0.0004476007978507224, 0.005818143560027259, 0.0245579021526125, -0.41410896750894666, -3.2852326502991754e-6] impulse=[0.921560054765374, -0.147570031809807, -0.621187665227274, 0.0043729369543344275, 3.649229236359956e-8] mu=0.6928203419545677 rolling=Some(0.004745145942333651)
point_diagnostic point=3 body=2 position=DVec3(-1.1580752862450334, 0.0, -2.125) speed=[-0.0007236735662737026, 0.006002800591480494, 0.02455790215261272, -0.41410896750894666, -3.2852326502991754e-6] impulse=[16.37420172453749, -2.7473718226714343, -11.006675543286429, 0.07778626586266495, 6.218561129988293e-7] mu=0.6928203419545677 rolling=Some(0.004750537899419207)
point_diagnostic point=4 body=2 position=DVec3(-1.1604893803596497, -0.0009999305362091704, -1.8749999999999998) speed=[0.0002768457631620036, 0.0058451966799029755, 0.00782225482248683, -0.41410896750894666, -3.2852326502991754e-6] impulse=[2.9421651558418804, -1.2278432272150863, -1.6270963162774121, 0.013991133434205693, 9.487667047388963e-8] mu=0.6928203419545677 rolling=Some(0.004755386830255723)
point_diagnostic point=5 body=2 position=DVec3(-1.3395105004310608, -0.0009999305362091704, -1.8749999999999998) speed=[0.07441109695822926, -0.005842424234538253, 0.00782225482248683, -0.41410896750894666, -3.2852326502991754e-6] impulse=[0.0, 0.0, 0.0, 0.0, 0.0] mu=0.6928203419545677 rolling=Some(0.004755386830255723)
point_diagnostic point=6 body=2 position=DVec3(-1.3395105004310608, -0.0009999305362091704, -2.125) speed=[0.07441027565006669, -0.005842424234538253, 0.02414382195068243, -0.41410896750894666, -3.2852326502991754e-6] impulse=[0.0, 0.0, 0.0, 0.0, 0.0] mu=0.6928203419545677 rolling=Some(0.004755386830255722)
point_diagnostic point=7 body=2 position=DVec3(-1.1604893803596479, -0.0009999305362091704, -2.125) speed=[0.0002760244549986912, 0.005845196679903092, 0.02414382195068243, -0.41410896750894666, -3.2852326502991754e-6] impulse=[2.943472590667035, -0.48351736052511995, -1.981147647917523, 0.013997350792543524, 9.629896527336278e-8] mu=0.6928203419545677 rolling=Some(0.004755386830255726)
point_diagnostic point=8 body=2 position=DVec3(-1.3390963837312835, 0.0, -1.875) speed=[0.07423960751925623, -0.00581539138548541, 0.008236335024417063, -0.41410896750894666, -3.2852326502991754e-6] impulse=[0.0, 0.0, 0.0, 0.0, 0.0] mu=0.6928203419545677 rolling=Some(0.004745146336368617)
point_diagnostic point=9 body=2 position=DVec3(-1.3419247986835068, 0.0, -1.875) speed=[0.0754108795148083, -0.0060000480435218285, 0.008236335024417063, -0.41410896750894666, -3.2852326502991754e-6] impulse=[0.0, 0.0, 0.0, 0.0, 0.0] mu=0.6928203419545677 rolling=Some(0.004750538294433813)
point_diagnostic point=10 body=2 position=DVec3(-1.3419247986835068, 0.0, -2.1250000000000004) speed=[0.07541005820664576, -0.0060000480435218285, 0.02455790215261272, -0.41410896750894666, -3.2852326502991754e-6] impulse=[0.0, 0.0, 0.0, 0.0, 0.0] mu=0.6928203419545677 rolling=Some(0.0047505382944338145)
point_diagnostic point=11 body=2 position=DVec3(-1.3390963837312835, 0.0, -2.125) speed=[0.0742387862110937, -0.00581539138548541, 0.02455790215261272, -0.41410896750894666, -3.2852326502991754e-6] impulse=[0.0, 0.0, 0.0, 0.0, 0.0] mu=0.6928203419545677 rolling=Some(0.004745146336368617)
point_diagnostic point=12 body=5 position=DVec3(-1.3390963056012704, 0.0, -4.875000005257905) speed=[0.07426502003346597, 0.0058083949793802355, 0.024521547309241998, -0.4142166335051428, -3.2852326502991754e-6] impulse=[0.0, 0.0, 0.0, 0.0, 0.0] mu=0.6928203419545677 rolling=Some(0.004745146175818433)
point_diagnostic point=13 body=5 position=DVec3(-1.341924732707616, -1.5622057672755614e-15, -4.875000004927209) speed=[0.07543660158757226, 0.005992742682315889, 0.02452154733079509, -0.4142166335051428, -3.2852326502991754e-6] impulse=[0.0, 0.0, 0.0, 0.0, 0.0] mu=0.6928203419545677 rolling=Some(0.004750538153802962)
point_diagnostic point=14 body=5 position=DVec3(-1.3419247479007081, -1.442036092869749e-15, -5.125000004927206) speed=[0.07543578657264116, 0.005992743672552345, 0.008227358369546856, -0.4142166335051428, -3.2852326502991754e-6] impulse=[0.0, 0.0, 0.0, 0.0, 0.0] mu=0.6928203419545677 rolling=Some(0.004750538209131928)
point_diagnostic point=15 body=5 position=DVec3(-1.3390963372392475, -5.802305101355892e-16, -5.125000005257901) speed=[0.07426421183027976, 0.005808397041440946, 0.008227358347993652, -0.4142166335051428, -3.2852326502991754e-6] impulse=[0.0, 0.0, 0.0, 0.0, 0.0] mu=0.6928203419545677 rolling=Some(0.004745146262924392)
point_diagnostic point=16 body=5 position=DVec3(-1.1604893595576238, -0.0009999252009630902, -4.8750000053352505) speed=[0.00028305212263174395, -0.005832623050139559, 0.02410736165370103, -0.4142166335051428, -3.2852326502991754e-6] impulse=[3.2027894504505614, 0.5263154844312434, -2.155635680656177, 0.0152305026909533, 1.3378758408307414e-7] mu=0.6928203419545677 rolling=Some(0.0047553868048999465)
point_diagnostic point=17 body=5 position=DVec3(-1.3395104796290345, -7.450580152834645e-9, -4.874999994664759) speed=[0.07443657780496649, 0.005835389498889632, 0.02452154491351466, -0.4142166335051428, -3.2852326502991754e-6] impulse=[0.0, 0.0, 0.0, 0.0, 0.0] mu=0.6928203419545677 rolling=Some(0.004745925683946609)
point_diagnostic point=18 body=5 position=DVec3(-1.3395104945302014, 0.0, -5.124999994664754) speed=[0.07443576266911511, 0.005835390470074876, 0.008227359038420812, -0.4142166335051428, -3.2852326502991754e-6] impulse=[0.0, 0.0, 0.0, 0.0, 0.0] mu=0.6928203419545677 rolling=Some(0.004745925613458582)
point_diagnostic point=19 body=5 position=DVec3(-1.1604893744587919, -0.0009999252009635343, -5.125000005335245) speed=[0.00028223698678084275, -0.005832622078929765, 0.007813172692452741, -0.4142166335051428, -3.2852326502991754e-6] impulse=[3.182020565131973, 1.3232364984768332, -1.7632832374769223, 0.015131738607749728, 1.342862060105938e-7] mu=0.6928203419545677 rolling=Some(0.004755386804899947)
point_diagnostic point=20 body=5 position=DVec3(-1.1580750797916228, 0.0, -4.874999995072796) speed=[-0.0007169827143470586, -0.005989981257976629, 0.02452154797307443, -0.4142166335051428, -3.2852326502991754e-6] impulse=[16.25862272133155, 2.7250994109759326, -10.929702204285906, 0.07723721013434066, 5.181488331356095e-7] mu=0.6928203419545677 rolling=Some(0.004750538311879414)
point_diagnostic point=21 body=5 position=DVec3(-1.1609034868770611, 0.0, -4.874999994742102) speed=[0.0004545905467663869, -0.0058056348599387665, 0.024521547994627968, -0.4142166335051428, -3.2852326502991754e-6] impulse=[0.8000198926079286, 0.12793313959820155, -0.5393036303084393, 0.00379621148873463, 2.3402245629736454e-8] mu=0.6928203419545677 rolling=Some(0.004745146369338092)
point_diagnostic point=22 body=5 position=DVec3(-1.160903518515039, -5.802301825762389e-16, -5.124999994742099) speed=[0.00045378234358045555, -0.005805632797878013, 0.008227359033379511, -0.4142166335051428, -3.2852326502991754e-6] impulse=[0.7803229116351207, 0.3107573382910068, -0.4423841531410566, 0.0037027463630150918, 2.2905779022296825e-8] mu=0.6928203419545677 rolling=Some(0.004745146282232126)
point_diagnostic point=23 body=5 position=DVec3(-1.158075094984715, 0.0, -5.124999995072796) speed=[-0.0007177977292781301, -0.0059899802677401736, 0.008227359011825974, -0.4142166335051428, -3.2852326502991754e-6] impulse=[16.245833700743933, 6.524407495836561, -9.171539010084672, 0.07717645450315783, 5.245724455354921e-7] mu=0.6928203419545677 rolling=Some(0.004750538256550448)
point_diagnostic point=24 body=7 position=DVec3(1.3419247137549664, -1.2016966858607803e-16, -1.8749999999999998) speed=[-0.0008494556234246442, -3.8118356439336685e-7, 0.0005949127434509704, -0.4856546924227405, -3.2852326502991754e-6] impulse=[18.19631370334769, 0.011936092988957333, -12.179367225379963, 0.08644227787550665, 5.832422841997245e-7] mu=0.6928203419545677 rolling=Some(0.004750537899419207)
point_diagnostic point=25 body=7 position=DVec3(1.3390962930830594, 0.0, -1.8749999999999998) speed=[0.0005241801480324049, -3.7925847873105524e-7, 0.000594912743451026, -0.4856546924227405, -3.2852326502991754e-6] impulse=[0.13233102335989327, 0.00013955987576299046, -0.09168151862880854, 0.0006279300185265761, 4.264386205637899e-9] mu=0.6928203419545677 rolling=Some(0.004745145942333646)
point_diagnostic point=26 body=7 position=DVec3(1.3390962930830592, 0.0, -2.125) speed=[0.0005233588398699807, -3.7925847873105503e-7, 0.0005947425879220813, -0.4856546924227405, -3.2852326502991754e-6] impulse=[0.14653521111456586, 0.00013535744262199424, -0.101522484834704, 0.0006953309624125177, 4.829013432003766e-9] mu=0.6928203419545677 rolling=Some(0.004745145942333645)
point_diagnostic point=27 body=7 position=DVec3(1.3419247137549664, -1.2016966858607803e-16, -2.125) speed=[-0.0008502769315872072, -3.8118356439336685e-7, 0.0005947425879220258, -0.4856546924227405, -3.2852326502991754e-6] impulse=[18.200125099974976, 0.010553770498709533, -12.215788365067656, 0.08646038405963742, 5.828377421019823e-7] mu=0.6928203419545677 rolling=Some(0.004750537899419207)
point_diagnostic point=28 body=7 position=DVec3(1.3395106196403506, -0.0009999305362091704, -1.8749999999999998) speed=[0.00032296051128863357, -3.7625547410355783e-7, 0.00010929178644425441, -0.4856546924227405, -3.2852326502991754e-6] impulse=[2.536428159290227, -0.0004114586340897034, -1.7572889764923696, 0.012061697064269017, 8.637499567635852e-8] mu=0.6928203419545677 rolling=Some(0.004755386830255723)
point_diagnostic point=29 body=7 position=DVec3(1.1604894995689397, -0.0009999305362091704, -1.8749999999999998) speed=[0.08726540751674422, -2.5440974057337357e-7, 0.00010929178644425441, -0.4856546924227405, -3.2852326502991754e-6] impulse=[0.0, 0.0, 0.0, 0.0, 0.0] mu=0.6928203419545677 rolling=Some(0.004755386830255722)
point_diagnostic point=30 body=7 position=DVec3(1.1604894995689392, -0.0009999305362091704, -2.125) speed=[0.08726458620858185, -2.5440974057337325e-7, 0.0001091216309153098, -0.4856546924227405, -3.2852326502991754e-6] impulse=[0.0, 0.0, 0.0, 0.0, 0.0] mu=0.6928203419545677 rolling=Some(0.004755386830255722)
point_diagnostic point=31 body=7 position=DVec3(1.339510619640354, -0.0009999305362091704, -2.125) speed=[0.00032213920312446076, -3.7625547410356005e-7, 0.0001091216309153098, -0.4856546924227405, -3.2852326502991754e-6] impulse=[2.5542414111101825, -0.0019010668166745696, -1.7696293867468544, 0.012146405967371146, 8.76193921294127e-8] mu=0.6928203419545677 rolling=Some(0.004755386830255729)
point_diagnostic point=32 body=7 position=DVec3(1.1609036162687163, 0.0, -1.8749999999999996) speed=[0.08706428979828706, -2.5797660200338283e-7, 0.000594912743451026, -0.4856546924227405, -3.2852326502991754e-6] impulse=[0.0, 0.0, 0.0, 0.0, 0.0] mu=0.6928203419545677 rolling=Some(0.004745146336368618)
point_diagnostic point=33 body=7 position=DVec3(1.1580752013164965, -7.81102966818892e-16, -1.8749999999999998) speed=[0.08843792279195123, -2.560515202340134e-7, 0.0005949127434506374, -0.4856546924227405, -3.2852326502991754e-6] impulse=[0.0, 0.0, 0.0, 0.0, 0.0] mu=0.6928203419545677 rolling=Some(0.0047505382944338145)
point_diagnostic point=34 body=7 position=DVec3(1.1580752013164965, -7.81102966818892e-16, -2.1249999999999964) speed=[0.08843710148378864, -2.560515202340134e-7, 0.0005947425879216928, -0.4856546924227405, -3.2852326502991754e-6] impulse=[0.0, 0.0, 0.0, 0.0, 0.0] mu=0.6928203419545677 rolling=Some(0.004750538294433805)
point_diagnostic point=35 body=7 position=DVec3(1.1609036162687163, 0.0, -2.1249999999999964) speed=[0.08706346849012447, -2.5797660200338283e-7, 0.0005947425879220813, -0.4856546924227405, -3.2852326502991754e-6] impulse=[0.0, 0.0, 0.0, 0.0, 0.0] mu=0.6928203419545677 rolling=Some(0.004745146336368608)
point_diagnostic point=36 body=9 position=DVec3(1.160903694398729, 0.0, -4.8750000052579106) speed=[0.08707590177472938, -2.5797665518039735e-7, 0.0005817292118392436, -0.48567950682374544, -3.2852326502991754e-6] impulse=[0.0, 0.0, 0.0, 0.0, 0.0] mu=0.6928203419545677 rolling=Some(0.00474514617581842)
point_diagnostic point=37 body=9 position=DVec3(1.1580752672923746, 0.0, -4.875000004927214) speed=[0.08844961085683153, -2.5605156513865853e-7, 0.0005817292118395212, -0.48567950682374544, -3.2852326502991754e-6] impulse=[0.0, 0.0, 0.0, 0.0, 0.0] mu=0.6928203419545677 rolling=Some(0.004750538153802952)
point_diagnostic point=38 body=9 position=DVec3(1.1580752520992823, 0.0, -5.125000004927204) speed=[0.08844879692764254, -2.560515547979039e-7, 0.0005815590563105211, -0.48567950682374544, -3.2852326502991754e-6] impulse=[0.0, 0.0, 0.0, 0.0, 0.0] mu=0.6928203419545677 rolling=Some(0.004750538209131929)
point_diagnostic point=39 body=9 position=DVec3(1.1609036627607523, 0.0, -5.125000005257899) speed=[0.08707509583248371, -2.579766336468907e-7, 0.000581559056310299, -0.48567950682374544, -3.2852326502991754e-6] impulse=[0.0, 0.0, 0.0, 0.0, 0.0] mu=0.6928203419545677 rolling=Some(0.004745146262924382)
point_diagnostic point=40 body=9 position=DVec3(1.3395106404423762, -0.0009999252009630902, -4.8750000053352505) speed=[0.0003301683049551918, -3.7625550578940136e-7, 9.608603337485366e-5, -0.48567950682374544, -3.2852326502991754e-6] impulse=[2.804308924961016, -0.003975589088229971, -1.9428782008434269, 0.013335573658329688, 8.841268752602027e-8] mu=0.6928203419545677 rolling=Some(0.0047553868048999465)
point_diagnostic point=41 body=9 position=DVec3(1.160489520370965, 0.0, -4.87499999466476) speed=[0.08727705761230772, -2.576947591772782e-7, 0.0005817292118464601, -0.48567950682374544, -3.2852326502991754e-6] impulse=[0.0, 0.0, 0.0, 0.0, 0.0] mu=0.6928203419545677 rolling=Some(0.004745925613458565)
point_diagnostic point=42 body=9 position=DVec3(1.1604895054698101, -1.1920928244535432e-7, -5.124999994664753) speed=[0.08727624354133076, -2.576943574049951e-7, 0.0005815011588120589, -0.48567950682374544, -3.2852326502991754e-6] impulse=[0.0, 0.0, 0.0, 0.0, 0.0] mu=0.6928203419545677 rolling=Some(0.004745926741267267)
point_diagnostic point=43 body=9 position=DVec3(1.3395106255412144, -0.0009999252009635343, -5.125000005335244) speed=[0.0003293542339815603, -3.762554956473394e-7, 9.5915877845687e-5, -0.48567950682374544, -3.2852326502991754e-6] impulse=[2.7873321226319, -0.0031629744366332407, -1.931117804029246, 0.013254842396541688, 8.855834821789644e-8] mu=0.6928203419545677 rolling=Some(0.004755386804899957)
point_diagnostic point=44 body=9 position=DVec3(1.3419249202083776, 0.0, -4.874999995072795) speed=[-0.0008423979010971916, -3.811837049101244e-7, 0.000581729211846238, -0.48567950682374544, -3.2852326502991754e-6] impulse=[18.078404432629334, -0.005847869581323988, -12.13307835054407, 0.08588215287266876, 6.126395927404997e-7] mu=0.6928203419545677 rolling=Some(0.004750538311879418)
point_diagnostic point=45 body=9 position=DVec3(1.339096513122939, 0.0, -4.874999994742101) speed=[0.0005313014572564667, -3.792586284950636e-7, 0.0005817292118464601, -0.48567950682374544, -3.2852326502991754e-6] impulse=[0.020823897475693062, -5.968870216263917e-6, -0.01442721853520753, 9.881244149916857e-5, 7.808255054225196e-10] mu=0.6928203419545677 rolling=Some(0.004745146369338094)
point_diagnostic point=46 body=9 position=DVec3(1.339096481484961, 0.0, -5.1249999947421) speed=[0.0005304955150114699, -3.7925860696155614e-7, 0.00058155905631746, -0.48567950682374544, -3.2852326502991754e-6] impulse=[0.004427541616775985, -2.653769027436307e-6, -0.0030674897490290576, 2.1009332640311304e-5, 2.870710541341395e-10] mu=0.6928203419545677 rolling=Some(0.0047451462822321235)
point_diagnostic point=47 body=9 position=DVec3(1.3419249050152853, 0.0, -5.124999995072796) speed=[-0.0008432118302861558, -3.8118369456936976e-7, 0.0005815590563172379, -0.48567950682374544, -3.2852326502991754e-6] impulse=[18.072623074988876, -0.007347947169532652, -12.09026257333837, 0.08585468731176803, 6.118821662308029e-7] mu=0.6928203419545677 rolling=Some(0.004750538256550448)
surface_diagnostic budget=1024 residual=6.924349481655858e-9 iterations=596
surface_diagnostic budget=4096 residual=6.924349481655858e-9 iterations=596
surface_diagnostic variant=without_rolling residual=7.438475035381967e-4 iterations=256
surface_diagnostic variant=pointwise residual=6.370757787046148e-4 iterations=256
surface_diagnostic largest_rolling_diagonal_ratio=3.1421130067009752e1

thread 'tests::saved_car_finite_terrain_response_repeats_and_balances_external_momentum' (10475783) panicked at crates/mechanic-bench/src/bin/compiled-response.rs:623:9:
full friction/rolling manifold response must converge at the default iteration bound
note: run with `RUST_BACKTRACE=1` environment variable to display a backtrace
test tests::saved_car_finite_terrain_response_repeats_and_balances_external_momentum ... FAILED

failures:

failures:
    tests::saved_car_finite_terrain_response_repeats_and_balances_external_momentum

test result: FAILED. 0 passed; 1 failed; 0 ignored; 0 measured; 5 filtered out; finished in 0.39s

error: test failed, to rerun pass `-p mechanic-bench --bin compiled-response`
