   Compiling mechanic-physics v0.1.0 (/Users/jens/repos/mechanic/crates/mechanic-physics)
   Compiling mechanic-bench v0.1.0 (/Users/jens/repos/mechanic/crates/mechanic-bench)
    Finished `test` profile [optimized + debuginfo] target(s) in 1.05s
     Running unittests src/bin/compiled-response.rs (target/debug/deps/compiled_response-847b485891a7106d)

running 1 test
saved_car_full_surface_response rows=240 blocks=12 residual=8.536624101036096e-4 iterations=256 factor_solves=5825 response_storage=0 converged=false newton_attempts=64 newton_accepts=2 newton_applications=2007 tick_gate=false
point_diagnostic point=0 body=2 position=DVec3(-1.1580752862450334, 0.0, -1.875) speed=[-0.0007262298270645506, 0.005957306370965576, 0.008037169646526954, -0.41545282842574055, -3.552703621159361e-6] impulse=[7.398089519765756, -3.0114649836114387, -4.147566731019946, 0.03514490464565571, 3.0083495375439734e-7] mu=0.6928203419545677 rolling=Some(0.004750537899419207)
point_diagnostic point=1 body=2 position=DVec3(-1.1609037069169403, -5.802306739154185e-16, -1.875) speed=[0.000448845541057008, 0.005774038130618504, 0.008037169646526732, -0.41545282842574055, -3.552703621159361e-6] impulse=[6.470210545393873, -2.597944343501774, -3.65311183059223, 0.03070209331439536, 2.628042345167616e-7] mu=0.6928203419545677 rolling=Some(0.004745145942333651)
point_diagnostic point=2 body=2 position=DVec3(-1.1609037069169406, -5.802306739154185e-16, -2.125) speed=[0.0004479573651517965, 0.00577403813061849, 0.024235983543569206, -0.41545282842574055, -3.552703621159361e-6] impulse=[6.476344552253408, -1.0679051788032288, -4.358008516931372, 0.030731200072154068, 2.6305338916307383e-7] mu=0.6928203419545677 rolling=Some(0.004745145942333651)
point_diagnostic point=3 body=2 position=DVec3(-1.1580752862450334, 0.0, -2.125) speed=[-0.0007271180029698732, 0.005957306370965576, 0.024235983543569428, -0.41545282842574055, -3.552703621159361e-6] impulse=[7.4044133815270365, -1.2614608384749326, -4.972411889880345, 0.03517494639062226, 3.0109211376141083e-7] mu=0.6928203419545677 rolling=Some(0.004750537899419207)
point_diagnostic point=4 body=2 position=DVec3(-1.1604893803596497, -0.0009999305362091704, -1.8749999999999998) speed=[0.00027671240093868343, 0.005800888078251957, 0.007621745677029557, -0.41545282842574055, -3.552703621159361e-6] impulse=[6.371132701067784, -2.652925574267062, -3.5278642648726115, 0.030297200539131208, 2.847482933392826e-7] mu=0.6928203419545677 rolling=Some(0.004755386830255723)
point_diagnostic point=5 body=2 position=DVec3(-1.3395105004310608, -0.0009999305362091704, -1.8749999999999998) speed=[0.07465154308255056, -0.005798831152455567, 0.007621745677029557, -0.41545282842574055, -3.552703621159361e-6] impulse=[0.0, 0.0, -0.0, 0.0, 0.0] mu=0.6928203419545677 rolling=Some(0.004755386830255723)
point_diagnostic point=6 body=2 position=DVec3(-1.3395105004310608, -0.0009999305362091704, -2.125) speed=[0.07465065490664527, -0.005798831152455567, 0.02382055957407203, -0.41545282842574055, -3.552703621159361e-6] impulse=[0.0, 0.0, -0.0, 0.0, 0.0] mu=0.6928203419545677 rolling=Some(0.004755386830255722)
point_diagnostic point=7 body=2 position=DVec3(-1.1604893803596479, -0.0009999305362091704, -2.125) speed=[0.00027582422503263926, 0.005800888078252072, 0.02382055957407203, -0.41545282842574055, -3.552703621159361e-6] impulse=[6.370381872370671, -1.070882519743439, -4.281642090264546, 0.03029363005823335, 2.8471473265219226e-7] mu=0.6928203419545677 rolling=Some(0.004755386830255726)
point_diagnostic point=8 body=2 position=DVec3(-1.3390963837312835, 0.0, -1.875) speed=[0.07447949712832974, -0.005772001907507004, 0.008037169646526954, -0.41545282842574055, -3.552703621159361e-6] impulse=[0.0, 0.0, -0.0, 0.0, 0.0] mu=0.6928203419545677 rolling=Some(0.004745146336368617)
point_diagnostic point=9 body=2 position=DVec3(-1.3419247986835068, 0.0, -1.875) speed=[0.07565457012019255, -0.005955269777245715, 0.008037169646526954, -0.41545282842574055, -3.552703621159361e-6] impulse=[0.0, 0.0, -0.0, 0.0, 0.0] mu=0.6928203419545677 rolling=Some(0.004750538294433813)
point_diagnostic point=10 body=2 position=DVec3(-1.3419247986835068, 0.0, -2.1250000000000004) speed=[0.07565368194428726, -0.005955269777245715, 0.024235983543569428, -0.41545282842574055, -3.552703621159361e-6] impulse=[0.0, 0.0, -0.0, 0.0, 0.0] mu=0.6928203419545677 rolling=Some(0.0047505382944338145)
point_diagnostic point=11 body=2 position=DVec3(-1.3390963837312835, 0.0, -2.125) speed=[0.07447860895242445, -0.005772001907507004, 0.024235983543569428, -0.41545282842574055, -3.552703621159361e-6] impulse=[0.0, 0.0, -0.0, 0.0, 0.0] mu=0.6928203419545677 rolling=Some(0.004745146336368617)
point_diagnostic point=12 body=5 position=DVec3(-1.3390963056012704, 0.0, -4.875000005257905) speed=[0.07451144593087103, 0.00576512662671215, 0.02418378167017765, -0.4155937046203651, -3.552703621159361e-6] impulse=[0.0, -0.0, -0.0, 0.0, 0.0] mu=0.6928203419545677 rolling=Some(0.004745146175818433)
point_diagnostic point=13 body=5 position=DVec3(-1.341924732707616, -1.5622057672755614e-15, -4.875000004927209) speed=[0.07568692243024705, 0.0059481121110285355, 0.024183781691571427, -0.4155937046203651, -3.552703621159361e-6] impulse=[0.0, -0.0, -0.0, 0.0, 0.0] mu=0.6928203419545677 rolling=Some(0.004750538153802962)
point_diagnostic point=14 body=5 position=DVec3(-1.3419247479007081, -1.442036092869749e-15, -5.125000004927206) speed=[0.0756860405684952, 0.00594811309394774, 0.008009996983999457, -0.4155937046203651, -3.552703621159361e-6] impulse=[0.0, -0.0, -0.0, 0.0, 0.0] mu=0.6928203419545677 rolling=Some(0.004750538209131928)
point_diagnostic point=15 body=5 position=DVec3(-1.3390963372392475, -5.802305101355892e-16, -5.125000005257901) speed=[0.07451057090350988, 0.005765128673535473, 0.008009996962605515, -0.4155937046203651, -3.552703621159361e-6] impulse=[0.0, -0.0, -0.0, 0.0, 0.0] mu=0.6928203419545677 rolling=Some(0.004745146262924392)
point_diagnostic point=16 body=5 position=DVec3(-1.1604893595576238, -0.0009999252009630902, -4.8750000053352505) speed=[0.00028352355366201287, -0.005789870991197586, 0.023768219046562233, -0.4155937046203651, -3.552703621159361e-6] impulse=[6.633596190444724, 1.1177043559342141, -4.457908182923459, 0.03154531579083933, 3.755992621620361e-7] mu=0.6928203419545677 rolling=Some(0.0047553868048999465)
point_diagnostic point=17 body=5 position=DVec3(-1.3395104796290345, -7.450580152834645e-9, -4.874999994664759) speed=[0.07468357404946468, 0.005791921672964719, 0.02418377925908849, -0.4155937046203651, -3.552703621159361e-6] impulse=[0.0, -0.0, -0.0, 0.0, 0.0] mu=0.6928203419545677 rolling=Some(0.004745925683946609)
point_diagnostic point=18 body=5 position=DVec3(-1.3395104945302014, 0.0, -5.124999994664754) speed=[0.07468269206639058, 0.005791922636971316, 0.008009997647930811, -0.4155937046203651, -3.552703621159361e-6] impulse=[0.0, -0.0, -0.0, 0.0, 0.0] mu=0.6928203419545677 rolling=Some(0.004745925613458582)
point_diagnostic point=19 body=5 position=DVec3(-1.1604893744587919, -0.0009999252009635343, -5.125000005335245) speed=[0.00028264157058838224, -0.005789870027164448, 0.0075944343389902635, -0.4155937046203651, -3.552703621159361e-6] impulse=[6.612921601411285, 2.7404479718331625, -3.671606933161197, 0.03144700012295996, 3.7442851641472725e-7] mu=0.6928203419545677 rolling=Some(0.004755386804899947)
point_diagnostic point=20 body=5 position=DVec3(-1.1580750797916228, 0.0, -4.874999995072796) speed=[-0.0007198359182438441, -0.005946066708272056, 0.02418378232910473, -0.4155937046203651, -3.552703621159361e-6] impulse=[7.2875192064364684, 1.239864324665695, -4.89433828189664, 0.03461963918716829, 3.292031310016157e-7] mu=0.6928203419545677 rolling=Some(0.004750538311879414)
point_diagnostic point=21 body=5 position=DVec3(-1.1609034868770611, 0.0, -4.874999994742102) speed=[0.0004556322605691332, -0.005763082519211053, 0.02418378235049895, -0.4155937046203651, -3.552703621159361e-6] impulse=[6.354896263138063, 1.0463046685561543, -4.276670051220555, 0.030154912929186466, 2.867431062619108e-7] mu=0.6928203419545677 rolling=Some(0.004745146369338092)
point_diagnostic point=22 body=5 position=DVec3(-1.160903518515039, -5.802301825762389e-16, -5.124999994742099) speed=[0.0004547572332082028, -0.0057630804723876865, 0.008009997642926758, -0.4155937046203651, -3.552703621159361e-6] impulse=[6.336608134421925, 2.5497357516567494, -3.5738072026053573, 0.03006813252965465, 2.8591782766786283e-7] mu=0.6928203419545677 rolling=Some(0.004745146282232126)
point_diagnostic point=23 body=5 position=DVec3(-1.158075094984715, 0.0, -5.124999995072796) speed=[-0.0007207177799956888, -0.005946065725352852, 0.008009997621532483, -0.4155937046203651, -3.552703621159361e-6] impulse=[7.268993050406479, 2.96483691039623, -4.070885439874519, 0.03453162957099407, 3.28366137446839e-7] mu=0.6928203419545677 rolling=Some(0.004750538256550448)
point_diagnostic point=24 body=7 position=DVec3(1.3419247137549664, -1.2016966858607803e-16, -1.8749999999999998) speed=[-0.0008527742341983002, -4.915946784223615e-7, 0.00042647212037372206, -0.4865199554733297, -3.552703621159361e-6] impulse=[7.69007936912564, 0.012636337968134168, -4.9901713778628345, 0.03653201349160053, 2.6656981201934723e-7] mu=0.6928203419545677 rolling=Some(0.004750537899419207)
point_diagnostic point=25 body=7 position=DVec3(1.3390962930830594, 0.0, -1.8749999999999998) speed=[0.0005233088651576956, -4.89939802219471e-7, 0.0004264721203737776, -0.4865199554733297, -3.552703621159361e-6] impulse=[6.630359950936919, 0.01181493293482256, -4.593633054371547, 0.03146202561656225, 2.2957393629897541e-7] mu=0.6928203419545677 rolling=Some(0.004745145942333646)
point_diagnostic point=26 body=7 position=DVec3(1.3390962930830592, 0.0, -2.125) speed=[0.0005224206892525396, -4.899398022194709e-7, 0.00042632584826690634, -0.4865199554733297, -3.552703621159361e-6] impulse=[6.646898751475688, 0.01183228162046555, -4.605091465079553, 0.03154050463882776, 2.3014659857419381e-7] mu=0.6928203419545677 rolling=Some(0.004745145942333645)
point_diagnostic point=27 body=7 position=DVec3(1.3419247137549664, -1.2016966858607803e-16, -2.125) speed=[-0.0008536624101035672, -4.915946784223615e-7, 0.00042632584826690634, -0.4865199554733297, -3.552703621159361e-6] impulse=[7.7075053151741395, 0.012641926533010543, -4.997361438672023, 0.03661479610873496, 2.671738817328213e-7] mu=0.6928203419545677 rolling=Some(0.004750537899419207)
point_diagnostic point=28 body=7 position=DVec3(1.3395106196403506, -0.0009999305362091704, -1.8749999999999998) speed=[0.00032173072695301785, -4.866297630563994e-7, -6.0014039579114886e-5, -0.4865199554733297, -3.552703621159361e-6] impulse=[6.5440705312690435, -0.004313384607348332, -4.4108099653250346, 0.03111958681977402, 2.350073194602724e-7] mu=0.6928203419545677 rolling=Some(0.004755386830255723)
point_diagnostic point=29 body=7 position=DVec3(1.1604894995689397, -0.0009999305362091704, -1.8749999999999998) speed=[0.08741907809288146, -3.8188657744630495e-7, -6.0014039579114886e-5, -0.4865199554733297, -3.552703621159361e-6] impulse=[0.0, 0.0, 0.0, 0.0, 0.0] mu=0.6928203419545677 rolling=Some(0.004755386830255722)
point_diagnostic point=30 body=7 position=DVec3(1.1604894995689392, -0.0009999305362091704, -2.125) speed=[0.08741818991697642, -3.8188657744630474e-7, -6.016031168593061e-5, -0.4865199554733297, -3.552703621159361e-6] impulse=[0.0, 0.0, 0.0, 0.0, 0.0] mu=0.6928203419545677 rolling=Some(0.004755386830255722)
point_diagnostic point=31 body=7 position=DVec3(1.339510619640354, -0.0009999305362091704, -2.125) speed=[0.0003208425510460855, -4.866297630564013e-7, -6.016031168593061e-5, -0.4865199554733297, -3.552703621159361e-6] impulse=[6.562409229695453, -0.004327404924821597, -4.418792423214443, 0.03120679442475255, 2.3566590275962217e-7] mu=0.6928203419545677 rolling=Some(0.004755386830255729)
point_diagnostic point=32 body=7 position=DVec3(1.1609036162687163, 0.0, -1.8749999999999996) speed=[0.08721760205454537, -3.856813291718267e-7, 0.0004264721203737776, -0.4865199554733297, -3.552703621159361e-6] impulse=[0.0, 0.0, -0.0, 0.0, 0.0] mu=0.6928203419545677 rolling=Some(0.004745146336368618)
point_diagnostic point=33 body=7 position=DVec3(1.1580752013164965, -7.81102966818892e-16, -1.8749999999999998) speed=[0.08859368237115944, -3.8402645631545565e-7, 0.0004264721203734445, -0.4865199554733297, -3.552703621159361e-6] impulse=[0.0, 0.0, -0.0, 0.0, 0.0] mu=0.6928203419545677 rolling=Some(0.0047505382944338145)
point_diagnostic point=34 body=7 position=DVec3(1.1580752013164965, -7.81102966818892e-16, -2.1249999999999964) speed=[0.08859279419525412, -3.8402645631545565e-7, 0.00042632584826657327, -0.4865199554733297, -3.552703621159361e-6] impulse=[0.0, 0.0, -0.0, 0.0, 0.0] mu=0.6928203419545677 rolling=Some(0.004750538294433805)
point_diagnostic point=35 body=7 position=DVec3(1.1609036162687163, 0.0, -2.1249999999999964) speed=[0.0872167138786401, -3.856813291718267e-7, 0.00042632584826690634, -0.4865199554733297, -3.552703621159361e-6] impulse=[0.0, 0.0, -0.0, 0.0, 0.0] mu=0.6928203419545677 rolling=Some(0.004745146336368608)
point_diagnostic point=36 body=9 position=DVec3(1.160903694398729, 0.0, -4.8750000052579106) speed=[0.08722638829423943, -3.8568137488479294e-7, 0.00042660163437424625, -0.48651575774633765, -3.552703621159361e-6] impulse=[0.0, 0.0, -0.0, 0.0, 0.0] mu=0.6928203419545677 rolling=Some(0.00474514617581842)
point_diagnostic point=37 body=9 position=DVec3(1.1580752672923746, 0.0, -4.875000004927214) speed=[0.0886024626511189, -3.8402649491718175e-7, 0.0004266016343744128, -0.48651575774633765, -3.552703621159361e-6] impulse=[0.0, 0.0, -0.0, 0.0, 0.0] mu=0.6928203419545677 rolling=Some(0.004750538153802952)
point_diagnostic point=38 body=9 position=DVec3(1.1580752520992823, 0.0, -5.125000004927204) speed=[0.0886015818668924, -3.840264860278793e-7, 0.00042645536226759706, -0.48651575774633765, -3.552703621159361e-6] impulse=[0.0, 0.0, -0.0, 0.0, 0.0] mu=0.6928203419545677 rolling=Some(0.004750538209131929)
point_diagnostic point=39 body=9 position=DVec3(1.1609036627607523, 0.0, -5.125000005257899) speed=[0.08722551551070837, -3.8568135637377896e-7, 0.0004264553622674305, -0.48651575774633765, -3.552703621159361e-6] impulse=[0.0, 0.0, -0.0, 0.0, 0.0] mu=0.6928203419545677 rolling=Some(0.004745146262924382)
point_diagnostic point=40 body=9 position=DVec3(1.3395106404423762, -0.0009999252009630902, -4.8750000053352505) speed=[0.0003312946010548823, -4.866297941819722e-7, -5.987773246202144e-5, -0.48651575774633765, -3.552703621159361e-6] impulse=[6.815770973325769, -0.012536828266096546, -4.593376687346483, 0.032411627350914775, 2.3592541278116259e-7] mu=0.6928203419545677 rolling=Some(0.0047553868048999465)
point_diagnostic point=41 body=9 position=DVec3(1.160489520370965, 0.0, -4.87499999466476) speed=[0.0874278904852335, -3.854390464542276e-7, 0.000426601634380408, -0.48651575774633765, -3.552703621159361e-6] impulse=[0.0, 0.0, -0.0, 0.0, 0.0] mu=0.6928203419545677 rolling=Some(0.004745925613458565)
point_diagnostic point=42 body=9 position=DVec3(1.1604895054698101, -1.1920928244535432e-7, -5.124999994664753) speed=[0.0874270095589749, -3.854386142204846e-7, 0.0004263973650792674, -0.48651575774633765, -3.552703621159361e-6] impulse=[0.0, 0.0, -0.0, 0.0, 0.0] mu=0.6928203419545677 rolling=Some(0.004745926741267267)
point_diagnostic point=43 body=9 position=DVec3(1.3395106255412144, -0.0009999252009635343, -5.125000005335244) speed=[0.0003304136747996622, -4.866297854634732e-7, -6.002400456905921e-5, -0.48651575774633765, -3.552703621159361e-6] impulse=[6.797292794286966, -0.012484255956711036, -4.575875281940528, 0.03232375646213746, 2.3528578340307231e-7] mu=0.6928203419545677 rolling=Some(0.004755386804899957)
point_diagnostic point=44 body=9 position=DVec3(1.3419249202083776, 0.0, -4.874999995072795) speed=[-0.0008432905486764619, -4.915947992158632e-7, 0.00042660163438018595, -0.48651575774633765, -3.552703621159361e-6] impulse=[7.584704684261278, -0.004325751412656371, -4.921288909952559, 0.036031430185844086, 2.724950918463563e-7] mu=0.6928203419545677 rolling=Some(0.004750538311879418)
point_diagnostic point=45 body=9 position=DVec3(1.339096513122939, 0.0, -4.874999994742101) speed=[0.0005327740677119608, -4.899399309622582e-7, 0.000426601634380408, -0.48651575774633765, -3.552703621159361e-6] impulse=[6.520185798406793, -0.003872297020855003, -4.517315694770163, 0.030939235967835026, 2.339835491305954e-7] mu=0.6928203419545677 rolling=Some(0.004745146369338094)
point_diagnostic point=46 body=9 position=DVec3(1.339096481484961, 0.0, -5.1249999947421) speed=[0.0005319012841814852, -4.899399124512434e-7, 0.00042645536227353675, -0.48651575774633765, -3.552703621159361e-6] impulse=[6.500843745339871, -0.003859182261289767, -4.50391513326862, 0.0308474545286893, 2.332894214172278e-7] mu=0.6928203419545677 rolling=Some(0.0047451462822321235)
point_diagnostic point=47 body=9 position=DVec3(1.3419249050152853, 0.0, -5.124999995072796) speed=[-0.0008441713329029044, -4.915947903265607e-7, 0.0004264553622733147, -0.48651575774633765, -3.552703621159361e-6] impulse=[7.564425571106838, -0.004306693478273415, -4.902487293418711, 0.03593509306334385, 2.7176650540693123e-7] mu=0.6928203419545677 rolling=Some(0.004750538256550448)
surface_diagnostic budget=1024 residual=8.520770366430537e-4 iterations=1024
surface_diagnostic budget=4096 residual=8.511544475812075e-4 iterations=4096
surface_diagnostic variant=without_rolling residual=8.655326290382292e-4 iterations=256
surface_diagnostic variant=pointwise residual=8.887853390958401e-4 iterations=256
surface_diagnostic largest_rolling_diagonal_ratio=3.1421130067009752e1

thread 'tests::saved_car_finite_terrain_response_repeats_and_balances_external_momentum' (10476121) panicked at crates/mechanic-bench/src/bin/compiled-response.rs:623:9:
full friction/rolling manifold response must converge at the default iteration bound
note: run with `RUST_BACKTRACE=1` environment variable to display a backtrace
test tests::saved_car_finite_terrain_response_repeats_and_balances_external_momentum ... FAILED

failures:

failures:
    tests::saved_car_finite_terrain_response_repeats_and_balances_external_momentum

test result: FAILED. 0 passed; 1 failed; 0 ignored; 0 measured; 5 filtered out; finished in 1.25s

error: test failed, to rerun pass `-p mechanic-bench --bin compiled-response`
