   Compiling mechanic-physics v0.1.0 (/Users/jens/repos/mechanic/crates/mechanic-physics)
    Finished `test` profile [optimized + debuginfo] target(s) in 1.87s
     Running unittests src/lib.rs (target/debug/deps/mechanic_physics-ced37d44e4e3378f)

running 1 test
failed block scale=0.17382417489785454 target=[7.005361469028766, -2.9019763356338957e-13, -2.3250965027669404e-12, -4.643207965764346e-12, 8.019149013023408e-13, 7.005361469028766, -2.901976335542698e-13, -2.325168566359039e-12, -4.643207965764346e-12, 8.019149013023408e-13] response=[7.0053620846114475, -1.599078976284849e-11, 9.215275598717376e-7, -0.8201687370606274, -0.09191570783915101, 7.005360853447211, -1.5757547517886047e-11, -9.215299306419844e-7, -0.8201687370606274, -0.09191570783915101] impulse=[697.2546579478228, 82.60953426274004, 114.93903848349373, 3.295088293716573, 0.36927812440060215, 697.7040493466629, 82.60953417921108, 115.6016214562985, 3.297187617774317, 0.36951339410552353] modes=[false, false] contacts=[ContactFriction { static_coefficient: 0.8944271976639178, kinetic_coefficient: 0.6928203419545677, sliding: false, rolling_length: Some(0.0047553875090976345) }, ContactFriction { static_coefficient: 0.8944271976639178, kinetic_coefficient: 0.6928203419545677, sliding: false, rolling_length: Some(0.004755352302090551) }]
failed block scale=0.17382417485187937 target=[7.005361469027819, -6.827294634177563e-13, 6.141446940754938e-13, 3.8371027232936373e-13, 8.019149013019997e-13, 7.005361469027819, -6.827294634178126e-13, 6.141451437854153e-13, 3.8371027232936373e-13, 8.019149013019997e-13] response=[7.005362028524858, 2.8803950200040158e-12, -3.110344176660007e-8, -0.8598118414100357, -0.09191570783922881, 7.005360909528914, 2.8724395781431668e-12, 3.110088148128298e-8, -0.8598118414100357, -0.09191570783922881] impulse=[696.9176494988606, -154.5541919546812, 114.43042186622424, 3.2953373153969787, 0.35227854203491427, 697.3260989634497, -154.55419195127155, 114.40686186067131, 3.2972464588543833, 0.35248263351610104] modes=[false, false] contacts=[ContactFriction { static_coefficient: 0.8944271976639178, kinetic_coefficient: 0.6928203419545677, sliding: false, rolling_length: Some(0.004755387509097952) }, ContactFriction { static_coefficient: 0.8944271976639178, kinetic_coefficient: 0.6928203419545677, sliding: false, rolling_length: Some(0.0047553555095660085) }]
failed block scale=0.01194092936544742 target=[4.061500995356412e-12] response=[0.14912014184484623] impulse=[0.0] modes=[] contacts=[]
failed block scale=0.01194091925238902 target=[1.0708349429797163e-12] response=[7.342299839901441] impulse=[0.0] modes=[] contacts=[]
failed block scale=0.011291463303353103 target=[3.2449421886893324e-12] response=[3.2441778687506533e-12] impulse=[50.89961446697081] modes=[] contacts=[]
failed block scale=0.01129145280638962 target=[5.306567569802636e-15] response=[6.937005249408982] impulse=[0.0] modes=[] contacts=[]
failed block scale=0.1738241748979411 target=[7.00536134753221, 8.376682475035994e-9, 6.184201758046137e-9, 6.576610050276392e-9, -9.580379128905724e-9, 7.005361347531985, 8.376682475035698e-9, 6.1842041415537405e-9, 6.576610050276392e-9, -9.580379128905724e-9] response=[7.005362330825374, 8.44414648986938e-9, -5.541029870048675e-6, -0.7251048346164967, -0.14235540390830956, 7.005360364229475, 8.442742474076863e-9, 5.553380201694935e-6, -0.7251048346164967, -0.14235540390830956] impulse=[697.6920672659105, 15.25431268932126, 118.30390495859696, 3.255647998825628, 0.6391614403015757, 698.0454103546086, 15.25431294169574, 116.31002563570956, 3.257271935261242, 0.6394802578001262] modes=[false, false] contacts=[ContactFriction { static_coefficient: 0.8944271976639178, kinetic_coefficient: 0.6928203419545677, sliding: false, rolling_length: Some(0.004755387509097537) }, ContactFriction { static_coefficient: 0.8944271976639178, kinetic_coefficient: 0.6928203419545677, sliding: false, rolling_length: Some(0.004755351197685843) }]
failed block scale=0.011940929365445371 target=[1.4041704464877806e-10] response=[1.4018708831507297e-10] impulse=[12.064087655159641] modes=[] contacts=[]
failed block scale=0.01194091925238697 target=[-7.743090943412482e-8] response=[7.285165892524727] impulse=[0.0] modes=[] contacts=[]
failed block scale=0.011291463303351585 target=[-1.5176425155707824e-7] response=[-1.517642522204963e-7] impulse=[42.24981793007475] modes=[] contacts=[]
failed block scale=0.011291452806387985 target=[7.475021274839059e-11] response=[0.20799703138125852] impulse=[0.0] modes=[] contacts=[]
failed block scale=0.17382417489793228 target=[7.005361412551388, 4.075465770488494e-9, 3.028713248029259e-9, 3.2230509695973102e-9, -4.661485228386693e-9, 7.005361412551246, 4.075465770488296e-9, 3.0287148121064296e-9, 3.2230509695973102e-9, -4.661485228386693e-9] response=[7.005362232016169, 4.049370535549495e-9, 1.2294360552389527e-6, -0.8201708446771502, -0.09191907406731141, 7.005360593088414, 4.049680941764116e-9, -1.22337449504073e-6, -0.8201708446771502, -0.09191907406731141] impulse=[697.1802030878794, 82.60926023239757, 114.82939964633773, 3.294735045259368, 0.36925108966512266, 697.7784334468045, 82.60926012136625, 115.71118814768296, 3.297529664989809, 0.36956429129332313] modes=[false, false] contacts=[ContactFriction { static_coefficient: 0.8944271976639178, kinetic_coefficient: 0.6928203419545677, sliding: false, rolling_length: Some(0.004755387509096592) }, ContactFriction { static_coefficient: 0.8944271976639178, kinetic_coefficient: 0.6928203419545677, sliding: false, rolling_length: Some(0.004755340643964263) }]
failed block scale=0.08691208742591792 target=[7.00536148672502, 4.3037604313885725e-9, 3.12283835346056e-9, 3.43118165155744e-9, -4.6614852283866875e-9] response=[7.005361486723476, 4.312250710574334e-9, 3.119459079936604e-9, -0.8598051759786627, -0.09191907406793756] impulse=[1394.2436970597387, -309.1106134716494, 228.83749444342533, 6.5926024173845095, 0.7047944042255891] modes=[false] contacts=[ContactFriction { static_coefficient: 0.8944271976639178, kinetic_coefficient: 0.6928203419545677, sliding: false, rolling_length: Some(0.004755387509100705) }]
failed block scale=0.0119409293654458 target=[6.071607274950766e-11] response=[0.1491143056374064] impulse=[0.0] modes=[] contacts=[]
failed block scale=0.011940919252387421 target=[-3.557265456244386e-8] response=[7.342303529521426] impulse=[0.0] modes=[] contacts=[]
failed block scale=0.011291463303351922 target=[-7.17310672120198e-8] response=[-7.173106660130973e-8] impulse=[50.90019176887214] modes=[] contacts=[]
failed block scale=0.011291452806388378 target=[3.841777506904856e-11] response=[6.937011934300679] impulse=[0.0] modes=[] contacts=[]

thread 'joint_machine::tests::terrain_ticks::saved_car::saved_car_cold_drop_resolves_its_first_impact_before_publication' (10649444) panicked at crates/mechanic-physics/src/joint_machine/tests/terrain_ticks/saved_car.rs:216:5:
Err(NotConverged) JointTickDiagnostics { published: false, attempts: 4, substeps: 8, factorizations: 43, dynamics_assemblies: 147, response_preparation_solves: 720, constraint_factor_solves: 40, force_factor_solves: 80, position_factor_solves: 0, force_iterations: 40, constraint_iterations: 70, constraint_rows_prepared: 720, surface_points: 0, surface_manifolds: 0, terrain_contact_queries: 44, terrain_path_queries: 40, terrain_correction_paths: 0, terrain_path_poses: 8694, terrain_envelopes: 3232, terrain_certified_intervals: 3200, terrain_chunk_candidates: 4262, terrain_triangle_candidates: 8524, terrain_path_rejections: 16, terrain_sweep_queries: 40, terrain_separation_evaluations: 5382, terrain_initial_contact_evaluations: 5344, terrain_linear_sweep_evaluations: 0, terrain_impact_holds: 0, event_trials: 44, event_refinements: 16, accepted_intervals: 8, accepted_seconds: 0.012314056374046022, impact_attempts: 3, impact_events: 0, impact_rows_prepared: 57, impact_factor_solves: 60, impact_iterations: 768, newton_attempts: 835, newton_accepts: 84, newton_applications: 0, newton_local_factorizations: 0, newton_generalized_factorizations: 0, newton_reduced_storage: 0, newton_contact_factorizations: 835, newton_contact_storage: 576, newton_line_searches: 6092, residual: 1.2264073422328294e-6, drive_impulses: [0.0, 5.651655286969856e-8, -5.920115966175028e-8, 0.0, -7.037806828606977e-8, 5.709126128726827e-8, 0.0, -5.8858663673265044e-8, 0.0, 6.077796771385833e-8] }
note: run with `RUST_BACKTRACE=1` environment variable to display a backtrace
test joint_machine::tests::terrain_ticks::saved_car::saved_car_cold_drop_resolves_its_first_impact_before_publication ... FAILED

failures:

failures:
    joint_machine::tests::terrain_ticks::saved_car::saved_car_cold_drop_resolves_its_first_impact_before_publication

test result: FAILED. 0 passed; 1 failed; 0 ignored; 0 measured; 91 filtered out; finished in 0.11s

error: test failed, to rerun pass `-p mechanic-physics --lib`
