J singular [4.68441139e+00 4.45571785e+00 3.91483723e+00 2.23643748e+00
 1.66853496e+00 1.60595577e+00 1.49200994e+00 1.48314345e+00
 1.43448738e+00 1.31716637e+00 1.02840351e+00 1.00491378e+00
 9.96272949e-01 5.15418838e-01 4.27537650e-01 3.39061159e-16]
sticking targets [6, 7, 8, 11, 12, 13, 16, 17, 18, 21, 22, 23] rank 12 singular [4.29740064e+00 4.07255696e+00 3.82631918e+00 2.23452820e+00
 1.60564795e+00 1.53506816e+00 1.00478841e+00 5.25180723e-01
 4.57934250e-01 3.03634075e-01 7.56868223e-02 2.74133372e-03] error 3.122502256758253e-17
sticking targets [6, 11, 16, 21, 7, 8, 12, 13] rank 8 singular [3.99516813 3.36266963 2.63807059 2.22069036 1.3402289  1.04922654
 1.00346704 0.07689992] error 4.163336342344337e-17
iter 0 res 1.4587817449230906e-05 norm 1.5096405497489794e-05
iter 25 res 3.7444842808863137e-06 norm 6.339602027887517e-06
iter 50 res 3.5379329409688377e-06 norm 6.1309029647998805e-06
iter 75 res 3.344526775445109e-06 norm 5.908260808571751e-06
iter 100 res 3.124761269221946e-06 norm 5.702402712042364e-06
iter 125 res 2.936217785114873e-06 norm 5.512276624728103e-06
iter 150 res 2.8178813282015237e-06 norm 5.336627233648018e-06
iter 175 res 2.7039014302217545e-06 norm 5.174171396795243e-06
iter 200 res 2.668641742134606e-06 norm 5.027554664428837e-06
iter 225 res 2.6163470298257543e-06 norm 4.862452539260929e-06
iter 250 res 2.55758910645836e-06 norm 4.704661091292017e-06
iter 275 res 2.4989882128691927e-06 norm 4.555961210988757e-06
iter 300 res 2.446175239031938e-06 norm 4.412665368073676e-06
iter 325 res 2.388136549282268e-06 norm 4.2737415853191025e-06
iter 350 res 2.3407903665081174e-06 norm 4.1426126146203925e-06
iter 375 res 2.3013882036576205e-06 norm 4.021610223378326e-06
iter 400 res 2.252487855884289e-06 norm 3.9010084546882735e-06
iter 425 res 2.1663054691495083e-06 norm 3.7343117367423793e-06
iter 450 res 2.090024864691097e-06 norm 3.5696235382889917e-06
iter 475 res 2.0079759860128105e-06 norm 3.4169462447626404e-06
impulses [-2.472150079241188, 3.6650810959944584, 0.29052854418785484, -0.5584465971816044, -1.5356261234982373, 3.0622258123940824, 7.909476139037295, 0.06412120856773648, -6.5828289304614875, -0.031015286268981125, -0.021278195284080013, 7.835076383738035, 0.7024467602211424, -2.7285739638434374, -0.03072543895019337, -0.021075276902559083, 8.121644145136859, -2.4814931596974317, 5.050101307452885, -0.0318478882159579, -0.021848052690245715, 8.05980606282075, -1.8015874229340156, 5.285386640372082, -0.031605257419605605, -0.021681908063682434]
slack [4.169797638313086e-07, -5.66329495975881e-07, 3.4301283030396465e-07, -8.759079001452626e-07, -1.0323614635073322e-07, 2.0769288004707231e-07, -1.194888410438466e-09, -6.207690714776217e-07, 1.2621650789752586e-06, 0.00757095576744663, 0.00519409248050786, 2.3011571259612396e-09, -1.1521275189424864e-06, -1.935353690788247e-06, 0.007572397953283448, 0.005194079590470734, -5.704429706376857e-10, 1.0039120435460206e-05, -1.9274374482910832e-05, 0.0075714188783243845, 0.005194088478713128, -4.2671537137106696e-10, 9.441002298102579e-06, -2.338128932954757e-05, 0.007571314425925334, 0.0051940894302776024]
contact 6 fraction 0.9305515873531759
contact 11 fraction 0.5190469624665341
contact 16 fraction 1.0000000007825078
contact 21 fraction 1.0000000010792789
