J singular [4.68441139e+00 4.45571785e+00 3.91483723e+00 2.23643748e+00
 1.66853496e+00 1.60595577e+00 1.49200994e+00 1.48314345e+00
 1.43448738e+00 1.31716637e+00 1.02840351e+00 1.00491378e+00
 9.96272949e-01 5.15418838e-01 4.27537650e-01 3.39061159e-16]
sticking targets [6, 7, 8, 11, 12, 13, 16, 17, 18, 21, 22, 23] rank 12 singular [4.29740064e+00 4.07255696e+00 3.82631918e+00 2.23452820e+00
 1.60564795e+00 1.53506816e+00 1.00478841e+00 5.25180723e-01
 4.57934250e-01 3.03634075e-01 7.56868223e-02 2.74133372e-03] error 3.122502256758253e-17
sticking targets [6, 11, 16, 21, 7, 8, 12, 13] rank 8 singular [3.99516813 3.36266963 2.63807059 2.22069036 1.3402289  1.04922654
 1.00346704 0.07689992] error 4.163336342344337e-17
iter 0 res 1.9353536907881295e-06 norm 3.2685853269437805e-06
iter 250 res 6.808956295123791e-07 norm 1.079848063182874e-06
iter 500 res 4.6354913014739433e-07 norm 6.110126080730232e-07
iter 750 res 3.534778837353339e-07 norm 4.7190693791559995e-07
iter 1000 res 2.640598159038442e-07 norm 3.573784121165824e-07
iter 1250 res 1.7719596407191423e-07 norm 2.4363967106263915e-07
iter 1500 res 1.0489124733062105e-07 norm 1.4675150467413808e-07
iter 1750 res 4.2173221041459554e-08 norm 5.988879578650299e-08
iter 2000 res 3.947431948372906e-09 norm 5.73623117927967e-09
iter 2050 res 9.94800041795366e-11 norm 1.4356759648890012e-10
impulses [-2.7200070318262237, 3.866031356194001, -0.008715195603371003, -0.11669005265056077, -1.3783302229491319, 2.9782642976609353, 7.910041129597984, -0.8848390346680279, -7.019406040970329, -0.031025288804845636, -0.021268359902483505, 7.833785491852138, 2.7175013510132864, -1.7648334417081455, -0.030726191832619626, -0.02106332390032946, 8.122036772077996, -3.0842831806726796, 4.706547569976702, -0.03185679218707837, -0.02183836954794376, 8.059965759834661, -2.266896101279527, 5.103278047843402, -0.0316133331705448, -0.02167147426552748]
slack [4.179861751857361e-12, 5.253123673901183e-12, 7.464978071455852e-12, 4.689370853433461e-12, -2.222647630181762e-12, -1.6328878353621956e-12, -1.1546319456101628e-14, 7.117539408158392e-07, 5.6455199369392375e-06, 0.007573987432843953, 0.005192096409862198, -2.7755575615628914e-15, -9.947998739871788e-11, 1.1272919772133128e-11, 0.007573987422901549, 0.005192096409949204, 5.585809592645319e-15, 9.993919970553212e-06, -1.5250483506879463e-05, 0.007573987425368889, 0.005192096409937187, 6.4254157550180935e-15, 9.288313532342541e-06, -2.0910043223334052e-05, 0.007573987429224277, 0.005192096409902065]
contact 6 fraction 1.0000000000185791
contact 11 fraction 0.5970228905792713
contact 16 fraction 1.0000000000002225
contact 21 fraction 1.0000000000002167
