2026-09-10T09:46:58.835110Z  INFO bevy_render::renderer: AdapterInfo { name: "Apple M1 Pro", vendor: 0, device: 0, device_type: IntegratedGpu, device_pci_bus_id: "", driver: "", driver_info: "", backend: Metal, subgroup_min_size: 4, subgroup_max_size: 64, transient_saves_memory: true }
2026-09-10T09:46:58.881932Z  INFO bevy_pbr::cluster: GPU clustering is supported on this device.
2026-09-10T09:46:58.881999Z  INFO bevy_render::batching::gpu_preprocessing: GPU preprocessing is fully supported on this device.
2026-09-10T09:46:59.068986Z  INFO bevy_winit::system: Creating new window Mechanic — construction and simulation prototype (62v0)
2026-09-10T09:46:59.670589Z  INFO mechanic_app::automation: Automatic capture: mechanic-auto-41380fbb4c8546e4b5194da047068176 (foreground requested: true)
2026-09-10T09:46:59.784664Z  INFO mechanic_app::automation: Automation waiting: phase Loading notice None progress TerrainReadiness { resolved: 0, total: 0 } running false backlog 0 resolved 0/0
2026-09-10T09:47:01.794293Z  INFO mechanic_app::automation: Automation waiting: phase Playing notice None progress TerrainReadiness { resolved: 36, total: 36 } running true backlog 3243 resolved 36/36
2026-09-10T09:47:03.818092Z  INFO mechanic_app::automation: Automation waiting: phase Playing notice None progress TerrainReadiness { resolved: 36, total: 36 } running true backlog 2966 resolved 36/36
2026-09-10T09:47:05.838274Z  INFO mechanic_app::automation: Automation waiting: phase Playing notice None progress TerrainReadiness { resolved: 36, total: 36 } running true backlog 2735 resolved 36/36
2026-09-10T09:47:07.845660Z  INFO mechanic_app::automation: Automation waiting: phase Playing notice None progress TerrainReadiness { resolved: 36, total: 36 } running true backlog 2516 resolved 36/36
2026-09-10T09:47:09.867660Z  INFO mechanic_app::automation: Automation waiting: phase Playing notice None progress TerrainReadiness { resolved: 36, total: 36 } running true backlog 2315 resolved 36/36
2026-09-10T09:47:11.895875Z  INFO mechanic_app::automation: Automation waiting: phase Playing notice None progress TerrainReadiness { resolved: 36, total: 36 } running true backlog 2133 resolved 36/36
2026-09-10T09:47:13.931406Z  INFO mechanic_app::automation: Automation waiting: phase Playing notice None progress TerrainReadiness { resolved: 36, total: 36 } running true backlog 1949 resolved 36/36
2026-09-10T09:47:15.942158Z  INFO mechanic_app::automation: Automation waiting: phase Playing notice None progress TerrainReadiness { resolved: 36, total: 36 } running true backlog 1769 resolved 36/36
2026-09-10T09:47:17.971346Z  INFO mechanic_app::automation: Automation waiting: phase Playing notice None progress TerrainReadiness { resolved: 36, total: 36 } running true backlog 1589 resolved 36/36
2026-09-10T09:47:19.976076Z  INFO mechanic_app::automation: Automation waiting: phase Playing notice None progress TerrainReadiness { resolved: 36, total: 36 } running true backlog 1413 resolved 36/36
2026-09-10T09:47:21.978809Z  INFO mechanic_app::automation: Automation waiting: phase Playing notice None progress TerrainReadiness { resolved: 36, total: 36 } running true backlog 1235 resolved 36/36
2026-09-10T09:47:23.991287Z  INFO mechanic_app::automation: Automation waiting: phase Playing notice None progress TerrainReadiness { resolved: 36, total: 36 } running true backlog 1059 resolved 36/36
2026-09-10T09:47:25.993722Z  INFO mechanic_app::automation: Automation waiting: phase Playing notice None progress TerrainReadiness { resolved: 36, total: 36 } running true backlog 885 resolved 36/36
2026-09-10T09:47:28.005534Z  INFO mechanic_app::automation: Automation waiting: phase Playing notice None progress TerrainReadiness { resolved: 36, total: 36 } running true backlog 711 resolved 36/36
2026-09-10T09:47:30.022085Z  INFO mechanic_app::automation: Automation waiting: phase Playing notice None progress TerrainReadiness { resolved: 36, total: 36 } running true backlog 537 resolved 36/36
2026-09-10T09:47:32.043341Z  INFO mechanic_app::automation: Automation waiting: phase Playing notice None progress TerrainReadiness { resolved: 36, total: 36 } running true backlog 359 resolved 36/36
2026-09-10T09:47:34.056479Z  INFO mechanic_app::automation: Automation waiting: phase Playing notice None progress TerrainReadiness { resolved: 36, total: 36 } running true backlog 185 resolved 36/36
2026-09-10T09:47:36.060467Z  INFO mechanic_app::automation: Automation waiting: phase Playing notice None progress TerrainReadiness { resolved: 36, total: 36 } running true backlog 21 resolved 36/36
2026-09-10T09:47:38.084556Z  INFO mechanic_app::automation: Automation waiting: phase Playing notice None progress TerrainReadiness { resolved: 36, total: 36 } running true backlog 0 resolved 36/36
2026-09-10T09:47:40.093178Z  INFO mechanic_app::automation: Automation waiting: phase Playing notice None progress TerrainReadiness { resolved: 36, total: 36 } running true backlog 0 resolved 36/36
2026-09-10T09:47:42.122716Z  INFO mechanic_app::automation: Automation waiting: phase Playing notice None progress TerrainReadiness { resolved: 36, total: 36 } running true backlog 0 resolved 36/36
2026-09-10T09:47:44.147265Z  INFO mechanic_app::automation: Automation waiting: phase Playing notice None progress TerrainReadiness { resolved: 36, total: 36 } running true backlog 0 resolved 36/36
2026-09-10T09:47:46.152403Z  INFO mechanic_app::automation: Automation waiting: phase Playing notice None progress TerrainReadiness { resolved: 36, total: 36 } running true backlog 0 resolved 36/36
2026-09-10T09:47:48.168901Z  INFO mechanic_app::automation: Automation waiting: phase Playing notice None progress TerrainReadiness { resolved: 36, total: 36 } running true backlog 0 resolved 36/36
2026-09-10T09:47:50.170806Z  INFO mechanic_app::automation: Automation waiting: phase Playing notice None progress TerrainReadiness { resolved: 36, total: 36 } running true backlog 0 resolved 36/36
2026-09-10T09:47:51.332156Z  INFO mechanic_app::performance_capture: Performance capture started (replay ticks: Some(1800); wall-time capture otherwise)
2026-09-10T09:49:08.574466Z  INFO mechanic_app::automation: Automation waiting: phase Playing notice None progress TerrainReadiness { resolved: 36, total: 36 } running true backlog 732 resolved 42/42
2026-09-10T09:49:08.959838Z  INFO mechanic_app::performance_capture: Performance capture: /Users/jens/repos/mechanic/.physics-reference/replay-car-run-02/capture-1789033748921386000-77078.jsonl
2026-09-10T09:49:09.124007Z  INFO mechanic_app::automation: Automatic screenshot saved: /Users/jens/repos/mechanic/.physics-reference/replay-car-run-02/capture-1789033748921386000-77078.png
2026-09-10T09:49:09.141985Z  WARN bevy_winit::state: Skipped event Destroyed for unknown winit Window Id WindowId(521738929408)
