2026-09-07T18:24:21.057775Z  INFO bevy_render::renderer: AdapterInfo { name: "Apple M1 Pro", vendor: 0, device: 0, device_type: IntegratedGpu, device_pci_bus_id: "", driver: "", driver_info: "", backend: Metal, subgroup_min_size: 4, subgroup_max_size: 64, transient_saves_memory: true }
2026-09-07T18:24:21.108031Z  INFO bevy_pbr::cluster: GPU clustering is supported on this device.
2026-09-07T18:24:21.108090Z  INFO bevy_render::batching::gpu_preprocessing: GPU preprocessing is fully supported on this device.
2026-09-07T18:24:21.263707Z  INFO bevy_winit::system: Creating new window Mechanic — construction and simulation prototype (62v0)
2026-09-07T18:24:21.786095Z  INFO mechanic_app::automation: Automatic background capture: mechanic-auto-81a2373ed17c4ac1bdc0881960bb6ed0 (not a controlled foreground benchmark)
2026-09-07T18:25:20.887097Z  INFO mechanic_app::performance_capture: Performance capture started (60 seconds)
2026-09-07T18:25:21.422986Z  INFO bevy_render::view::window::screenshot: Screenshot saved to /private/tmp/mechanic-suspension-world-demo-incremental/driving-000.png
2026-09-07T18:25:26.367252Z  INFO bevy_render::view::window::screenshot: Screenshot saved to /private/tmp/mechanic-suspension-world-demo-incremental/driving-001.png
2026-09-07T18:25:31.479023Z  INFO bevy_render::view::window::screenshot: Screenshot saved to /private/tmp/mechanic-suspension-world-demo-incremental/driving-002.png
2026-09-07T18:25:36.613623Z  INFO bevy_render::view::window::screenshot: Screenshot saved to /private/tmp/mechanic-suspension-world-demo-incremental/driving-003.png
2026-09-07T18:25:41.570283Z  INFO bevy_render::view::window::screenshot: Screenshot saved to /private/tmp/mechanic-suspension-world-demo-incremental/driving-004.png
2026-09-07T18:25:46.543240Z  INFO bevy_render::view::window::screenshot: Screenshot saved to /private/tmp/mechanic-suspension-world-demo-incremental/driving-005.png
2026-09-07T18:25:51.586347Z  INFO bevy_render::view::window::screenshot: Screenshot saved to /private/tmp/mechanic-suspension-world-demo-incremental/driving-006.png
2026-09-07T18:25:56.674949Z  INFO bevy_render::view::window::screenshot: Screenshot saved to /private/tmp/mechanic-suspension-world-demo-incremental/driving-007.png
2026-09-07T18:26:01.687316Z  INFO bevy_render::view::window::screenshot: Screenshot saved to /private/tmp/mechanic-suspension-world-demo-incremental/driving-008.png
2026-09-07T18:26:06.749041Z  INFO bevy_render::view::window::screenshot: Screenshot saved to /private/tmp/mechanic-suspension-world-demo-incremental/driving-009.png
2026-09-07T18:26:11.727077Z  INFO bevy_render::view::window::screenshot: Screenshot saved to /private/tmp/mechanic-suspension-world-demo-incremental/driving-010.png
2026-09-07T18:26:16.795854Z  INFO bevy_render::view::window::screenshot: Screenshot saved to /private/tmp/mechanic-suspension-world-demo-incremental/driving-011.png
2026-09-07T18:26:20.990049Z  INFO mechanic_app::performance_capture: Performance capture: /private/tmp/mechanic-suspension-world-demo-incremental/capture-1788805580964420000-60260.jsonl
2026-09-07T18:26:21.275168Z  INFO mechanic_app::automation: Automatic screenshot saved: /private/tmp/mechanic-suspension-world-demo-incremental/capture-1788805580964420000-60260.png
2026-09-07T18:26:21.304537Z  WARN bevy_winit::state: Skipped event Destroyed for unknown winit Window Id WindowId(516573332736)
