   Compiling mechanic-core v0.1.0 (/Users/jens/repos/mechanic/crates/mechanic-core)
   Compiling mechanic-world v0.1.0 (/Users/jens/repos/mechanic/crates/mechanic-world)
   Compiling mechanic-physics v0.1.0 (/Users/jens/repos/mechanic/crates/mechanic-physics)
    Finished `test` profile [optimized + debuginfo] target(s) in 4.15s
     Running unittests src/lib.rs (target/debug/deps/mechanic_physics-ced37d44e4e3378f)

running 1 test
event refinement dt=1.6666666666666666e-2 elapsed=0e0 hit=TerrainSweepHit { collider: 0, node: TerrainNodeId { coordinates: BrickCoord { x: -67108864, y: -67108864, z: -67108864 }, level: 27 }, triangle: 0, fraction: 7.339449578163431e-6, separation: 0.0 }
event refinement dt=1.666654434250703e-2 elapsed=1.2232415963605718e-7 hit=TerrainSweepHit { collider: 0, node: TerrainNodeId { coordinates: BrickCoord { x: -67108864, y: -67108864, z: -67108864 }, level: 27 }, triangle: 0, fraction: 7.339395717463746e-6, separation: 0.0 }
event refinement dt=1.666642202014286e-2 elapsed=2.4464652380837293e-7 hit=TerrainSweepHit { collider: 0, node: TerrainNodeId { coordinates: BrickCoord { x: -67108864, y: -67108864, z: -67108864 }, level: 27 }, triangle: 0, fraction: 7.339234135364657e-6, separation: 0.0 }
event refinement dt=1.6666299701369455e-2 elapsed=3.6696529721299855e-7 hit=TerrainSweepHit { collider: 0, node: TerrainNodeId { coordinates: BrickCoord { x: -67108864, y: -67108864, z: -67108864 }, level: 27 }, triangle: 0, fraction: 7.3389648318663575e-6, separation: 0.0 }
event refinement dt=1.6666177387982067e-2 elapsed=4.892786845986938e-7 hit=TerrainSweepHit { collider: 0, node: TerrainNodeId { coordinates: BrickCoord { x: -67108864, y: -67108864, z: -67108864 }, level: 27 }, triangle: 0, fraction: 7.338587806968075e-6, separation: 0.0 }
event refinement dt=1.66660550817759e-2 elapsed=6.11584890766906e-7 hit=TerrainSweepHit { collider: 0, node: TerrainNodeId { coordinates: BrickCoord { x: -67108864, y: -67108864, z: -67108864 }, level: 27 }, triangle: 0, fraction: 7.3381030606695674e-6, separation: 0.0 }
event refinement dt=1.6665932784546096e-2 elapsed=7.338821205717733e-7 hit=TerrainSweepHit { collider: 0, node: TerrainNodeId { coordinates: BrickCoord { x: -67108864, y: -67108864, z: -67108864 }, level: 27 }, triangle: 0, fraction: 7.337510674454481e-6, separation: 0.0 }
event refinement dt=1.6665810498086388e-2 elapsed=8.561685802781212e-7 hit=TerrainSweepHit { collider: 0, node: TerrainNodeId { coordinates: BrickCoord { x: -67108864, y: -67108864, z: -67108864 }, level: 27 }, triangle: 0, fraction: 7.3368107298066905e-6, separation: 0.0 }
event refinement dt=1.6665688224189106e-2 elapsed=9.784424775614063e-7 hit=TerrainSweepHit { collider: 0, node: TerrainNodeId { coordinates: BrickCoord { x: -67108864, y: -67108864, z: -67108864 }, level: 27 }, triangle: 0, fraction: 7.336003145241189e-6, separation: 0.0 }
event refinement dt=1.6665565964647876e-2 elapsed=1.1007020187916667e-6 hit=TerrainSweepHit { collider: 0, node: TerrainNodeId { coordinates: BrickCoord { x: -67108864, y: -67108864, z: -67108864 }, level: 27 }, triangle: 0, fraction: 7.335088083725372e-6, separation: 0.0 }
event refinement dt=1.666544372125356e-2 elapsed=1.2229454131074945e-6 hit=TerrainSweepHit { collider: 0, node: TerrainNodeId { coordinates: BrickCoord { x: -67108864, y: -67108864, z: -67108864 }, level: 27 }, triangle: 0, fraction: 7.334065545258354e-6, separation: 0.0 }
event refinement dt=1.6665321495796966e-2 elapsed=1.3451708696999825e-6 hit=TerrainSweepHit { collider: 0, node: TerrainNodeId { coordinates: BrickCoord { x: -67108864, y: -67108864, z: -67108864 }, level: 27 }, triangle: 0, fraction: 7.332935529838875e-6, separation: 0.0 }
event refinement dt=1.6665199290068853e-2 elapsed=1.4673765978126996e-6 hit=TerrainSweepHit { collider: 0, node: TerrainNodeId { coordinates: BrickCoord { x: -67108864, y: -67108864, z: -67108864 }, level: 27 }, triangle: 0, fraction: 7.331698200434429e-6, separation: 0.0 }
event refinement dt=1.666507710585721e-2 elapsed=1.5895608094575784e-6 hit=TerrainSweepHit { collider: 0, node: TerrainNodeId { coordinates: BrickCoord { x: -67108864, y: -67108864, z: -67108864 }, level: 27 }, triangle: 0, fraction: 7.330353557043919e-6, separation: 0.0 }
event refinement dt=1.6664954944949968e-2 elapsed=1.71172171669891e-6 hit=TerrainSweepHit { collider: 0, node: TerrainNodeId { coordinates: BrickCoord { x: -67108864, y: -67108864, z: -67108864 }, level: 27 }, triangle: 0, fraction: 7.328901762634103e-6, separation: 0.0 }
event refinement dt=1.6664832809132297e-2 elapsed=1.8338575343691717e-6 hit=TerrainSweepHit { collider: 0, node: TerrainNodeId { coordinates: BrickCoord { x: -67108864, y: -67108864, z: -67108864 }, level: 27 }, triangle: 0, fraction: 7.32734281720345e-6, separation: 0.0 }
event refinement dt=1.6664710700189312e-2 elapsed=1.9559664773530635e-6 hit=TerrainSweepHit { collider: 0, node: TerrainNodeId { coordinates: BrickCoord { x: -67108864, y: -67108864, z: -67108864 }, level: 27 }, triangle: 0, fraction: 7.325676883718582e-6, separation: 0.0 }
event refinement dt=1.6664588619903362e-2 elapsed=2.078046763303298e-6 hit=TerrainSweepHit { collider: 0, node: TerrainNodeId { coordinates: BrickCoord { x: -67108864, y: -67108864, z: -67108864 }, level: 27 }, triangle: 0, fraction: 7.32390396217843e-6, separation: 0.0 }
event refinement dt=1.666446657005674e-2 elapsed=2.200096609924682e-6 hit=TerrainSweepHit { collider: 0, node: TerrainNodeId { coordinates: BrickCoord { x: -67108864, y: -67108864, z: -67108864 }, level: 27 }, triangle: 0, fraction: 7.322024215548886e-6, separation: 0.0 }
event refinement dt=1.6664344552428975e-2 elapsed=2.3221142376898423e-6 hit=TerrainSweepHit { collider: 0, node: TerrainNodeId { coordinates: BrickCoord { x: -67108864, y: -67108864, z: -67108864 }, level: 27 }, triangle: 0, fraction: 7.320037806796666e-6, separation: 0.0 }
event refinement dt=1.666422256879683e-2 elapsed=2.4440978698391083e-6 hit=TerrainSweepHit { collider: 0, node: TerrainNodeId { coordinates: BrickCoord { x: -67108864, y: -67108864, z: -67108864 }, level: 27 }, triangle: 0, fraction: 7.317944817404166e-6, separation: 0.0 }
event refinement dt=1.6664100620935644e-2 elapsed=2.5660457310225045e-6 hit=TerrainSweepHit { collider: 0, node: TerrainNodeId { coordinates: BrickCoord { x: -67108864, y: -67108864, z: -67108864 }, level: 27 }, triangle: 0, fraction: 7.315745328853114e-6, separation: 0.0 }
event refinement dt=1.666397871061937e-2 elapsed=2.6879560472996526e-6 hit=TerrainSweepHit { collider: 0, node: TerrainNodeId { coordinates: BrickCoord { x: -67108864, y: -67108864, z: -67108864 }, level: 27 }, triangle: 0, fraction: 7.313439504110031e-6, separation: 0.0 }
event refinement dt=1.666385683961917e-2 elapsed=2.8098270474975448e-6 hit=TerrainSweepHit { collider: 0, node: TerrainNodeId { coordinates: BrickCoord { x: -67108864, y: -67108864, z: -67108864 }, level: 27 }, triangle: 0, fraction: 7.311027424656216e-6, separation: 0.0 }
event refinement dt=1.6663735009704812e-2 elapsed=2.9316569618525457e-6 hit=TerrainSweepHit { collider: 0, node: TerrainNodeId { coordinates: BrickCoord { x: -67108864, y: -67108864, z: -67108864 }, level: 27 }, triangle: 0, fraction: 7.308509334942322e-6, separation: 0.0 }
event refinement dt=1.666361322264194e-2 elapsed=3.0534440247259787e-6 hit=TerrainSweepHit { collider: 0, node: TerrainNodeId { coordinates: BrickCoord { x: -67108864, y: -67108864, z: -67108864 }, level: 27 }, triangle: 0, fraction: 7.305885316449816e-6, separation: 0.0 }
event refinement dt=1.666349148019478e-2 elapsed=3.1751864718882774e-6 hit=TerrainSweepHit { collider: 0, node: TerrainNodeId { coordinates: BrickCoord { x: -67108864, y: -67108864, z: -67108864 }, level: 27 }, triangle: 0, fraction: 7.303155532144365e-6, separation: 0.0 }
event refinement dt=1.666336978412479e-2 elapsed=3.296882541876702e-6 hit=TerrainSweepHit { collider: 0, node: TerrainNodeId { coordinates: BrickCoord { x: -67108864, y: -67108864, z: -67108864 }, level: 27 }, triangle: 0, fraction: 7.300320063507306e-6, separation: 0.0 }
event refinement dt=1.666324813619203e-2 elapsed=3.41853047463739e-6 hit=TerrainSweepHit { collider: 0, node: TerrainNodeId { coordinates: BrickCoord { x: -67108864, y: -67108864, z: -67108864 }, level: 27 }, triangle: 0, fraction: 7.297379154988441e-6, separation: 0.0 }
event refinement dt=1.6663126538152426e-2 elapsed=3.540128514240838e-6 hit=TerrainSweepHit { collider: 0, node: TerrainNodeId { coordinates: BrickCoord { x: -67108864, y: -67108864, z: -67108864 }, level: 27 }, triangle: 0, fraction: 7.294332969553245e-6, separation: 0.0 }
event refinement dt=1.6663004991759142e-2 elapsed=3.6616749075239205e-6 hit=TerrainSweepHit { collider: 0, node: TerrainNodeId { coordinates: BrickCoord { x: -67108864, y: -67108864, z: -67108864 }, level: 27 }, triangle: 0, fraction: 7.291181751651393e-6, separation: 0.0 }
event refinement dt=1.666288349876122e-2 elapsed=3.7831679054475108e-6 hit=TerrainSweepHit { collider: 0, node: TerrainNodeId { coordinates: BrickCoord { x: -67108864, y: -67108864, z: -67108864 }, level: 27 }, triangle: 0, fraction: 7.287925582763677e-6, separation: 0.0 }
event refinement dt=1.6662762060906285e-2 elapsed=3.904605760380743e-6 hit=TerrainSweepHit { collider: 0, node: TerrainNodeId { coordinates: BrickCoord { x: -67108864, y: -67108864, z: -67108864 }, level: 27 }, triangle: 0, fraction: 7.284564707339352e-6, separation: 0.0 }
event refinement dt=1.666264067993785e-2 elapsed=4.025986728816415e-6 hit=TerrainSweepHit { collider: 0, node: TerrainNodeId { coordinates: BrickCoord { x: -67108864, y: -67108864, z: -67108864 }, level: 27 }, triangle: 0, fraction: 7.281099288343648e-6, separation: 0.0 }
event refinement dt=1.6662519357596654e-2 elapsed=4.147309070013036e-6 hit=TerrainSweepHit { collider: 0, node: TerrainNodeId { coordinates: BrickCoord { x: -67108864, y: -67108864, z: -67108864 }, level: 27 }, triangle: 0, fraction: 7.277529570225698e-6, separation: 0.0 }
event refinement dt=1.6662398095619313e-2 elapsed=4.268571047352404e-6 hit=TerrainSweepHit { collider: 0, node: TerrainNodeId { coordinates: BrickCoord { x: -67108864, y: -67108864, z: -67108864 }, level: 27 }, triangle: 0, fraction: 7.273855715950021e-6, separation: 0.0 }
event refinement dt=1.6662276895739684e-2 elapsed=4.389770926981659e-6 hit=TerrainSweepHit { collider: 0, node: TerrainNodeId { coordinates: BrickCoord { x: -67108864, y: -67108864, z: -67108864 }, level: 27 }, triangle: 0, fraction: 7.270077969965926e-6, separation: 0.0 }
event refinement dt=1.6662155759687495e-2 elapsed=4.5109069791708485e-6 hit=TerrainSweepHit { collider: 0, node: TerrainNodeId { coordinates: BrickCoord { x: -67108864, y: -67108864, z: -67108864 }, level: 27 }, triangle: 0, fraction: 7.2661964952378135e-6, separation: 0.0 }
event refinement dt=1.666203468918971e-2 elapsed=4.6319774769549965e-6 hit=TerrainSweepHit { collider: 0, node: TerrainNodeId { coordinates: BrickCoord { x: -67108864, y: -67108864, z: -67108864 }, level: 27 }, triangle: 0, fraction: 7.262211536214287e-6, separation: 0.0 }
event refinement dt=1.6661913685969174e-2 elapsed=4.752980697491633e-6 hit=TerrainSweepHit { collider: 0, node: TerrainNodeId { coordinates: BrickCoord { x: -67108864, y: -67108864, z: -67108864 }, level: 27 }, triangle: 0, fraction: 7.25812333734419e-6, separation: 0.0 }
event refinement dt=1.6661792751744606e-2 elapsed=4.87391492206058e-6 hit=TerrainSweepHit { collider: 0, node: TerrainNodeId { coordinates: BrickCoord { x: -67108864, y: -67108864, z: -67108864 }, level: 27 }, triangle: 0, fraction: 7.253932143076309e-6, separation: 0.0 }
event refinement dt=1.6661671888230603e-2 elapsed=4.994778436063737e-6 hit=TerrainSweepHit { collider: 0, node: TerrainNodeId { coordinates: BrickCoord { x: -67108864, y: -67108864, z: -67108864 }, level: 27 }, triangle: 0, fraction: 7.2496381978584895e-6, separation: 0.0 }
event refinement dt=1.6661551097137642e-2 elapsed=5.115569529024838e-6 hit=TerrainSweepHit { collider: 0, node: TerrainNodeId { coordinates: BrickCoord { x: -67108864, y: -67108864, z: -67108864 }, level: 27 }, triangle: 0, fraction: 7.245241746139702e-6, separation: 0.0 }
event refinement dt=1.6661430380172076e-2 elapsed=5.236286494589259e-6 hit=TerrainSweepHit { collider: 0, node: TerrainNodeId { coordinates: BrickCoord { x: -67108864, y: -67108864, z: -67108864 }, level: 27 }, triangle: 0, fraction: 7.240743032367684e-6, separation: 0.0 }
event refinement dt=1.6661309739036144e-2 elapsed=5.3569276305237696e-6 hit=TerrainSweepHit { collider: 0, node: TerrainNodeId { coordinates: BrickCoord { x: -67108864, y: -67108864, z: -67108864 }, level: 27 }, triangle: 0, fraction: 7.236142382475268e-6, separation: 0.0 }
event refinement dt=1.6661189175426593e-2 elapsed=5.477491240073957e-6 hit=TerrainSweepHit { collider: 0, node: TerrainNodeId { coordinates: BrickCoord { x: -67108864, y: -67108864, z: -67108864 }, level: 27 }, triangle: 0, fraction: 7.231439959426113e-6, separation: 0.0 }
event refinement dt=1.666106869103742e-2 elapsed=5.597975629248695e-6 hit=TerrainSweepHit { collider: 0, node: TerrainNodeId { coordinates: BrickCoord { x: -67108864, y: -67108864, z: -67108864 }, level: 27 }, triangle: 0, fraction: 7.226636089152358e-6, separation: 0.0 }
event refinement dt=1.6660948287557133e-2 elapsed=5.718379109535192e-6 hit=TerrainSweepHit { collider: 0, node: TerrainNodeId { coordinates: BrickCoord { x: -67108864, y: -67108864, z: -67108864 }, level: 27 }, triangle: 0, fraction: 7.221731016102119e-6, separation: 0.0 }
event refinement dt=1.6660827966670125e-2 elapsed=5.838699996541117e-6 hit=TerrainSweepHit { collider: 0, node: TerrainNodeId { coordinates: BrickCoord { x: -67108864, y: -67108864, z: -67108864 }, level: 27 }, triangle: 0, fraction: 7.2167250662071385e-6, separation: 0.0 }
event refinement dt=1.6660707730055315e-2 elapsed=5.95893661135195e-6 hit=TerrainSweepHit { collider: 0, node: TerrainNodeId { coordinates: BrickCoord { x: -67108864, y: -67108864, z: -67108864 }, level: 27 }, triangle: 0, fraction: 7.211618483915727e-6, separation: 0.0 }
event refinement dt=1.6660587579387494e-2 elapsed=6.079087279173135e-6 hit=TerrainSweepHit { collider: 0, node: TerrainNodeId { coordinates: BrickCoord { x: -67108864, y: -67108864, z: -67108864 }, level: 27 }, triangle: 0, fraction: 7.206411595158941e-6, separation: 0.0 }
event refinement dt=1.666046751633598e-2 elapsed=6.199150330687394e-6 hit=TerrainSweepHit { collider: 0, node: TerrainNodeId { coordinates: BrickCoord { x: -67108864, y: -67108864, z: -67108864 }, level: 27 }, triangle: 0, fraction: 7.201104644384991e-6, separation: 0.0 }
event refinement dt=1.666034754256597e-2 elapsed=6.3191241006969065e-6 hit=TerrainSweepHit { collider: 0, node: TerrainNodeId { coordinates: BrickCoord { x: -67108864, y: -67108864, z: -67108864 }, level: 27 }, triangle: 0, fraction: 7.195697957525427e-6, separation: 0.0 }
event refinement dt=1.6660227659737185e-2 elapsed=6.439006929480612e-6 hit=TerrainSweepHit { collider: 0, node: TerrainNodeId { coordinates: BrickCoord { x: -67108864, y: -67108864, z: -67108864 }, level: 27 }, triangle: 0, fraction: 7.190191860511753e-6, separation: 0.0 }
event refinement dt=1.6660107869503872e-2 elapsed=6.558797162793927e-6 hit=TerrainSweepHit { collider: 0, node: TerrainNodeId { coordinates: BrickCoord { x: -67108864, y: -67108864, z: -67108864 }, level: 27 }, triangle: 0, fraction: 7.184586679275428e-6, separation: 0.0 }
event refinement dt=1.6659988173514797e-2 elapsed=6.678493151868456e-6 hit=TerrainSweepHit { collider: 0, node: TerrainNodeId { coordinates: BrickCoord { x: -67108864, y: -67108864, z: -67108864 }, level: 27 }, triangle: 0, fraction: 7.178882658263889e-6, separation: 0.0 }
event refinement dt=1.6659868573414612e-2 elapsed=6.798093252054183e-6 hit=TerrainSweepHit { collider: 0, node: TerrainNodeId { coordinates: BrickCoord { x: -67108864, y: -67108864, z: -67108864 }, level: 27 }, triangle: 0, fraction: 7.173080204892777e-6, separation: 0.0 }
event refinement dt=1.6659749070841133e-2 elapsed=6.9175958255342585e-6 hit=TerrainSweepHit { collider: 0, node: TerrainNodeId { coordinates: BrickCoord { x: -67108864, y: -67108864, z: -67108864 }, level: 27 }, triangle: 0, fraction: 7.1671796450931265e-6, separation: 0.0 }
event refinement dt=1.66596296674267e-2 elapsed=7.03699923996715e-6 hit=TerrainSweepHit { collider: 0, node: TerrainNodeId { coordinates: BrickCoord { x: -67108864, y: -67108864, z: -67108864 }, level: 27 }, triangle: 0, fraction: 7.161181304796514e-6, separation: 0.0 }
event refinement dt=1.665951036479818e-2 elapsed=7.1563018684863595e-6 hit=TerrainSweepHit { collider: 0, node: TerrainNodeId { coordinates: BrickCoord { x: -67108864, y: -67108864, z: -67108864 }, level: 27 }, triangle: 0, fraction: 7.155085509933893e-6, separation: 0.0 }
event refinement dt=1.6659391164576966e-2 elapsed=7.2755020897001205e-6 hit=TerrainSweepHit { collider: 0, node: TerrainNodeId { coordinates: BrickCoord { x: -67108864, y: -67108864, z: -67108864 }, level: 27 }, triangle: 0, fraction: 7.148892586436464e-6, separation: 0.0 }
event refinement dt=1.6659272068378975e-2 elapsed=7.39459828769111e-6 hit=TerrainSweepHit { collider: 0, node: TerrainNodeId { coordinates: BrickCoord { x: -67108864, y: -67108864, z: -67108864 }, level: 27 }, triangle: 0, fraction: 7.142602860234807e-6, separation: 0.0 }
event refinement dt=1.665915307781465e-2 elapsed=7.513588852016144e-6 hit=TerrainSweepHit { collider: 0, node: TerrainNodeId { coordinates: BrickCoord { x: -67108864, y: -67108864, z: -67108864 }, level: 27 }, triangle: 0, fraction: 7.136216738744611e-6, separation: 0.0 }
event refinement dt=1.6659034194487603e-2 elapsed=7.632472179063353e-6 hit=TerrainSweepHit { collider: 0, node: TerrainNodeId { coordinates: BrickCoord { x: -67108864, y: -67108864, z: -67108864 }, level: 27 }, triangle: 0, fraction: 7.1297345478963825e-6, separation: 0.0 }

thread 'joint_machine::tests::terrain_ticks::first_impacts::a_near_resting_fall_locates_impact_without_tiny_prefix_exhaustion' (10705491) panicked at crates/mechanic-physics/src/joint_machine/tests/terrain_ticks/first_impacts.rs:422:9:
subdivisions=1 Err(NotConverged) JointTickDiagnostics { published: false, attempts: 1, substeps: 1, factorizations: 128, dynamics_assemblies: 448, response_preparation_solves: 0, constraint_factor_solves: 0, force_factor_solves: 256, position_factor_solves: 0, force_iterations: 128, constraint_iterations: 0, constraint_rows_prepared: 0, surface_points: 0, surface_manifolds: 0, terrain_contact_queries: 128, terrain_path_queries: 128, terrain_correction_paths: 0, terrain_path_poses: 384, terrain_envelopes: 128, terrain_certified_intervals: 128, terrain_chunk_candidates: 192, terrain_triangle_candidates: 384, terrain_path_rejections: 64, terrain_sweep_queries: 128, terrain_separation_evaluations: 128, terrain_initial_contact_evaluations: 256, terrain_linear_sweep_evaluations: 256, terrain_quadratic_sweep_evaluations: 0, terrain_velocity_evaluations: 0, terrain_impact_holds: 1, event_trials: 128, event_refinements: 64, release_refinements: 0, joint_stop_refinements: 0, last_joint_stop_coordinate: None, released_surface_points: 0, accepted_intervals: 64, accepted_seconds: 7.751246670694378e-6, impact_attempts: 0, impact_events: 0, impact_rows_prepared: 0, impact_factor_solves: 0, impact_iterations: 0, newton_attempts: 0, newton_accepts: 0, newton_applications: 0, newton_local_factorizations: 0, newton_generalized_factorizations: 0, newton_reduced_storage: 0, newton_contact_factorizations: 0, newton_contact_storage: 0, newton_line_searches: 0, residual: 2.896479941952001e-17, drive_impulses: [] }
note: run with `RUST_BACKTRACE=1` environment variable to display a backtrace
test joint_machine::tests::terrain_ticks::first_impacts::a_near_resting_fall_locates_impact_without_tiny_prefix_exhaustion ... FAILED

failures:

failures:
    joint_machine::tests::terrain_ticks::first_impacts::a_near_resting_fall_locates_impact_without_tiny_prefix_exhaustion

test result: FAILED. 0 passed; 1 failed; 0 ignored; 0 measured; 98 filtered out; finished in 0.03s

error: test failed, to rerun pass `-p mechanic-physics --lib`
