    Finished `test` profile [optimized + debuginfo] target(s) in 0.13s
     Running unittests src/lib.rs (target/debug/deps/mechanic_physics-ced37d44e4e3378f)

running 11 tests

thread 'joint_machine::tests::terrain_ticks::first_impacts::gravity_is_reintegrated_at_the_impact_time_before_restitution' (11429750) panicked at crates/mechanic-physics/src/joint_machine/tests/terrain_ticks/first_impacts.rs:232:5:
assertion failed: diagnostics.event_refinements > 1
note: run with `RUST_BACKTRACE=1` environment variable to display a backtrace
test joint_machine::tests::terrain_ticks::first_impacts::a_fast_drop_through_a_finite_hole_does_not_activate_a_ghost_surface ... ok
test joint_machine::tests::terrain_ticks::first_impacts::gravity_is_reintegrated_at_the_impact_time_before_restitution ... FAILED
test joint_machine::tests::terrain_ticks::first_impacts::exhausted_event_trials_preserve_snapshot_and_do_not_consume_an_impulse ... ok
test joint_machine::tests::terrain_ticks::first_impacts::a_rotating_cube_reaches_a_real_finite_edge_before_applying_impact ... ok
test joint_machine::tests::terrain_ticks::first_impacts::existing_floor_support_does_not_hide_a_new_finite_wall_impact ... ok
test joint_machine::tests::terrain_ticks::first_impacts::shallow_first_impact_activates_even_when_its_depth_envelope_would_pass ... ok
test joint_machine::tests::terrain_ticks::first_impacts::an_initial_touching_impact_bounces_once_then_advances_with_outgoing_velocity ... ok
test joint_machine::tests::terrain_ticks::first_impacts::released_support_can_return_and_impact_the_same_triangle_within_one_tick ... ok
test joint_machine::tests::terrain_ticks::first_impacts::a_near_resting_fall_locates_impact_without_tiny_prefix_exhaustion ... ok
test joint_machine::tests::terrain_ticks::first_impacts::cold_fast_impact_matches_analytic_bounce_and_uses_the_remaining_tick ... ok
test joint_machine::tests::terrain_ticks::first_impacts::separating_support_releases_before_gravity_reverses_its_velocity ... ok

failures:

failures:
    joint_machine::tests::terrain_ticks::first_impacts::gravity_is_reintegrated_at_the_impact_time_before_restitution

test result: FAILED. 10 passed; 1 failed; 0 ignored; 0 measured; 128 filtered out; finished in 0.00s

error: test failed, to rerun pass `-p mechanic-physics --lib`
