central 1.0 3 equation 1.0381105532836221e-07 original 0.08064861243403693
central 0.1 3 equation 2.2033614256039558e-10 original 0.00938280109066373
central 0.01 3 equation 7.913779440787971e-12 original 0.001519302583059344
central 0.001 5 equation 6.494990079076134e-12 original 0.0006119246979468391
central 0.0001 7 equation 5.0261444312083015e-15 original 0.0009329243781842777
central 1e-05 7 equation 6.707649279763528e-11 original 0.0011621635759311577
arc 0 epsilon 8.03735987638373e-06 step 0.25 iterations 3 original 0.0011692125611919898
arc 1 epsilon 5.8198999294871465e-06 step 0.375 iterations 3 original 0.0011768579776749724
arc 2 epsilon 3.822022160293117e-06 step 0.5 iterations 3 original 0.0011301896651545445
arc 3 epsilon 2.5213994676721634e-06 step 0.5 iterations 3 original 0.0007443536656696781
arc 4 epsilon 1.6661062406264795e-06 step 0.5 iterations 6 original 0.0004935246315869412
arc 5 epsilon 1.407743271499501e-06 step 0.25 iterations 4 original 0.00042217924425969614
arc 6 epsilon 1.5303573661159943e-06 step 0.1875 iterations 6 original 0.00048521264241774026
arc 7 epsilon 1.7841561258892033e-06 step 0.1875 iterations 5 original 0.0006028131364309408
arc 8 epsilon 2.1183733399320144e-06 step 0.1875 iterations 4 original 0.0007836108399878726
arc 9 epsilon 2.769830640439742e-06 step 0.28125 iterations 4 original 0.0008644312791370042
arc 10 epsilon 3.357809928409313e-06 step 0.2109375 iterations 4 original 0.000833954051604191
arc 11 epsilon 3.4236986114982312e-06 step 0.158203125 iterations 5 original 0.0010180304870552352
arc 12 epsilon 3.1919211026861187e-06 step 0.158203125 iterations 3 original 0.0008927707896993666
arc 13 epsilon 2.822760670820733e-06 step 0.2373046875 iterations 3 original 0.0007576740071876052
arc 14 epsilon 2.265117191223355e-06 step 0.35595703125 iterations 3 original 0.000592048263534054
arc 15 epsilon 1.5197566187582152e-06 step 0.5 iterations 3 original 0.00040552939465449486
arc 16 epsilon 9.63913681645352e-07 step 0.5 iterations 3 original 0.0004049858066908555
arc 17 epsilon 6.004516309521931e-07 step 0.5 iterations 4 original 0.0004060394409686816
arc 18 epsilon 3.702733035628937e-07 step 0.5 iterations 4 original 0.00035509001125167187
arc 19 epsilon 2.2664470098901605e-07 step 0.5 iterations 4 original 0.0002633636957752872
arc 20 epsilon 1.3811317000172919e-07 step 0.5 iterations 4 original 0.00019570427994674325
arc 21 epsilon 8.396419876816818e-08 step 0.5 iterations 4 original 0.00011895041116032905
arc 22 epsilon 5.098232931087663e-08 step 0.5 iterations 4 original 7.22163773701878e-05
arc 23 epsilon 3.0937398874362514e-08 step 0.5 iterations 4 original 5.869128927116219e-05
arc 24 epsilon 1.8768382797302603e-08 step 0.5 iterations 4 original 5.868269634479172e-05
arc 25 epsilon 1.1384554448327565e-08 step 0.5 iterations 4 original 5.867767871869933e-05
arc 26 epsilon 6.905299736414132e-09 step 0.5 iterations 4 original 4.175413978856965e-05
arc 27 epsilon 4.188336138106771e-09 step 0.5 iterations 4 original 2.532591707547352e-05
arc 28 epsilon 2.5404059404435165e-09 step 0.5 iterations 4 original 1.5982079974774525e-05
arc 29 epsilon 1.5409212105261482e-09 step 0.5 iterations 4 original 1.5982390442648153e-05
arc 30 epsilon 9.347588173373001e-10 step 0.5 iterations 4 original 1.5982579073425818e-05
arc 31 epsilon 5.671686288408338e-10 step 0.5 iterations 4 original 1.3299804278110727e-05
arc 32 epsilon 3.442641084644636e-10 step 0.5 iterations 4 original 1.005004054402534e-05
arc 33 epsilon 2.090570854471145e-10 step 0.5 iterations 4 original 8.447506502005597e-06
arc 34 epsilon 1.2697053419942393e-10 step 0.5 iterations 4 original 5.665402146396535e-06
arc 35 epsilon 7.709165426643157e-11 step 0.5 iterations 4 original 4.768533332451786e-06
arc 36 epsilon 4.678703786060984e-11 step 0.5 iterations 4 original 2.894054170420104e-06
arc 37 epsilon 2.8389315978395497e-11 step 0.5 iterations 4 original 2.783321585398335e-06
arc 38 epsilon 1.7228623630645903e-11 step 0.5 iterations 4 original 2.2920089708389213e-06
arc 39 epsilon 1.0462425806430168e-11 step 0.5 iterations 4 original 1.6003136944069088e-06
arc 40 epsilon 6.362893830614636e-12 step 0.5 iterations 5 original 1.4164452631915125e-06
arc 41 epsilon 3.879409851375453e-12 step 0.5 iterations 4 original 9.599115882953712e-07
arc 42 epsilon 3.0327910845102626e-12 step 0.25 iterations 4 original 7.504264139716926e-07
arc 43 epsilon 2.0983093049897847e-12 step 0.375 iterations 5 original 7.207902914529996e-07
arc 44 epsilon 1.4528156302065423e-12 step 0.375 iterations 8 original 7.06398756767594e-07
arc 45 epsilon 1.4361785800152054e-12 step 0.01171875 iterations 6 original 6.983093767459483e-07
arc 46 epsilon 1.4321687588830274e-12 step 0.0029296875 iterations 5 original 6.963596962470867e-07
arc 47 epsilon 1.4280886406298964e-12 step 0.0029296875 iterations 7 original 6.943758344117089e-07
arc 48 epsilon 1.423844418757649e-12 step 0.0029296875 iterations 2 original 6.923121776443588e-07
arc 49 epsilon 1.4179122515020241e-12 step 0.00439453125 iterations 2 original 6.89427802366066e-07
arc 50 epsilon 1.4085933689815915e-12 step 0.006591796875 iterations 4 original 6.848967088795838e-07
arc 51 epsilon 1.3949484794145296e-12 step 0.0098876953125 iterations 3 original 6.782621976430512e-07
arc 52 epsilon 1.3748971966247163e-12 step 0.01483154296875 iterations 13 original 6.685127283891987e-07
arc 53 epsilon 1.364999311684845e-12 step 0.007415771484375 iterations 4 original 6.637001128142147e-07
arc 54 epsilon 1.350006398731643e-12 step 0.0111236572265625 iterations 9 original 6.564101534106139e-07
arc 55 epsilon 1.342790733423792e-12 step 0.00556182861328125 iterations 2 original 6.529017056963035e-07
arc 56 epsilon 1.3317627789810195e-12 step 0.008342742919921875 iterations 2 original 6.475396168974016e-07
arc 57 epsilon 1.3297675059818334e-12 step 0.0015642642974853516 iterations 4 original 6.465694623528606e-07
arc 58 epsilon 1.3290425675471063e-12 step 0.0005865991115570068 iterations 2 original 6.462169788251482e-07
arc 59 epsilon 1.328466371696411e-12 step 0.0004399493336677551 iterations 1 original 6.459368168227809e-07
arc 60 epsilon 1.3275212005936447e-12 step 0.0006599240005016327 iterations 4 original 6.454772473482331e-07
arc 61 epsilon 1.3263094829476922e-12 step 0.000989886000752449 iterations 4 original 6.448880788754059e-07
arc 62 epsilon 1.324382648736944e-12 step 0.0014848290011286736 iterations 1 original 6.439512010522993e-07
arc 63 epsilon 1.3229457209269985e-12 step 0.0011136217508465052 iterations 5 original 6.432525279270045e-07
arc 64 epsilon 1.3222649424151313e-12 step 0.0005568108754232526 iterations 7 original 6.429215156415715e-07
arc 65 epsilon 1.3215391535439046e-12 step 0.0005568108754232526 iterations 1 original 6.425686181365985e-07
arc 66 epsilon 1.3214256106047972e-12 step 5.220101957092993e-05 iterations 3 original 6.425134089063926e-07
arc 67 epsilon 1.3213748589950512e-12 step 3.915076467819745e-05 iterations 0 original 6.424887316370354e-07
arc 68 epsilon 1.321310129293037e-12 step 5.872614701729617e-05 iterations 1 original 6.424572593435898e-07
arc 69 epsilon 1.3211959445665464e-12 step 8.808922052594426e-05 iterations 0 original 6.424017372648037e-07
arc 70 epsilon 1.3211103152405075e-12 step 6.606691539445819e-05 iterations 0 original 6.423601006381684e-07
arc 71 epsilon 1.3209818858347273e-12 step 9.910037309168729e-05 iterations 0 original 6.422976517780159e-07
arc 72 epsilon 1.320743770977306e-12 step 0.00014865055963753093 iterations 4 original 6.421818805197393e-07
arc 73 epsilon 1.3206715447331645e-12 step 5.57439598640741e-05 iterations 0 original 6.421467612204948e-07
arc 74 epsilon 1.320617379775446e-12 step 4.1807969898055575e-05 iterations 0 original 6.421204242236517e-07
arc 75 epsilon 1.3205361335289855e-12 step 6.271195484708336e-05 iterations 0 original 6.420809189022889e-07
arc 76 epsilon 1.3204347210613274e-12 step 9.406793227062504e-05 iterations 8 original 6.420316121007044e-07
arc 77 epsilon 1.320312870987591e-12 step 9.406793227062504e-05 iterations 0 original 6.419723625895802e-07
arc 78 epsilon 1.3202214859634745e-12 step 7.055094920296878e-05 iterations 0 original 6.419279272007206e-07
arc 79 epsilon 1.3200449020049908e-12 step 0.00010582642380445317 iterations 7 original 6.418420706340246e-07
arc 80 epsilon 1.319976376763756e-12 step 5.291321190222659e-05 iterations 0 original 6.41808750957686e-07
arc 81 epsilon 1.3199387295995275e-12 step 7.936981785333988e-05 iterations 5 original 6.417904477772707e-07
arc 82 epsilon 1.3198359554698433e-12 step 7.936981785333988e-05 iterations 0 original 6.417404742901402e-07
arc 83 epsilon 1.3197588798863956e-12 step 5.952736339000491e-05 iterations 0 original 6.417029969773e-07
arc 84 epsilon 1.3197299790058651e-12 step 2.232276127125184e-05 iterations 0 original 6.416889444392453e-07
arc 85 epsilon 1.319708302710552e-12 step 1.674207095343888e-05 iterations 0 original 6.416784047560661e-07
arc 86 epsilon 1.3196996286745902e-12 step 2.511310643015832e-05 iterations 5 original 6.416741910403089e-07
arc 87 epsilon 1.3196833718125841e-12 step 1.255655321507916e-05 iterations 0 original 6.416662864686807e-07
arc 88 epsilon 1.3196740636949063e-12 step 9.41741491130937e-06 iterations 3 original 6.416617609821265e-07
arc 89 epsilon 1.3196557747500865e-12 step 1.4126122366964055e-05 iterations 0 original 6.416528683446508e-07
arc 90 epsilon 1.3196790451413575e-12 step 1.3243239719028802e-06 iterations 1 original 6.416641833707665e-07
arc 91 epsilon 1.3196764732953333e-12 step 1.98648595785432e-06 iterations 0 original 6.416629328689566e-07
arc 92 epsilon 1.3196726154815175e-12 step 2.97972893678148e-06 iterations 0 original 6.416610570935622e-07
arc 93 epsilon 1.3196668289291783e-12 step 4.4695934051722205e-06 iterations 0 original 6.416582435102558e-07
arc 94 epsilon 1.3196581492742395e-12 step 6.704390107758331e-06 iterations 0 original 6.41654023215022e-07
arc 95 epsilon 1.319645130325793e-12 step 1.0056585161637497e-05 iterations 0 original 6.41647693021439e-07
arc 96 epsilon 1.3196353657026226e-12 step 7.542438871228123e-06 iterations 0 original 6.416429451819272e-07
arc 97 epsilon 1.319620719706463e-12 step 1.1313658306842184e-05 iterations 0 original 6.416358238656185e-07
arc 98 epsilon 1.3195987497927745e-12 step 1.6970487460263278e-05 iterations 0 original 6.416251414146308e-07
arc 99 epsilon 1.3195657955540024e-12 step 2.5455731190394916e-05 iterations 0 original 6.41609117978825e-07
arc 100 epsilon 1.3195163694407014e-12 step 3.8183596785592376e-05 iterations 0 original 6.415850852250949e-07
arc 101 epsilon 1.3195495394703241e-12 step 1.4318848794597141e-05 iterations 5 original 6.416012148641398e-07
arc 102 epsilon 1.3195310023253732e-12 step 1.4318848794597141e-05 iterations 0 original 6.415922015432616e-07
arc 103 epsilon 1.3195132212677443e-12 step 1.0739136595947855e-05 iterations 5 original 6.415835558502735e-07
arc 104 epsilon 1.3194993190995593e-12 step 1.0739136595947855e-05 iterations 0 original 6.41576796207211e-07
arc 105 epsilon 1.3194784664405366e-12 step 1.6108704893921782e-05 iterations 0 original 6.415666570043516e-07
arc 106 epsilon 1.3194706468559121e-12 step 6.040764335220668e-06 iterations 0 original 6.415628549009836e-07
arc 107 epsilon 1.3194647823270641e-12 step 4.530573251415501e-06 iterations 0 original 6.415600034032393e-07
arc 108 epsilon 1.3194427871398e-12 step 1.6989649692808128e-06 iterations 2 original 6.41549308422711e-07
arc 109 epsilon 1.3194411378479124e-12 step 1.2742237269606096e-06 iterations 0 original 6.415485064921978e-07
arc 110 epsilon 1.319434535455728e-12 step 1.9113355904409145e-06 iterations 4 original 6.415452968799686e-07
arc 111 epsilon 1.3194383002996982e-12 step 2.8670033856613715e-06 iterations 1 original 6.415471273739848e-07
arc 112 epsilon 1.3194327336682503e-12 step 4.300505078492057e-06 iterations 0 original 6.415444207225759e-07
arc 113 epsilon 1.3194243834487563e-12 step 6.450757617738086e-06 iterations 0 original 6.415403606088073e-07
arc 114 epsilon 1.3194118584905501e-12 step 9.67613642660713e-06 iterations 0 original 6.415342706088501e-07
arc 115 epsilon 1.3193930727786176e-12 step 1.4514204639910695e-05 iterations 0 original 6.415251364261355e-07
arc 116 epsilon 1.3193150780218883e-12 step 2.1771306959866043e-05 iterations 3 original 6.414872121106878e-07
arc 117 epsilon 1.3192271877560255e-12 step 3.265696043979906e-05 iterations 6 original 6.414444765805044e-07
arc 118 epsilon 1.3191849244390456e-12 step 3.265696043979906e-05 iterations 0 original 6.41423926691692e-07
arc 119 epsilon 1.319121529196231e-12 step 4.89854406596986e-05 iterations 0 original 6.413931014821163e-07
arc 120 epsilon 1.3190739855944988e-12 step 3.673908049477395e-05 iterations 0 original 6.413699840897197e-07
arc 121 epsilon 1.3190383297783969e-12 step 2.755431037108046e-05 iterations 0 original 6.413526470401034e-07
arc 122 epsilon 1.31898484540409e-12 step 4.1331465556620694e-05 iterations 0 original 6.413266409740112e-07
arc 123 epsilon 1.3189270525237059e-12 step 6.199719833493105e-05 iterations 8 original 6.412985433857377e-07
arc 124 epsilon 1.318846833335264e-12 step 6.199719833493105e-05 iterations 0 original 6.412595374758116e-07
arc 125 epsilon 1.3188167529078763e-12 step 2.3248949375599143e-05 iterations 0 original 6.4124491139739e-07
arc 126 epsilon 1.31880547296761e-12 step 8.718356015849678e-06 iterations 0 original 6.412394267641187e-07
arc 127 epsilon 1.3187665295957863e-12 step 1.6346917529718146e-06 iterations 5 original 6.41220492215201e-07
arc 128 epsilon 1.3187644146392002e-12 step 1.6346917529718146e-06 iterations 0 original 6.412194638656943e-07
arc 129 epsilon 1.318762828471541e-12 step 1.226018814728861e-06 iterations 0 original 6.412186926279228e-07
arc 130 epsilon 1.3187604491703334e-12 step 1.8390282220932913e-06 iterations 0 original 6.412175357467608e-07
arc 131 epsilon 1.3187573773996655e-12 step 2.758542333139937e-06 iterations 1 original 6.41216042177829e-07
arc 132 epsilon 1.3187547008400525e-12 step 2.0689067498549527e-06 iterations 0 original 6.412147407613333e-07
arc 133 epsilon 1.3187506860091134e-12 step 3.1033601247824293e-06 iterations 0 original 6.412127886397144e-07
arc 134 epsilon 1.3188929987836309e-12 step 4.655040187173644e-06 iterations 3 original 6.412819877267899e-07
arc 135 epsilon 1.3188839639816996e-12 step 6.982560280760466e-06 iterations 0 original 6.412775947483532e-07
arc 136 epsilon 1.3188704119244027e-12 step 1.04738404211407e-05 iterations 0 original 6.412710053402105e-07
arc 137 epsilon 1.3188500838339444e-12 step 1.571076063171105e-05 iterations 0 original 6.412611212004408e-07
arc 138 epsilon 1.3188424606987069e-12 step 5.891535236891643e-06 iterations 0 original 6.412574146166845e-07
arc 139 epsilon 1.3188367436852354e-12 step 4.418651427668732e-06 iterations 0 original 6.412546348451515e-07
arc 140 epsilon 1.31882816783706e-12 step 6.6279771415030985e-06 iterations 0 original 6.412504650239558e-07
arc 141 epsilon 1.318821736186387e-12 step 4.970982856127324e-06 iterations 0 original 6.412473377750765e-07
arc 142 epsilon 1.3188120889170463e-12 step 7.4564742841909864e-06 iterations 0 original 6.412426469965228e-07
arc 143 epsilon 1.3187976176469593e-12 step 1.118471142628648e-05 iterations 0 original 6.412356106377588e-07
arc 144 epsilon 1.3187759102960088e-12 step 1.677706713942972e-05 iterations 0 original 6.412250558538876e-07
arc 145 epsilon 1.3187038000615084e-12 step 2.5165600709144578e-05 iterations 2 original 6.411899935549825e-07
arc 146 epsilon 1.3186793829458871e-12 step 1.8874200531858435e-05 iterations 0 original 6.411781211874838e-07
arc 147 epsilon 1.3186427593350453e-12 step 2.8311300797787652e-05 iterations 0 original 6.411603135569124e-07
arc 148 epsilon 1.3185878232966222e-12 step 4.2466951196681475e-05 iterations 0 original 6.411336016234799e-07
arc 149 epsilon 1.3185082127083429e-12 step 6.37004267950222e-05 iterations 1 original 6.4109489379621e-07
arc 150 epsilon 1.3182932944474394e-12 step 9.555064019253331e-05 iterations 9 original 6.409903930258624e-07
arc 151 epsilon 1.3181756839819664e-12 step 9.555064019253331e-05 iterations 1 original 6.40933207742361e-07
arc 152 epsilon 1.318083014926166e-12 step 7.166298014439997e-05 iterations 0 original 6.408881479742579e-07
arc 153 epsilon 1.317944018450966e-12 step 0.00010749447021659996 iterations 0 original 6.408205605926203e-07
arc 154 epsilon 1.3178397833687794e-12 step 8.062085266244997e-05 iterations 0 original 6.407698766922153e-07
arc 155 epsilon 1.3176834538365142e-12 step 0.00012093127899367496 iterations 0 original 6.406938605677022e-07
arc 156 epsilon 1.3174489748489604e-12 step 0.00018139691849051244 iterations 0 original 6.405798404466957e-07
arc 157 epsilon 1.3172731398522629e-12 step 0.00013604768886788432 iterations 0 original 6.404943390475456e-07
arc 158 epsilon 1.3172072091085134e-12 step 5.101788332545662e-05 iterations 0 original 6.404622809484955e-07
arc 159 epsilon 1.3171083263959552e-12 step 7.652682498818494e-05 iterations 0 original 6.404141997142667e-07
arc 160 epsilon 1.3168663084372555e-12 step 0.0001147902374822774 iterations 3 original 6.40296552919894e-07
arc 161 epsilon 1.3167550898057721e-12 step 8.609267811170805e-05 iterations 0 original 6.402424731503302e-07
arc 162 epsilon 1.3165882876175858e-12 step 0.0001291390171675621 iterations 0 original 6.401613643096937e-07
arc 163 epsilon 1.3164632011078766e-12 step 9.685426287567157e-05 iterations 0 original 6.40100541001019e-07
arc 164 epsilon 1.316364167038244e-12 step 0.00014528139431350734 iterations 6 original 6.400523995641113e-07
arc 165 epsilon 1.316176570878715e-12 step 0.00014528139431350734 iterations 0 original 6.399611787729001e-07
arc 166 epsilon 1.3158987735204265e-12 step 0.000217922091470261 iterations 1 original 6.398261131204908e-07
arc 167 epsilon 1.3156877943638742e-12 step 0.00016344156860269575 iterations 0 original 6.397235211619437e-07
arc 168 epsilon 1.3153302940415888e-12 step 0.0002451623529040436 iterations 2 original 6.39549702156219e-07
arc 169 epsilon 1.3148781924669812e-12 step 0.0003677435293560654 iterations 4 original 6.393298787379765e-07
arc 170 epsilon 1.3141397423212876e-12 step 0.0005516152940340982 iterations 1 original 6.389708234657522e-07
arc 171 epsilon 1.3136637916521777e-12 step 0.0004137114705255736 iterations 9 original 6.387394049196277e-07
arc 172 epsilon 1.313530506759915e-12 step 0.0001034278676313934 iterations 0 original 6.386745949377774e-07
arc 173 epsilon 1.313192211699711e-12 step 0.00015514180144709011 iterations 6 original 6.385101074299128e-07
arc 174 epsilon 1.3131422437433398e-12 step 3.878545036177253e-05 iterations 0 original 6.384858112057112e-07
arc 175 epsilon 1.3131047712306757e-12 step 2.9089087771329395e-05 iterations 0 original 6.384675908038553e-07
arc 176 epsilon 1.313048562992448e-12 step 4.363363165699409e-05 iterations 0 original 6.384402602642647e-07
arc 177 epsilon 1.3130938272803239e-12 step 1.6362611871372786e-05 iterations 2 original 6.384622713373643e-07
arc 178 epsilon 1.3130385590404484e-12 step 2.454391780705918e-05 iterations 1 original 6.384353981793301e-07
arc 179 epsilon 1.313014846562012e-12 step 1.8407938355294384e-05 iterations 0 original 6.384238684315005e-07
arc 180 epsilon 1.3129792811032781e-12 step 2.7611907532941575e-05 iterations 0 original 6.384065753156543e-07
arc 181 epsilon 1.3129259308894058e-12 step 4.1417861299412366e-05 iterations 0 original 6.383806344819657e-07
arc 182 epsilon 1.3128459115434125e-12 step 6.212679194911856e-05 iterations 0 original 6.383417257413464e-07
arc 183 epsilon 1.312725891660891e-12 step 9.319018792367783e-05 iterations 0 original 6.382833661836258e-07
arc 184 epsilon 1.3125488066216093e-12 step 0.00013978528188551674 iterations 1 original 6.381972681503983e-07
arc 185 epsilon 1.3124838822740798e-12 step 0.00010483896141413755 iterations 7 original 6.381657007277673e-07
arc 186 epsilon 1.312348893290722e-12 step 0.00010483896141413755 iterations 0 original 6.381000620837664e-07
arc 187 epsilon 1.3121464417104882e-12 step 0.00015725844212120634 iterations 0 original 6.38001617094698e-07
arc 188 epsilon 1.3118428160241828e-12 step 0.0002358876631818095 iterations 0 original 6.378539690539681e-07
arc 189 epsilon 1.3113571252623961e-12 step 0.0003538314947727142 iterations 1 original 6.376178408024233e-07
arc 190 epsilon 1.3111864339368805e-12 step 0.00013268681053976781 iterations 0 original 6.375348406923256e-07
arc 191 epsilon 1.3109388696581104e-12 step 0.00019903021580965172 iterations 2 original 6.374144740755255e-07
arc 192 epsilon 1.3107469093899864e-12 step 0.0001492726618572388 iterations 0 original 6.373211310003526e-07
arc 193 epsilon 1.3106029517059275e-12 step 0.00011195449639292909 iterations 0 original 6.372511310637568e-07
arc 194 epsilon 1.310494999933102e-12 step 8.396587229469681e-05 iterations 0 original 6.371986398506542e-07
arc 195 epsilon 1.3103330881946048e-12 step 0.0001259488084420452 iterations 0 original 6.371199091502638e-07
arc 196 epsilon 1.3102116690312413e-12 step 9.44616063315339e-05 iterations 0 original 6.370608691559506e-07
arc 197 epsilon 1.3101206107677142e-12 step 7.084620474865043e-05 iterations 0 original 6.370165926443708e-07
arc 198 epsilon 1.3100523183989697e-12 step 5.3134653561487817e-05 iterations 0 original 6.369833861956797e-07
arc 199 epsilon 1.310001100635858e-12 step 3.985099017111586e-05 iterations 0 original 6.369584822571142e-07
