   Compiling derive_more-impl v2.1.1
   Compiling derive_more v2.1.1
   Compiling bevy_reflect v0.19.0 (https://github.com/bevyengine/bevy.git?tag=v0.19.0#c6f634ca)
   Compiling bevy_tasks v0.19.0 (https://github.com/bevyengine/bevy.git?tag=v0.19.0#c6f634ca)
   Compiling bevy_ecs v0.19.0 (https://github.com/bevyengine/bevy.git?tag=v0.19.0#c6f634ca)
   Compiling bevy_math v0.19.0 (https://github.com/bevyengine/bevy.git?tag=v0.19.0#c6f634ca)
   Compiling bevy_color v0.19.0 (https://github.com/bevyengine/bevy.git?tag=v0.19.0#c6f634ca)
   Compiling bevy_app v0.19.0 (https://github.com/bevyengine/bevy.git?tag=v0.19.0#c6f634ca)
   Compiling bevy_time v0.19.0 (https://github.com/bevyengine/bevy.git?tag=v0.19.0#c6f634ca)
   Compiling bevy_transform v0.19.0 (https://github.com/bevyengine/bevy.git?tag=v0.19.0#c6f634ca)
   Compiling bevy_input v0.19.0 (https://github.com/bevyengine/bevy.git?tag=v0.19.0#c6f634ca)
   Compiling bevy_diagnostic v0.19.0 (https://github.com/bevyengine/bevy.git?tag=v0.19.0#c6f634ca)
   Compiling bevy_asset v0.19.0 (https://github.com/bevyengine/bevy.git?tag=v0.19.0#c6f634ca)
   Compiling bevy_log v0.19.0 (https://github.com/bevyengine/bevy.git?tag=v0.19.0#c6f634ca)
   Compiling bevy_window v0.19.0 (https://github.com/bevyengine/bevy.git?tag=v0.19.0#c6f634ca)
   Compiling bevy_mesh v0.19.0 (https://github.com/bevyengine/bevy.git?tag=v0.19.0#c6f634ca)
   Compiling bevy_image v0.19.0 (https://github.com/bevyengine/bevy.git?tag=v0.19.0#c6f634ca)
   Compiling bevy_shader v0.19.0 (https://github.com/bevyengine/bevy.git?tag=v0.19.0#c6f634ca)
   Compiling bevy_material v0.19.0 (https://github.com/bevyengine/bevy.git?tag=v0.19.0#c6f634ca)
   Compiling bevy_camera v0.19.0 (https://github.com/bevyengine/bevy.git?tag=v0.19.0#c6f634ca)
   Compiling bevy_gizmos v0.19.0 (https://github.com/bevyengine/bevy.git?tag=v0.19.0#c6f634ca)
   Compiling bevy_light v0.19.0 (https://github.com/bevyengine/bevy.git?tag=v0.19.0#c6f634ca)
   Compiling bevy_render v0.19.0 (/Users/jens/repos/mechanic/vendor/bevy_render)
   Compiling bevy_core_pipeline v0.19.0 (/Users/jens/repos/mechanic/vendor/bevy_core_pipeline)
    Finished `test` profile [optimized + debuginfo] target(s) in 1m 58s
     Running unittests src/lib.rs (target/debug/deps/bevy_core_pipeline-70a8c9c88e68ea30)

running 1 test
test core_3d::main_opaque_pass_3d_node::partition_tests::contiguous_partitions_preserve_interleaved_draw_order ... ok

test result: ok. 1 passed; 0 failed; 0 ignored; 0 measured; 0 filtered out; finished in 0.00s

