   Compiling mechanic-physics v0.1.0 (/Users/jens/repos/mechanic/crates/mechanic-physics)
    Finished `test` profile [optimized + debuginfo] target(s) in 3.29s
     Running unittests src/lib.rs (target/debug/deps/mechanic_physics-ced37d44e4e3378f)

running 15 tests
test response::tests::cold_impact::a_loaded_near_dependent_contact_can_release_without_relaxing_any_original_row ... ok
test response::tests::cold_impact::a_wrong_inactive_contact_trial_is_discarded_without_losing_the_original_solution ... ok
test response::tests::cold_impact::bounded_drives_and_terrain_contacts_converge_together ... ok
test response::tests::cold_impact::captured_cold_car_impact_converges_without_relaxing_its_velocity_residual ... ok
test response::tests::cold_impact::captured_endpoint_impact_satisfies_all_original_contact_laws ... ok
test response::tests::cold_impact::event_resolved_car_retry_impact_satisfies_all_original_contact_laws ... ok
test response::tests::cold_impact::independent_support_transition_reference_satisfies_the_runtime_contact_laws ... ok
test response::tests::cold_impact::independently_traced_third_impact_has_a_valid_solution ... ok
test response::tests::cold_impact::later_endpoint_impact_satisfies_all_original_contact_laws ... ok
test response::tests::cold_impact::later_settling_endpoint_impact_satisfies_all_original_contact_laws ... ok
test response::tests::cold_impact::post_drive_endpoint_impact_satisfies_all_original_contact_laws ... ok
test response::tests::cold_impact::settling_endpoint_impact_satisfies_all_original_contact_laws ... ok
test response::tests::cold_impact::stalled_warm_contact_restarts_within_the_original_budget_and_proves_breakaway ... ok
test response::tests::cold_impact::support_transition_impact_satisfies_all_original_contact_laws ... FAILED
test response::tests::cold_impact::third_endpoint_impact_satisfies_all_original_contact_laws ... ok

failures:

---- response::tests::cold_impact::support_transition_impact_satisfies_all_original_contact_laws stdout ----
support transition residual=1.584422593527843e-6 iterations=256 continuation=213

thread 'response::tests::cold_impact::support_transition_impact_satisfies_all_original_contact_laws' (11545260) panicked at crates/mechanic-physics/src/response/tests/cold_impact.rs:36:5:
assertion failed: solution.converged
note: run with `RUST_BACKTRACE=1` environment variable to display a backtrace


failures:
    response::tests::cold_impact::support_transition_impact_satisfies_all_original_contact_laws

test result: FAILED. 14 passed; 1 failed; 0 ignored; 0 measured; 137 filtered out; finished in 5.59s

error: test failed, to rerun pass `-p mechanic-physics --lib`
