   Compiling mechanic-physics v0.1.0 (/Users/jens/repos/mechanic/crates/mechanic-physics)
    Finished `test` profile [optimized + debuginfo] target(s) in 3.84s
     Running unittests src/lib.rs (target/debug/deps/mechanic_physics-ced37d44e4e3378f)

running 57 tests
test response::articulated::tests::authored_car_suspension_and_branched_inertia_match_dense ... ok
test response::articulated::tests::coupled_car_contact_response_uses_tree_inverse_with_original_friction_bounds ... ok
test response::articulated::tests::independent_floating_and_fixed_components_remain_uncoupled ... ok
test response::articulated::tests::large_coaxial_chain_matches_independent_torque_balance_without_dense_storage ... ok
test response::articulated::tests::tree_com_velocities_match_dense_jacobians_in_rotated_mixed_mechanisms ... ok
test response::articulated::tests::tree_factor_rejects_invalid_poses_diagonals_and_impulses ... ok
test response::articulated::tests::tree_inverse_matches_dense_for_floating_anchored_and_reversed_joints ... ok
test response::newton::continuation::central::equations::tests::barrier_and_eliminated_disk_derivatives_match_independent_perturbations ... ok
test response::newton::continuation::central::equations::tests::drive_stop_bilateral_and_fixed_impulse_derivatives_match_perturbations ... ok
test response::newton::continuation::central::equations::tests::saturated_drive_remains_evaluable_when_its_barrier_gap_is_below_one_ulp ... ok
test response::newton::continuation::central::linear::implicit::tests::implicit_mixed_transpose_matches_every_independent_matrix_entry ... ok
test response::newton::continuation::central::linear::implicit::tests::streamed_full_rank_search_retains_only_its_fixed_128_directions ... ok
test response::newton::continuation::central::linear::implicit::tests::streamed_rank_revealing_solve_preserves_redundant_equations_and_minimum_norm ... ok
test response::newton::continuation::mixed::tests::mixed_search_reconstructs_every_original_newton_row_above_the_dense_response_boundary ... ok
test response::newton::continuation::mixed::tests::too_many_weak_rows_reject_the_search_without_allocating_a_large_contact_matrix ... ok
test response::newton::continuation::rank::tests::redundant_search_equations_use_the_minimum_norm_least_squares_direction ... ok
test response::newton::continuation::rank::tests::weak_independent_search_rows_are_kept_and_unavoidable_residual_is_not_biased_to_pivots ... ok
test response::newton::continuation::smoothing::tests::smooth_contact_derivative_matches_central_differences_through_contact_transitions ... ok
test response::newton::dense_tests::contact_newton_preserves_a_weak_direction_and_dependent_rows ... ok
test response::newton::projection::tests::analytic_point_inverse_matches_lu_and_every_original_row ... ok
test response::newton::projection::tests::analytic_point_inverse_rejects_invalid_or_unshifted_singular_systems ... ok
test response::newton::reduced::tests::recovered_reduced_direction_satisfies_every_full_newton_row ... ok
test response::newton::tests::cone_derivative_matches_differentiated_normal_tangent_and_rolling_projection ... ok
test response::newton::tests::krylov_norm_handles_large_small_and_zero_vectors_without_overflow ... ok
test response::newton::tests::local_pivoted_factor_preserves_a_nonsymmetric_response_and_singular_rows ... ok
test response::newton::tests::matrix_free_gmres_solves_a_nonsymmetric_system ... ok
test response::normal::tests::normal_basis_keeps_the_strongest_dependent_row_and_rejects_inconsistent_rows ... ok
test response::normal::tests::normal_basis_releases_a_weaker_constraint_and_preserves_momentum_response ... ok
test response::tests::cold_impact::a_loaded_near_dependent_contact_can_release_without_relaxing_any_original_row ... ok
test response::tests::cold_impact::a_wrong_inactive_contact_trial_is_discarded_without_losing_the_original_solution ... ok
test response::tests::cold_impact::bounded_drives_and_terrain_contacts_converge_together ... ok
test response::tests::cold_impact::captured_cold_car_impact_converges_without_relaxing_its_velocity_residual ... ok
test response::tests::cold_impact::captured_endpoint_impact_satisfies_all_original_contact_laws ... ok
test response::tests::cold_impact::event_resolved_car_retry_impact_satisfies_all_original_contact_laws ... ok
test response::tests::cold_impact::independent_support_transition_reference_satisfies_the_runtime_contact_laws ... ok
test response::tests::cold_impact::independently_traced_third_impact_has_a_valid_solution ... ok
test response::tests::cold_impact::later_endpoint_impact_satisfies_all_original_contact_laws ... ok
test response::tests::cold_impact::later_settling_endpoint_impact_satisfies_all_original_contact_laws ... ok
test response::tests::cold_impact::post_drive_endpoint_impact_satisfies_all_original_contact_laws ... ok
test response::tests::cold_impact::settling_endpoint_impact_satisfies_all_original_contact_laws ... ok
test response::tests::cold_impact::stalled_warm_contact_restarts_within_the_original_budget_and_proves_breakaway ... ok
test response::tests::cold_impact::support_transition_impact_satisfies_all_original_contact_laws ... FAILED
test response::tests::cold_impact::third_endpoint_impact_satisfies_all_original_contact_laws ... ok
test response::tests::contradictory_friction_bounds_are_rejected_before_projection ... ok
test response::tests::coupled_normal_iterations_do_not_falsely_trigger_static_breakaway ... ok
test response::tests::coupling_to_a_clamped_contact_cannot_falsely_converge ... ok
test response::tests::duplicate_loop_rows_preserve_response_and_inconsistent_rows_fail ... ok
test response::tests::friction_impulse_obeys_the_circular_coulomb_bound ... ok
test response::tests::impulse_at_light_wheel_accelerates_the_coupled_chassis ... ok
test response::tests::large_contact_sets_use_implicit_response_and_repeat_exactly ... ok
test response::tests::large_generalized_systems_keep_dense_and_krylov_storage_bounded ... ok
test response::tests::nearly_coincident_supports_transfer_load_to_the_outer_contact ... ok
test response::tests::rolling_resistance_obeys_the_normal_load_radius_bound_and_dissipates_spin ... ok
test response::tests::static_breakaway_reuses_response_and_cannot_pass_an_exhausted_solve ... ok
test response::tests::static_support_and_initial_sliding_use_distinct_physical_friction_limits ... ok
test response::tests::unilateral_support_cannot_pull_a_separating_body ... ok
test response::tests::warm_impulses_reuse_an_implicit_response_and_are_revalidated_for_new_targets ... ok

failures:

---- response::tests::cold_impact::support_transition_impact_satisfies_all_original_contact_laws stdout ----
support transition residual=1.584422593527843e-6 iterations=256 continuation=213

thread 'response::tests::cold_impact::support_transition_impact_satisfies_all_original_contact_laws' (11546769) panicked at crates/mechanic-physics/src/response/tests/cold_impact.rs:36:5:
assertion failed: solution.converged
note: run with `RUST_BACKTRACE=1` environment variable to display a backtrace


failures:
    response::tests::cold_impact::support_transition_impact_satisfies_all_original_contact_laws

test result: FAILED. 56 passed; 1 failed; 0 ignored; 0 measured; 95 filtered out; finished in 5.47s

error: test failed, to rerun pass `-p mechanic-physics --lib`
